******************************************************************************
                  TI ARM Linker PC v18.1.4                     
******************************************************************************
>> Linked Mon Feb 18 20:29:13 2019

OUTPUT FILE NAME:   <lab2.out>
ENTRY POINT SYMBOL: "_c_int00_noargs"  address: 00013d71


MEMORY CONFIGURATION

         name            origin    length      used     unused   attr    fill
----------------------  --------  ---------  --------  --------  ----  --------
  MAIN                  00000000   00040000  00014410  0002bbf0  R  X
  INFO                  00200000   00004000  00000000  00004000  R  X
  SRAM_CODE             01000000   00010000  000072f8  00008d08  RW X
  SRAM_DATA             20000000   00010000  000072f8  00008d08  RW  


SEGMENT ALLOCATION MAP

run origin  load origin   length   init length attrs members
----------  ----------- ---------- ----------- ----- -------
00000000    00000000    00014418   00014418    r-x
  00000000    00000000    000000e4   000000e4    r-- .intvecs
  000000e4    000000e4    000140ee   000140ee    r-x .text
  000141d4    000141d4    000001d6   000001d6    r-- .const
  000143b0    000143b0    00000068   00000068    r-- .cinit
20000000    20000000    000070f9   00000000    rw-
  20000000    20000000    00006ca3   00000000    rw- .bss
  20006ca4    20006ca4    00000455   00000000    rw- .data
2000fe00    2000fe00    00000200   00000000    rw-
  2000fe00    2000fe00    00000200   00000000    rw- .stack


SECTION ALLOCATION MAP

 output                                  attributes/
section   page    origin      length       input sections
--------  ----  ----------  ----------   ----------------
.intvecs   0    00000000    000000e4     
                  00000000    000000e4     startup_msp432p401r_ccs.obj (.intvecs:retain)

.text      0    000000e4    000140ee     
                  000000e4    0000d5e0     bmi160.obj (.text)
                  0000d6c4    00001810     bme280.obj (.text)
                  0000eed4    00000c28     bmi160_support.obj (.text)
                  0000fafc    00000a5e     rtsv7M4_T_le_v4SPD16_eabi.lib : _printfi.c.obj (.text:__TI_printfi)
                  0001055a    00000002                                   : div0.asm.obj (.text)
                  0001055c    000006d4     Threads.obj (.text)
                  00010c30    00000360     i2c_driver.obj (.text)
                  00010f90    00000334     system_msp432p401r.obj (.text)
                  000112c4    000002f8     BackChannelUart.obj (.text)
                  000115bc    000002e0     bme280_support.obj (.text)
                  0001189c    00000270     rtsv7M4_T_le_v4SPD16_eabi.lib : _printfi.c.obj (.text:_pconv_a)
                  00011b0c    00000234     tmp007.obj (.text)
                  00011d40    000001f4     G8RTOS_Scheduler.obj (.text)
                  00011f34    000001d0     rtsv7M4_T_le_v4SPD16_eabi.lib : _printfi.c.obj (.text:_pconv_g)
                  00012104    000001b6                                   : fd_add_t2.asm.obj (.text)
                  000122ba    00000002     --HOLE-- [fill = 0]
                  000122bc    00000178     Joystick.obj (.text)
                  00012434    00000140     RGBLeds.obj (.text)
                  00012574    0000013c     rtsv7M4_T_le_v4SPD16_eabi.lib : _printfi.c.obj (.text:_pconv_e)
                  000126b0    00000136                                   : fd_div_t2.asm.obj (.text)
                  000127e6    00000002     --HOLE-- [fill = 0]
                  000127e8    00000124                                   : _printfi.c.obj (.text:fcvt)
                  0001290c    00000110                                   : s_scalbn.c.obj (.text:scalbn)
                  00012a1c    00000104     msp432p4xx_driverlib.lib : cs.o (.text:CS_getDCOFrequency)
                  00012b20    000000fe     opt3001.obj (.text)
                  00012c1e    000000fc     rtsv7M4_T_le_v4SPD16_eabi.lib : fd_mul_t2.asm.obj (.text)
                  00012d1a    00000002     --HOLE-- [fill = 0]
                  00012d1c    000000e0     msp432p4xx_driverlib.lib : cs.o (.text:CS_initClockSignal)
                  00012dfc    000000dc                              : pcm.o (.text:__PCM_setPowerModeAdvanced)
                  00012ed8    000000b1     rtsv7M4_T_le_v4SPD16_eabi.lib : _printfi.c.obj (.text:_ltostr)
                  00012f89    00000003     --HOLE-- [fill = 0]
                  00012f8c    000000b0     msp432p4xx_driverlib.lib : pcm.o (.text:__PCM_setCoreVoltageLevelAdvanced)
                  0001303c    0000009c                              : cs.o (.text:CS_startHFXTWithTimeout)
                  000130d8    0000009c                              : cs.o (.text:_CSComputeCLKFrequency)
                  00013174    0000009c     rtsv7M4_T_le_v4SPD16_eabi.lib : memcpy_t2.asm.obj (.text)
                  00013210    00000096                                   : ull_div_t2.asm.obj (.text)
                  000132a6    00000002     --HOLE-- [fill = 0]
                  000132a8    00000094     msp432p4xx_driverlib.lib : uart.o (.text:UART_initModule)
                  0001333c    00000086     rtsv7M4_T_le_v4SPD16_eabi.lib : fd_cmp_t2.asm.obj (.text:__aeabi_cdcmple)
                  000133c2    00000086                                   : fd_cmp_t2.asm.obj (.text:__aeabi_cdrcmple)
                  00013448    00000084     ClockSys.obj (.text)
                  000134cc    0000007a     rtsv7M4_T_le_v4SPD16_eabi.lib : memset_t2.asm.obj (.text)
                  00013546    00000002     --HOLE-- [fill = 0]
                  00013548    00000070     msp432p4xx_driverlib.lib : cs.o (.text:_CSGetHFXTFrequency)
                  000135b8    0000006e     rtsv7M4_T_le_v4SPD16_eabi.lib : _printfi.c.obj (.text:_mcpy)
                  00013626    0000006e                                   : ll_div_t2.asm.obj (.text)
                  00013694    00000068     G8RTOS_Semaphores.obj (.text)
                  000136fc    00000068     rtsv7M4_T_le_v4SPD16_eabi.lib : copy_decompress_lzss.c.obj (.text:decompress:lzss:__TI_decompress_lzss)
                  00013764    00000064     msp432p4xx_driverlib.lib : interrupt.o (.text:Interrupt_disableInterrupt)
                  000137c8    00000064                              : interrupt.o (.text:Interrupt_enableInterrupt)
                  0001382c    00000064     rtsv7M4_T_le_v4SPD16_eabi.lib : s_frexp.c.obj (.text:frexp)
                  00013890    00000056                                   : _printfi.c.obj (.text:_pconv_f)
                  000138e6    00000054                                   : ltoa.c.obj (.text:ltoa)
                  0001393a    00000052                                   : _printfi.c.obj (.text:_ecpy)
                  0001398c    00000050     G8RTOS_SchedulerASM.obj (.text)
                  000139dc    00000050     msp432p4xx_driverlib.lib : sysctl.o (.text:SysCtl_getTLVInfo)
                  00013a2c    0000004c                              : gpio.o (.text:GPIO_setAsPeripheralModuleFunctionOutputPin)
                  00013a78    0000004c                              : cs.o (.text:_CSGetDOCFrequency)
                  00013ac4    0000004c     rtsv7M4_T_le_v4SPD16_eabi.lib : atoi.c.obj (.text:atoi)
                  00013b10    0000004c                                   : snprintf.c.obj (.text:snprintf)
                  00013b5c    00000048     msp432p4xx_driverlib.lib : gpio.o (.text:GPIO_setAsPeripheralModuleFunctionInputPin)
                  00013ba4    00000048                              : cs.o (.text:_CSGetDividerValue)
                  00013bec    00000048     rtsv7M4_T_le_v4SPD16_eabi.lib : fd_toi_t2.asm.obj (.text)
                  00013c34    00000044                                   : autoinit.c.obj (.text:__TI_auto_init_nobinit_nopinit:__TI_auto_init_nobinit_nopinit)
                  00013c78    00000044     main.obj (.text)
                  00013cbc    0000003e     msp432p4xx_driverlib.lib : i2c.o (.text:I2C_initMaster)
                  00013cfa    0000003e     rtsv7M4_T_le_v4SPD16_eabi.lib : _printfi.c.obj (.text:_fcpy)
                  00013d38    00000038     msp432p4xx_driverlib.lib : i2c.o (.text:I2C_masterSendMultiByteStart)
                  00013d70    00000038     rtsv7M4_T_le_v4SPD16_eabi.lib : boot_cortex_m.c.obj (.text:_c_int00_noargs:_c_int00_noargs)
                  00013da8    00000034     BSP.obj (.text)
                  00013ddc    00000030     msp432p4xx_driverlib.lib : i2c.o (.text:I2C_masterSendMultiByteStop)
                  00013e0c    00000030     rtsv7M4_T_le_v4SPD16_eabi.lib : snprintf.c.obj (.text:_outs)
                  00013e3c    0000002e                                   : i_tofd_t2.asm.obj (.text)
                  00013e6a    0000002c     msp432p4xx_driverlib.lib : pcm.o (.text:PCM_getCoreVoltageLevel)
                  00013e96    0000002a                              : pcm.o (.text:PCM_getPowerMode)
                  00013ec0    00000028                              : flash.o (.text:FlashCtl_setWaitState)
                  00013ee8    00000026     demo_sysctl.obj (.text)
                  00013f0e    00000002     --HOLE-- [fill = 0]
                  00013f10    00000024     msp432p4xx_driverlib.lib : cs.o (.text:CS_clearInterruptFlag)
                  00013f34    00000024                              : i2c.o (.text:I2C_masterSendMultiByteNext)
                  00013f58    00000024                              : interrupt.o (.text:Interrupt_setPriority)
                  00013f7c    00000024                              : uart.o (.text:UART_transmitData)
                  00013fa0    0000001c     rtsv7M4_T_le_v4SPD16_eabi.lib : memccpy.c.obj (.text:memccpy)
                  00013fbc    00000018     msp432p4xx_driverlib.lib : cs.o (.text:CS_getMCLK)
                  00013fd4    00000018                              : cs.o (.text:CS_getSMCLK)
                  00013fec    00000018                              : wdt_a.o (.text:WDT_A_clearTimer)
                  00014004    00000018                              : wdt_a.o (.text:WDT_A_holdTimer)
                  0001401c    00000018     rtsv7M4_T_le_v4SPD16_eabi.lib : snprintf.c.obj (.text:_outc)
                  00014034    00000018                                   : ll_mul_t2.asm.obj (.text)
                  0001404c    00000016                                   : strchr.c.obj (.text:strchr)
                  00014062    00000002     --HOLE-- [fill = 0]
                  00014064    00000014     msp432p4xx_driverlib.lib : cs.o (.text:CS_setExternalClockSourceFrequency)
                  00014078    00000014                              : i2c.o (.text:I2C_isBusBusy)
                  0001408c    00000014     rtsv7M4_T_le_v4SPD16_eabi.lib : s_copysign.c.obj (.text:copysign)
                  000140a0    00000014                                   : strlen.c.obj (.text:strlen)
                  000140b4    00000012                                   : wcslen.c.obj (.text:wcslen)
                  000140c6    00000010     msp432p4xx_driverlib.lib : i2c.o (.text:I2C_masterReceiveStart)
                  000140d6    00000002     --HOLE-- [fill = 0]
                  000140d8    00000010                              : sysctl.o (.text:SysCtl_disableNMISource)
                  000140e8    00000010                              : sysctl.o (.text:SysCtl_enableNMISource)
                  000140f8    0000000e     G8RTOS_CriticalSection.obj (.text)
                  00014106    0000000e     msp432p4xx_driverlib.lib : i2c.o (.text:I2C_clearInterruptFlag)
                  00014114    0000000e                              : i2c.o (.text:I2C_disableInterrupt)
                  00014122    0000000e     rtsv7M4_T_le_v4SPD16_eabi.lib : copy_decompress_none.c.obj (.text:decompress:none:__TI_decompress_none)
                  00014130    0000000e     startup_msp432p401r_ccs.obj (.text)
                  0001413e    0000000c     msp432p4xx_driverlib.lib : i2c.o (.text:I2C_disableModule)
                  0001414a    0000000c                              : i2c.o (.text:I2C_enableModule)
                  00014156    00000002     --HOLE-- [fill = 0]
                  00014158    0000000c                              : pcm.o (.text:PCM_getPowerState)
                  00014164    0000000c                              : sysctl.o (.text:SysCtl_getNMISourceStatus)
                  00014170    0000000c                              : uart.o (.text:UART_enableModule)
                  0001417c    0000000c     rtsv7M4_T_le_v4SPD16_eabi.lib : copy_zero_init.c.obj (.text:decompress:ZI:__TI_zero_init)
                  00014188    00000008     msp432p4xx_driverlib.lib : i2c.o (.text:I2C_enableInterrupt)
                  00014190    00000008                              : pcm.o (.text:PCM_setCoreVoltageLevel)
                  00014198    00000008                              : pcm.o (.text:PCM_setPowerMode)
                  000141a0    00000008     rtsv7M4_T_le_v4SPD16_eabi.lib : errno.c.obj (.text:__aeabi_errno_addr)
                  000141a8    00000006     msp432p4xx_driverlib.lib : cs.o (.text:CS_startHFXT)
                  000141ae    00000006                              : i2c.o (.text:I2C_getEnabledInterruptStatus)
                  000141b4    00000006                              : i2c.o (.text:I2C_getInterruptStatus)
                  000141ba    00000006                              : i2c.o (.text:I2C_masterReceiveMultiByteNext)
                  000141c0    00000006     demo_sysctl.obj (.text:SysCtlDelay)
                  000141c6    00000004     msp432p4xx_driverlib.lib : i2c.o (.text:I2C_setSlaveAddress)
                  000141ca    00000004     rtsv7M4_T_le_v4SPD16_eabi.lib : pre_init.c.obj (.text:_system_pre_init)
                  000141ce    00000004                                   : exit.c.obj (.text:abort:abort)

.const     0    000141d4    000001d6     
                  000141d4    00000101     rtsv7M4_T_le_v4SPD16_eabi.lib : ctype.c.obj (.const:.string:_ctypes_)
                  000142d5    00000003     bmi160.obj (.const:.string:INVALID_OFFSET)
                  000142d8    00000050     msp432p4xx_driverlib.lib : interrupt.o (.const:g_pulRegs)
                  00014328    00000040                              : interrupt.o (.const)
                  00014368    00000024     BackChannelUart.obj (.const:backChannelUart115200Config)
                  0001438c    0000000c     bmi160.obj (.const:yas532_version_ac_coef)
                  00014398    00000008     bmi160.obj (.const:v_calib_data$2)
                  000143a0    00000005     bme280_support.obj (.const:.string:$P$T0$1)
                  000143a5    00000005     bmi160.obj (.const:.string:v_correct_u8$1)

.cinit     0    000143b0    00000068     
                  000143b0    00000043     (.cinit..data.load) [load image, compression = lzss]
                  000143f3    00000001     --HOLE-- [fill = 0]
                  000143f4    0000000c     (__TI_handler_table)
                  00014400    00000008     (.cinit..bss.load) [load image, compression = zero_init]
                  00014408    00000010     (__TI_cinit_table)

.init_array 
*          0    00000000    00000000     UNINITIALIZED

.binit     0    00000000    00000000     

.bss       0    20000000    00006ca3     UNINITIALIZED
                  20000000    00006000     G8RTOS_Scheduler.obj (.bss:threadStacks)
                  20006000    0000036c     (.common:accel_fifo)
                  2000636c    0000036c     (.common:gyro_fifo)
                  200066d8    0000036c     (.common:mag_fifo)
                  20006a44    00000100     BackChannelUart.obj (.bss:backChannelStringBuff)
                  20006b44    00000070     bmi160.obj (.bss:yas532_data)
                  20006bb4    00000048     G8RTOS_Scheduler.obj (.bss:threadControlBlocks)
                  20006bfc    0000003c     (.common:bme280)
                  20006c38    00000014     (.common:s_bmi160)
                  20006c4c    00000010     bmi160.obj (.bss:mag_trim)
                  20006c5c    00000006     (.common:accelxyz)
                  20006c62    00000006     (.common:gyroxyz)
                  20006c68    00000004     G8RTOS_Scheduler.obj (.bss)
                  20006c6c    00000004     bme280.obj (.bss)
                  20006c70    00000004     bmi160.obj (.bss)
                  20006c74    00000004     tmp007.obj (.bss:buf)
                  20006c78    00000004     (.common:ButtonFunction)
                  20006c7c    00000004     (.common:CurrentlyRunningThread)
                  20006c80    00000004     (.common:LEDSemaphore)
                  20006c84    00000004     (.common:SystemTime)
                  20006c88    00000004     (.common:g_ui32ByteCount)
                  20006c8c    00000004     (.common:hfxtFreq)
                  20006c90    00000004     (.common:lfxtFreq)
                  20006c94    00000004     (.common:pData)
                  20006c98    00000004     (.common:sensorSemaphore)
                  20006c9c    00000003     bmi160.obj (.bss:akm_asa_data)
                  20006c9f    00000001     (.common:ui8DummyRead)
                  20006ca0    00000002     tmp007.obj (.bss)
                  20006ca2    00000001     (.common:ui8Status)

.data      0    20006ca4    00000455     UNINITIALIZED
                  20006ca4    00000400     bmi160.obj (.data:v_fifo_data_u8)
                  200070a4    00000030     msp432p4xx_driverlib.lib : gpio.o (.data:GPIO_PORT_TO_BASE)
                  200070d4    00000014     i2c_driver.obj (.data:i2cConfig)
                  200070e8    00000008     bmi160.obj (.data)
                  200070f0    00000004     rtsv7M4_T_le_v4SPD16_eabi.lib : errno.c.obj (.data)
                  200070f4    00000004     system_msp432p401r.obj (.data)
                  200070f8    00000001     i2c_driver.obj (.data)

.stack     0    2000fe00    00000200     UNINITIALIZED
                  2000fe00    00000004     rtsv7M4_T_le_v4SPD16_eabi.lib : boot_cortex_m.c.obj (.stack)
                  2000fe04    000001fc     --HOLE--

MODULE SUMMARY

       Module                        code    ro data   rw data
       ------                        ----    -------   -------
    .\
       Threads.obj                   1748    0         16     
       system_msp432p401r.obj        820     0         8      
       startup_msp432p401r_ccs.obj   14      228       0      
       main.obj                      68      0         0      
    +--+-----------------------------+-------+---------+---------+
       Total:                        2650    228       24     
                                                              
    .\BoardSupportPackage\src\
       bmi160.obj                    54752   28        7590   
       bme280.obj                    6160    0         8      
       bmi160_support.obj            3112    0         64     
       BackChannelUart.obj           760     36        512    
       i2c_driver.obj                864     0         62     
       bme280_support.obj            736     5         120    
       tmp007.obj                    564     0         12     
       Joystick.obj                  376     0         8      
       RGBLeds.obj                   320     0         0      
       opt3001.obj                   254     0         0      
       ClockSys.obj                  132     0         0      
       BSP.obj                       52      0         0      
       demo_sysctl.obj               44      0         0      
    +--+-----------------------------+-------+---------+---------+
       Total:                        68126   69        8376   
                                                              
    .\G8RTOS_Lab2\
       G8RTOS_Scheduler.obj          500     0         49320  
       G8RTOS_Semaphores.obj         104     0         0      
       G8RTOS_SchedulerASM.obj       80      0         0      
       G8RTOS_CriticalSection.obj    14      0         0      
    +--+-----------------------------+-------+---------+---------+
       Total:                        698     0         49320  
                                                              
    C:/Users/Ryan Moore/workspace_v8/BoardSupportPackage/DriverLib/msp432p4xx_driverlib.lib
       cs.o                          1166    0         16     
       pcm.o                         510     0         0      
       interrupt.o                   236     144       0      
       i2c.o                         320     0         0      
       gpio.o                        148     0         96     
       uart.o                        196     0         0      
       sysctl.o                      124     0         0      
       wdt_a.o                       48      0         0      
       flash.o                       40      0         0      
    +--+-----------------------------+-------+---------+---------+
       Total:                        2788    144       112    
                                                              
    C:\ti\ccsv8\tools\compiler\ti-cgt-arm_18.1.4.LTS\lib\rtsv7M4_T_le_v4SPD16_eabi.lib
       _printfi.c.obj                4867    0         0      
       fd_add_t2.asm.obj             438     0         0      
       fd_div_t2.asm.obj             310     0         0      
       s_scalbn.c.obj                272     0         0      
       fd_cmp_t2.asm.obj             268     0         0      
       ctype.c.obj                   0       257       0      
       fd_mul_t2.asm.obj             252     0         0      
       memcpy_t2.asm.obj             156     0         0      
       ull_div_t2.asm.obj            150     0         0      
       snprintf.c.obj                148     0         0      
       memset_t2.asm.obj             122     0         0      
       ll_div_t2.asm.obj             110     0         0      
       copy_decompress_lzss.c.obj    104     0         0      
       s_frexp.c.obj                 100     0         0      
       ltoa.c.obj                    84      0         0      
       atoi.c.obj                    76      0         0      
       fd_toi_t2.asm.obj             72      0         0      
       autoinit.c.obj                68      0         0      
       boot_cortex_m.c.obj           56      0         0      
       i_tofd_t2.asm.obj             46      0         0      
       memccpy.c.obj                 28      0         0      
       ll_mul_t2.asm.obj             24      0         0      
       strchr.c.obj                  22      0         0      
       s_copysign.c.obj              20      0         0      
       strlen.c.obj                  20      0         0      
       wcslen.c.obj                  18      0         0      
       errno.c.obj                   8       0         8      
       copy_decompress_none.c.obj    14      0         0      
       copy_zero_init.c.obj          12      0         0      
       exit.c.obj                    4       0         0      
       pre_init.c.obj                4       0         0      
       div0.asm.obj                  2       0         0      
    +--+-----------------------------+-------+---------+---------+
       Total:                        7875    257       8      
                                                              
       Stack:                        0       0         1024   
       Linker Generated:             0       103       0      
    +--+-----------------------------+-------+---------+---------+
       Grand Total:                  82137   801       58864  


LINKER GENERATED COPY TABLES

__TI_cinit_table @ 00014408 records: 2, size/record: 8, table size: 16
	.data: load addr=000143b0, load size=00000043 bytes, run addr=20006ca4, run size=00000455 bytes, compression=lzss
	.bss: load addr=00014400, load size=00000008 bytes, run addr=20000000, run size=00006ca3 bytes, compression=zero_init


LINKER GENERATED HANDLER TABLE

__TI_handler_table @ 000143f4 records: 3, size/record: 4, table size: 12
	index: 0, handler: __TI_decompress_lzss
	index: 1, handler: __TI_decompress_none
	index: 2, handler: __TI_zero_init


GLOBAL SYMBOLS: SORTED ALPHABETICALLY BY Name 

address   name                                                  
-------   ----                                                  
0001413d  ADC14_IRQHandler                                      
0001413d  AES256_IRQHandler                                     
0001175d  BME280_I2C_bus_read                                   
00011731  BME280_I2C_bus_write                                  
00011789  BME280_SPI_bus_read                                   
000117ef  BME280_SPI_bus_write                                  
0001185f  BME280_delay_msek                                     
00013da9  BSP_InitBoard                                         
00011369  BackChannelEventTrigger                               
000112e3  BackChannelInit                                       
00011381  BackChannelOpt3001PrintRaw                            
000112ff  BackChannelPrint                                      
0001134b  BackChannelPrintIntVariable                           
000113c3  BackupChannelBmi160PrintAccel                         
000113ef  BackupChannelBmi160PrintGyro                          
0001141b  BackupChannelBmi160PrintMag                           
0001139d  BackupChannelTmp007PrintRaw                           
0001413d  BusFault_Handler                                      
20006c78  ButtonFunction                                        
000141cf  C$$EXIT                                               
0001413d  COMP_E0_IRQHandler                                    
0001413d  COMP_E1_IRQHandler                                    
0001413d  CS_IRQHandler                                         
00013f11  CS_clearInterruptFlag                                 
00012a1d  CS_getDCOFrequency                                    
00013fbd  CS_getMCLK                                            
00013fd5  CS_getSMCLK                                           
00012d1d  CS_initClockSignal                                    
00014065  CS_setExternalClockSourceFrequency                    
000141a9  CS_startHFXT                                          
0001303d  CS_startHFXTWithTimeout                               
000134b7  ClockSys_GetSysFreq                                   
00013449  ClockSys_SetMaxFreq                                   
20006c7c  CurrentlyRunningThread                                
0001413d  DMA_ERR_IRQHandler                                    
0001413d  DMA_INT0_IRQHandler                                   
0001413d  DMA_INT1_IRQHandler                                   
0001413d  DMA_INT2_IRQHandler                                   
0001413d  DMA_INT3_IRQHandler                                   
0001413d  DebugMon_Handler                                      
0001413d  Default_Handler                                       
00013ee9  DelayMs                                               
0001239d  Disable_Joystick_Interrupt                            
0001413d  EUSCIA0_IRQHandler                                    
0001413d  EUSCIA1_IRQHandler                                    
0001413d  EUSCIA2_IRQHandler                                    
0001413d  EUSCIA3_IRQHandler                                    
0001413d  EUSCIB0_IRQHandler                                    
00010ec9  EUSCIB1_IRQHandler                                    
00010ec9  EUSCIB1_IRQHandler                                    
0001413d  EUSCIB2_IRQHandler                                    
0001413d  EUSCIB3_IRQHandler                                    
00014101  EndCriticalSection                                    
0001413d  FLCTL_IRQHandler                                      
0001413d  FPU_IRQHandler                                        
00013ec1  FlashCtl_setWaitState                                 
00011e27  G8RTOS_AddThread                                      
00011de1  G8RTOS_Init                                           
00013695  G8RTOS_InitSemaphore                                  
00011dfd  G8RTOS_Launch                                         
00011dc1  G8RTOS_Scheduler                                      
000136e3  G8RTOS_SignalSemaphore                                
00013991  G8RTOS_Start                                          
000136af  G8RTOS_WaitSemaphore                                  
00013b5d  GPIO_setAsPeripheralModuleFunctionInputPin            
00013a2d  GPIO_setAsPeripheralModuleFunctionOutputPin           
000123b3  GetJoystickCoordinates                                
0001413d  HardFault_Handler                                     
00014107  I2C_clearInterruptFlag                                
00014115  I2C_disableInterrupt                                  
0001413f  I2C_disableModule                                     
00014189  I2C_enableInterrupt                                   
0001414b  I2C_enableModule                                      
000141af  I2C_getEnabledInterruptStatus                         
000141b5  I2C_getInterruptStatus                                
00013cbd  I2C_initMaster                                        
00014079  I2C_isBusBusy                                         
000141bb  I2C_masterReceiveMultiByteNext                        
000140c7  I2C_masterReceiveStart                                
00013f35  I2C_masterSendMultiByteNext                           
00013d39  I2C_masterSendMultiByteStart                          
00013ddd  I2C_masterSendMultiByteStop                           
000116ff  I2C_routine                                           
000141c7  I2C_setSlaveAddress                                   
00013765  Interrupt_disableInterrupt                            
000137c9  Interrupt_enableInterrupt                             
00013f59  Interrupt_setPriority                                 
000122e9  Joystick_Init_Without_Interrupt                       
00012347  Joystick_Push_Button_Init_With_Interrupt              
20006c80  LEDSemaphore                                          
00012491  LP3943_LedModeSet                                     
0001413d  MemManage_Handler                                     
0001413d  NMI_Handler                                           
0001413d  PCM_IRQHandler                                        
00013e6b  PCM_getCoreVoltageLevel                               
00013e97  PCM_getPowerMode                                      
00014159  PCM_getPowerState                                     
00014191  PCM_setCoreVoltageLevel                               
00014199  PCM_setPowerMode                                      
0001413d  PORT1_IRQHandler                                      
0001413d  PORT2_IRQHandler                                      
0001413d  PORT3_IRQHandler                                      
0001413d  PORT4_IRQHandler                                      
0001413d  PORT5_IRQHandler                                      
0001413d  PORT6_IRQHandler                                      
0001413d  PSS_IRQHandler                                        
000139b1  PendSV_Handler                                        
000139b1  PendSV_Handler                                        
0001413d  RTC_C_IRQHandler                                      
00014131  Reset_Handler                                         
0001171b  SPI_routine                                           
0001413d  SVC_Handler                                           
000140f9  StartCriticalSection                                  
000141c1  SysCtlDelay                                           
000140d9  SysCtl_disableNMISource                               
000140e9  SysCtl_enableNMISource                                
00014165  SysCtl_getNMISourceStatus                             
000139dd  SysCtl_getTLVInfo                                     
00011dcd  SysTick_Handler                                       
00011dcd  SysTick_Handler                                       
200070f4  SystemCoreClock                                       
00010f91  SystemCoreClockUpdate                                 
00011209  SystemInit                                            
20006c84  SystemTime                                            
0001413d  T32_INT1_IRQHandler                                   
0001413d  T32_INT2_IRQHandler                                   
0001413d  T32_INTC_IRQHandler                                   
0001413d  TA0_0_IRQHandler                                      
0001413d  TA0_N_IRQHandler                                      
0001413d  TA1_0_IRQHandler                                      
0001413d  TA1_N_IRQHandler                                      
0001413d  TA2_0_IRQHandler                                      
0001413d  TA2_N_IRQHandler                                      
0001413d  TA3_0_IRQHandler                                      
0001413d  TA3_N_IRQHandler                                      
0001055d  Thread0                                               
00010785  Thread1                                               
000109f9  Thread2                                               
00014171  UART_enableModule                                     
000132a9  UART_initModule                                       
00013f7d  UART_transmitData                                     
0001413d  UsageFault_Handler                                    
200070e8  V_bmm150_maual_auto_condition_u8                      
200070ec  V_fifo_time_U32                                       
4000480c  WDTCTL_SYM                                            
0001413d  WDT_A_IRQHandler                                      
00013fed  WDT_A_clearTimer                                      
00014005  WDT_A_holdTimer                                       
20010000  __STACK_END                                           
00000200  __STACK_SIZE                                          
00014408  __TI_CINIT_Base                                       
00014418  __TI_CINIT_Limit                                      
000143f4  __TI_Handler_Table_Base                               
00014400  __TI_Handler_Table_Limit                              
00013c35  __TI_auto_init_nobinit_nopinit                        
000136fd  __TI_decompress_lzss                                  
00014123  __TI_decompress_none                                  
ffffffff  __TI_pprof_out_hndl                                   
0000fafd  __TI_printfi                                          
ffffffff  __TI_prof_data_size                                   
ffffffff  __TI_prof_data_start                                  
00000000  __TI_static_base__                                    
0001417d  __TI_zero_init                                        
0001333d  __aeabi_cdcmpeq                                       
0001333d  __aeabi_cdcmple                                       
000133c3  __aeabi_cdrcmple                                      
00013bed  __aeabi_d2iz                                          
0001210f  __aeabi_dadd                                          
000126b1  __aeabi_ddiv                                          
00012c1f  __aeabi_dmul                                          
00012105  __aeabi_dsub                                          
000141a1  __aeabi_errno_addr                                    
00013e3d  __aeabi_i2d                                           
0001055b  __aeabi_idiv0                                         
0001055b  __aeabi_ldiv0                                         
00013627  __aeabi_ldivmod                                       
00014035  __aeabi_lmul                                          
000134cd  __aeabi_memclr                                        
000134cd  __aeabi_memclr4                                       
000134cd  __aeabi_memclr8                                       
00013175  __aeabi_memcpy                                        
00013175  __aeabi_memcpy4                                       
00013175  __aeabi_memcpy8                                       
000134cf  __aeabi_memset                                        
000134cf  __aeabi_memset4                                       
000134cf  __aeabi_memset8                                       
00013211  __aeabi_uldivmod                                      
ffffffff  __binit__                                             
ffffffff  __c_args__                                            
UNDEFED   __mpu_init                                            
2000fe00  __stack                                               
00013d71  _c_int00_noargs                                       
000141d4  _ctypes_                                              
UNDEFED   _system_post_cinit                                    
000141cb  _system_pre_init                                      
000141cf  abort                                                 
20006000  accel_fifo                                            
20006c5c  accelxyz                                              
00013ac5  atoi                                                  
ffffffff  binit                                                 
20006bfc  bme280                                                
0000da03  bme280_compensate_humidity_int32                      
0000dab9  bme280_compensate_humidity_int32_sixteen_bit_output   
0000d87d  bme280_compensate_pressure_int32                      
0000ec41  bme280_compensate_pressure_int64                      
0000ee43  bme280_compensate_pressure_int64_twentyfour_bit_output
0000d77b  bme280_compensate_temperature_int32                   
0000d7f3  bme280_compensate_temperature_int32_sixteen_bit_output
0000ee5d  bme280_compute_wait_time                              
000115bd  bme280_data_readout_template                          
0000dbd3  bme280_get_calib_param                                
0000e693  bme280_get_filter                                     
0000e9f7  bme280_get_forced_uncomp_pressure_temperature_humidity
0000e0ef  bme280_get_oversamp_humidity                          
0000df37  bme280_get_oversamp_pressure                          
0000dd75  bme280_get_oversamp_temperature                       
0000e2dd  bme280_get_power_mode                                 
0000e4e5  bme280_get_spi3                                       
0000e847  bme280_get_standby_durn                               
0000d6c5  bme280_init                                           
000116a9  bme280_initialize_sensor                              
0000db73  bme280_read_pressure_temperature_humidity             
0000ebfb  bme280_read_register                                  
0000d9ad  bme280_read_uncomp_humidity                           
0000d81d  bme280_read_uncomp_pressure                           
0000dae1  bme280_read_uncomp_pressure_temperature_humidity      
0000d71b  bme280_read_uncomp_temperature                        
0000e6e3  bme280_set_filter                                     
0000e149  bme280_set_oversamp_humidity                          
0000df93  bme280_set_oversamp_pressure                          
0000ddd1  bme280_set_oversamp_temperature                       
0000e32b  bme280_set_power_mode                                 
0000e4a5  bme280_set_soft_rst                                   
0000e533  bme280_set_spi3                                       
0000e897  bme280_set_standby_durn                               
0000ebb5  bme280_write_register                                 
00007511  bmi160_accel_foc_trigger_xyz                          
0000ac11  bmi160_bmm150_mag_compensate_X                        
0000acbb  bmi160_bmm150_mag_compensate_Y                        
0000ad65  bmi160_bmm150_mag_compensate_Z                        
0000abb5  bmi160_bmm150_mag_compensate_xyz                      
0000ae05  bmi160_bmm150_mag_interface_init                      
0000b2a7  bmi160_bmm150_mag_set_power_mode                      
0000b0b1  bmi160_bmm150_mag_wakeup                              
0000c00d  bmi160_bst_akm_compensate_X                           
0000c03f  bmi160_bst_akm_compensate_Y                           
0000c071  bmi160_bst_akm_compensate_Z                           
0000c0a3  bmi160_bst_akm_compensate_xyz                         
0000bc05  bmi160_bst_akm_mag_interface_init                     
0000c0f1  bmi160_bst_akm_set_powermode                          
0000caa1  bmi160_bst_yamaha_yas532_calib_values                 
0000c47b  bmi160_bst_yamaha_yas532_mag_interface_init           
0000d4e1  bmi160_bst_yas532_acquisition_command_register        
0000c911  bmi160_bst_yas532_magnetic_measure_set_offset         
0000d069  bmi160_bst_yas532_measurement_xyz_data                
0000cef5  bmi160_bst_yas532_normal_measurement_data             
0000c7b1  bmi160_bst_yas532_set_initial_values                  
0000d5a5  bmi160_bst_yas532_set_offset                          
0000ce59  bmi160_bst_yas532_xy1y2_to_linear                     
000095c1  bmi160_clear_step_counter                             
0000ef11  bmi160_config_running_mode                            
0000fac1  bmi160_delay_ms                                       
00001805  bmi160_fifo_data                                      
000017a5  bmi160_fifo_length                                    
0000191d  bmi160_get_accel_bw                                   
00000e21  bmi160_get_accel_data_rdy                             
000021f7  bmi160_get_accel_fifo_filter_data                     
000086ab  bmi160_get_accel_offset_compensation_xaxis            
00008791  bmi160_get_accel_offset_compensation_yaxis            
0000887b  bmi160_get_accel_offset_compensation_zaxis            
00008edb  bmi160_get_accel_offset_enable                        
0000183f  bmi160_get_accel_output_data_rate                     
00000481  bmi160_get_accel_power_mode_stat                      
00001ad9  bmi160_get_accel_range                                
0000829d  bmi160_get_accel_selftest_amp                         
000080e7  bmi160_get_accel_selftest_axis                        
000081bf  bmi160_get_accel_selftest_sign                        
000019ff  bmi160_get_accel_under_sampling_parameter             
00000d85  bmi160_get_data_rdy_mag                               
000002b5  bmi160_get_drop_cmd_err                               
00000219  bmi160_get_err_code                                   
00000351  bmi160_get_error_status                               
000001cd  bmi160_get_fatal_err                                  
000028a5  bmi160_get_fifo_accel_enable                          
0000212f  bmi160_get_fifo_down_accel                            
00001f87  bmi160_get_fifo_down_gyro                             
00002985  bmi160_get_fifo_gyro_enable                           
000026f1  bmi160_get_fifo_header_enable                         
000027cb  bmi160_get_fifo_mag_enable                            
0000235f  bmi160_get_fifo_stop_on_full                          
000025ff  bmi160_get_fifo_tag_intr1_enable                      
00002511  bmi160_get_fifo_tag_intr2_enable                      
00002437  bmi160_get_fifo_time_enable                           
000022d1  bmi160_get_fifo_wm                                    
000070db  bmi160_get_foc_accel_x                                
00007001  bmi160_get_foc_accel_y                                
00006f3b  bmi160_get_foc_accel_z                                
0000775b  bmi160_get_foc_gyro_enable                            
00000ce5  bmi160_get_foc_rdy                                    
00001ce5  bmi160_get_gyro_bw                                    
00000dd3  bmi160_get_gyro_data_rdy                              
00002055  bmi160_get_gyro_fifo_filter_data                      
00008961  bmi160_get_gyro_offset_compensation_xaxis             
00008b31  bmi160_get_gyro_offset_compensation_yaxis             
00008d09  bmi160_get_gyro_offset_compensation_zaxis             
00008fab  bmi160_get_gyro_offset_enable                         
00001bc9  bmi160_get_gyro_output_data_rate                      
00000433  bmi160_get_gyro_power_mode_stat                       
00001dbf  bmi160_get_gyro_range                                 
00000c49  bmi160_get_gyro_selftest                              
00008377  bmi160_get_gyro_selftest_start                        
00007f33  bmi160_get_gyro_sleep_state                           
00007d7b  bmi160_get_gyro_sleep_trigger                         
0000800d  bmi160_get_gyro_wakeup_intr                           
00007e53  bmi160_get_gyro_wakeup_trigger                        
00002a5f  bmi160_get_i2c_device_addr                            
00000267  bmi160_get_i2c_fail_err                               
00007bc7  bmi160_get_i2c_wdt_enable                             
00007ae7  bmi160_get_i2c_wdt_select                             
00007ca1  bmi160_get_if_mode                                    
000041f3  bmi160_get_input_enable                               
000046ed  bmi160_get_intr_any_motion                            
00005dbf  bmi160_get_intr_any_motion_durn                       
00005f53  bmi160_get_intr_any_motion_thres                      
00005519  bmi160_get_intr_data_rdy                              
00004a31  bmi160_get_intr_double_tap                            
00003ae5  bmi160_get_intr_edge_ctrl                             
00002f23  bmi160_get_intr_enable_0                              
00003393  bmi160_get_intr_enable_1                              
000037fb  bmi160_get_intr_enable_2                              
000051fd  bmi160_get_intr_fifo_full                             
00005389  bmi160_get_intr_fifo_wm                               
00004ee1  bmi160_get_intr_flat                                  
00006d83  bmi160_get_intr_flat_hold                             
00006e63  bmi160_get_intr_flat_hyst                             
00006cab  bmi160_get_intr_flat_theta                            
00004561  bmi160_get_intr_high_g                                
00005cb3  bmi160_get_intr_high_g_durn                           
00005beb  bmi160_get_intr_high_g_hyst                           
00005d39  bmi160_get_intr_high_g_thres                          
00003c6d  bmi160_get_intr_level                                 
0000437f  bmi160_get_intr_low_g                                 
00005937  bmi160_get_intr_low_g_durn                            
00005a43  bmi160_get_intr_low_g_hyst                            
00005b11  bmi160_get_intr_low_g_mode                            
000059bd  bmi160_get_intr_low_g_thres                           
0000577f  bmi160_get_intr_low_high_source                       
0000585d  bmi160_get_intr_motion_source                         
000048a5  bmi160_get_intr_nomotion                              
00004d4f  bmi160_get_intr_orient                                
00006bd1  bmi160_get_intr_orient_axes_enable                    
00006879  bmi160_get_intr_orient_blocking                       
00006953  bmi160_get_intr_orient_hyst                           
0000679b  bmi160_get_intr_orient_mode                           
00006a1b  bmi160_get_intr_orient_theta                          
00006af3  bmi160_get_intr_orient_ud_enable                      
00003dff  bmi160_get_intr_output_type                           
0000506d  bmi160_get_intr_pmu_trig                              
000062f1  bmi160_get_intr_significant_motion_proof              
0000613d  bmi160_get_intr_significant_motion_select             
00006217  bmi160_get_intr_significant_motion_skip               
00004bc3  bmi160_get_intr_single_tap                            
00005e8b  bmi160_get_intr_slow_no_motion_durn                   
0000605f  bmi160_get_intr_slow_no_motion_select                 
00005fd9  bmi160_get_intr_slow_no_motion_thres                  
000063cb  bmi160_get_intr_tap_durn                              
000065fb  bmi160_get_intr_tap_quiet                             
00006521  bmi160_get_intr_tap_shock                             
000056a5  bmi160_get_intr_tap_source                            
000066d5  bmi160_get_intr_tap_thres                             
0000411b  bmi160_get_latch_intr                                 
00002b27  bmi160_get_mag_burst                                  
00000303  bmi160_get_mag_dada_rdy_err                           
00002cb9  bmi160_get_mag_manual_enable                          
00000c97  bmi160_get_mag_manual_operation_stat                  
00002bed  bmi160_get_mag_offset                                 
00001e97  bmi160_get_mag_output_data_rate                       
000003e1  bmi160_get_mag_power_mode_stat                        
00002d91  bmi160_get_mag_read_addr                              
00002e17  bmi160_get_mag_write_addr                             
00002e9d  bmi160_get_mag_write_data                             
000085e3  bmi160_get_nvm_counter                                
00007935  bmi160_get_nvm_prog_enable                            
00000d33  bmi160_get_nvm_rdy                                    
00003f8b  bmi160_get_output_enable                              
00009701  bmi160_get_paging_enable                              
0000d6ab  bmi160_get_ptr                                        
000097db  bmi160_get_pullup_configuration                       
00000bed  bmi160_get_sensor_time                                
00008517  bmi160_get_spare0_trim                                
00007a0f  bmi160_get_spi3                                       
00008451  bmi160_get_spi_enable                                 
00000f09  bmi160_get_stat0_any_motion_intr                      
00000fa5  bmi160_get_stat0_double_tap_intr                      
00001095  bmi160_get_stat0_flat_intr                            
00001041  bmi160_get_stat0_orient_intr                          
00000f57  bmi160_get_stat0_pmu_trigger_intr                     
00000ebb  bmi160_get_stat0_significant_intr                     
00000ff3  bmi160_get_stat0_single_tap_intr                      
00000e6f  bmi160_get_stat0_step_intr                            
0000117f  bmi160_get_stat1_data_rdy_intr                        
000011cd  bmi160_get_stat1_fifo_full_intr                       
0000121b  bmi160_get_stat1_fifo_wm_intr                         
000010e3  bmi160_get_stat1_high_g_intr                          
00001131  bmi160_get_stat1_low_g_intr                           
00001269  bmi160_get_stat1_nomotion_intr                        
000012b7  bmi160_get_stat2_any_motion_first_x                   
00001303  bmi160_get_stat2_any_motion_first_y                   
00001351  bmi160_get_stat2_any_motion_first_z                   
000013a5  bmi160_get_stat2_any_motion_sign                      
000013f3  bmi160_get_stat2_tap_first_x                          
00001441  bmi160_get_stat2_tap_first_y                          
0000148f  bmi160_get_stat2_tap_first_z                          
000014dd  bmi160_get_stat2_tap_sign                             
00001703  bmi160_get_stat3_flat                                 
0000152b  bmi160_get_stat3_high_g_first_x                       
00001577  bmi160_get_stat3_high_g_first_y                       
000015c5  bmi160_get_stat3_high_g_first_z                       
00001613  bmi160_get_stat3_high_g_sign                          
00001661  bmi160_get_stat3_orient_xy                            
000016b5  bmi160_get_stat3_orient_z                             
000090c7  bmi160_get_step_config                                
00009299  bmi160_get_step_counter_enable                        
00003a15  bmi160_get_step_detector_enable                       
00009627  bmi160_get_target_page                                
00001751  bmi160_get_temp                                       
0000fa27  bmi160_i2c_burst_read                                 
0000f9fb  bmi160_i2c_bus_read                                   
0000fa59  bmi160_i2c_bus_write                                  
000000e5  bmi160_init                                           
0000eed5  bmi160_initialize_sensor                              
0000f949  bmi160_interrupt_configuration                        
000093f1  bmi160_map_significant_motion_intr                    
000094d9  bmi160_map_step_detector_intr                         
00000a7d  bmi160_read_accel_x                                   
00000b79  bmi160_read_accel_xyz                                 
00000ad1  bmi160_read_accel_y                                   
00000b25  bmi160_read_accel_z                                   
0000b761  bmi160_read_bmm150_mag_trim                           
0000bf25  bmi160_read_bst_akm_sensitivity_data                  
000098b9  bmi160_read_fifo_header_data                          
0000a289  bmi160_read_fifo_headerless_mode                      
00000909  bmi160_read_gyro_x                                    
00000a05  bmi160_read_gyro_xyz                                  
0000095d  bmi160_read_gyro_y                                    
000009b1  bmi160_read_gyro_z                                    
000006d9  bmi160_read_mag_r                                     
000004cf  bmi160_read_mag_x                                     
00000743  bmi160_read_mag_xyz                                   
0000084d  bmi160_read_mag_xyzr                                  
0000057d  bmi160_read_mag_y                                     
0000062b  bmi160_read_mag_z                                     
00000189  bmi160_read_reg                                       
00009073  bmi160_read_step_count                                
0000196b  bmi160_set_accel_bw                                   
00002245  bmi160_set_accel_fifo_filter_data                     
000071b9  bmi160_set_accel_foc_trigger                          
000086f7  bmi160_set_accel_offset_compensation_xaxis            
000087dd  bmi160_set_accel_offset_compensation_yaxis            
000088c7  bmi160_set_accel_offset_compensation_zaxis            
00008f29  bmi160_set_accel_offset_enable                        
0000188b  bmi160_set_accel_output_data_rate                     
00001b25  bmi160_set_accel_range                                
000082eb  bmi160_set_accel_selftest_amp                         
00008133  bmi160_set_accel_selftest_axis                        
00008211  bmi160_set_accel_selftest_sign                        
00001a4d  bmi160_set_accel_under_sampling_parameter             
0000b181  bmi160_set_bmm150_mag_and_secondary_if_power_mode     
0000b405  bmi160_set_bmm150_mag_presetmode                      
0000c315  bmi160_set_bst_akm_and_secondary_if_powermode         
000095ed  bmi160_set_command_register                           
000028f3  bmi160_set_fifo_accel_enable                          
0000217d  bmi160_set_fifo_down_accel                            
00001fd3  bmi160_set_fifo_down_gyro                             
000029d3  bmi160_set_fifo_gyro_enable                           
0000273f  bmi160_set_fifo_header_enable                         
00002819  bmi160_set_fifo_mag_enable                            
000023ab  bmi160_set_fifo_stop_on_full                          
00002651  bmi160_set_fifo_tag_intr1_enable                      
0000255f  bmi160_set_fifo_tag_intr2_enable                      
00002485  bmi160_set_fifo_time_enable                           
00002325  bmi160_set_fifo_wm                                    
00007129  bmi160_set_foc_accel_x                                
0000704f  bmi160_set_foc_accel_y                                
00006f87  bmi160_set_foc_accel_z                                
000077a9  bmi160_set_foc_gyro_enable                            
00001d33  bmi160_set_gyro_bw                                    
000020a3  bmi160_set_gyro_fifo_filter_data                      
00008a15  bmi160_set_gyro_offset_compensation_xaxis             
00008bed  bmi160_set_gyro_offset_compensation_yaxis             
00008dbf  bmi160_set_gyro_offset_compensation_zaxis             
00008ff9  bmi160_set_gyro_offset_enable                         
00001c15  bmi160_set_gyro_output_data_rate                      
00001e0b  bmi160_set_gyro_range                                 
000083c5  bmi160_set_gyro_selftest_start                        
00007f81  bmi160_set_gyro_sleep_state                           
00007dc7  bmi160_set_gyro_sleep_trigger                         
0000805b  bmi160_set_gyro_wakeup_intr                           
00007ea1  bmi160_set_gyro_wakeup_trigger                        
00002aad  bmi160_set_i2c_device_addr                            
00007c15  bmi160_set_i2c_wdt_enable                             
00007b35  bmi160_set_i2c_wdt_select                             
00007cef  bmi160_set_if_mode                                    
0000428d  bmi160_set_input_enable                               
00004787  bmi160_set_intr_any_motion                            
00005e0b  bmi160_set_intr_any_motion_durn                       
00005f9f  bmi160_set_intr_any_motion_thres                      
000055b3  bmi160_set_intr_data_rdy                              
00004acb  bmi160_set_intr_double_tap                            
00003b7b  bmi160_set_intr_edge_ctrl                             
000030b9  bmi160_set_intr_enable_0                              
00003521  bmi160_set_intr_enable_1                              
000038c3  bmi160_set_intr_enable_2                              
00005297  bmi160_set_intr_fifo_full                             
00005423  bmi160_set_intr_fifo_wm                               
00004f7b  bmi160_set_intr_flat                                  
00006dd1  bmi160_set_intr_flat_hold                             
00006eaf  bmi160_set_intr_flat_hyst                             
00006cf7  bmi160_set_intr_flat_theta                            
000045fb  bmi160_set_intr_high_g                                
00005cff  bmi160_set_intr_high_g_durn                           
00005c39  bmi160_set_intr_high_g_hyst                           
00005d85  bmi160_set_intr_high_g_thres                          
00003d07  bmi160_set_intr_level                                 
00004413  bmi160_set_intr_low_g                                 
00005983  bmi160_set_intr_low_g_durn                            
00005a8f  bmi160_set_intr_low_g_hyst                            
00005b5f  bmi160_set_intr_low_g_mode                            
00005a09  bmi160_set_intr_low_g_thres                           
000057d1  bmi160_set_intr_low_high_source                       
000058ab  bmi160_set_intr_motion_source                         
0000493f  bmi160_set_intr_nomotion                              
00004de9  bmi160_set_intr_orient                                
00006c1f  bmi160_set_intr_orient_axes_enable                    
000068c7  bmi160_set_intr_orient_blocking                       
000069a1  bmi160_set_intr_orient_hyst                           
000067ed  bmi160_set_intr_orient_mode                           
00006a67  bmi160_set_intr_orient_theta                          
00006b45  bmi160_set_intr_orient_ud_enable                      
00003e99  bmi160_set_intr_output_type                           
00005103  bmi160_set_intr_pmu_trig                              
0000633f  bmi160_set_intr_significant_motion_proof              
0000618b  bmi160_set_intr_significant_motion_select             
00006265  bmi160_set_intr_significant_motion_skip               
00004c5d  bmi160_set_intr_single_tap                            
00005ed9  bmi160_set_intr_slow_no_motion_durn                   
000060ab  bmi160_set_intr_slow_no_motion_select                 
00006025  bmi160_set_intr_slow_no_motion_thres                  
00006417  bmi160_set_intr_tap_durn                              
00006649  bmi160_set_intr_tap_quiet                             
0000656f  bmi160_set_intr_tap_shock                             
000056f3  bmi160_set_intr_tap_source                            
00006721  bmi160_set_intr_tap_thres                             
00004167  bmi160_set_latch_intr                                 
00002b73  bmi160_set_mag_burst                                  
00002d07  bmi160_set_mag_manual_enable                          
00002c3b  bmi160_set_mag_offset                                 
00001ee3  bmi160_set_mag_output_data_rate                       
00002ddd  bmi160_set_mag_read_addr                              
00002e63  bmi160_set_mag_write_addr                             
00002ee9  bmi160_set_mag_write_data                             
00008631  bmi160_set_nvm_counter                                
00007983  bmi160_set_nvm_prog_enable                            
00004025  bmi160_set_output_enable                              
0000974f  bmi160_set_paging_enable                              
00009829  bmi160_set_pullup_configuration                       
00008569  bmi160_set_spare0_trim                                
00007a5b  bmi160_set_spi3                                       
0000849d  bmi160_set_spi_enable                                 
00009185  bmi160_set_step_config                                
000092e7  bmi160_set_step_counter_enable                        
00003a6b  bmi160_set_step_detector_enable                       
00009373  bmi160_set_step_mode                                  
00009675  bmi160_set_target_page                                
0000fa85  bmi160_spi_bus_read                                   
0000faa3  bmi160_spi_bus_write                                  
00000145  bmi160_write_reg                                      
200070f8  burstMode                                             
0001408d  copysign                                              
0001408d  copysignl                                             
200070f0  errno                                                 
0001382d  frexp                                                 
0001382d  frexpl                                                
20006c88  g_ui32ByteCount                                       
2000636c  gyro_fifo                                             
20006c62  gyroxyz                                               
200070d4  i2cConfig                                             
0000f9c3  i2c_routine                                           
00010c6f  initI2C                                               
00012435  init_RGBLEDS                                          
00000000  interruptVectors                                      
0001290d  ldexp                                                 
0001290d  ldexpl                                                
000138e7  ltoa                                                  
200066d8  mag_fifo                                              
00013c79  main                                                  
00013fa1  memccpy                                               
00013175  memcpy                                                
000134d5  memset                                                
20006c94  pData                                                 
00010df1  readBurstI2C                                          
00010d23  readI2C                                               
20006c38  s_bmi160                                              
0001290d  scalbn                                                
0001290d  scalbnl                                               
00012b2d  sensorOpt3001Enable                                   
00012b21  sensorOpt3001Init                                     
00012b59  sensorOpt3001Read                                     
00012bbd  sensorOpt3001Test                                     
20006c98  sensorSemaphore                                       
00011b17  sensorTmp007Enable                                    
00011b81  sensorTmp007EnableInterruptConversion                 
00011b0d  sensorTmp007Init                                      
00011bcb  sensorTmp007Read                                      
00011c89  sensorTmp007Test                                      
00013b11  snprintf                                              
0000f9e5  spi_routine                                           
0001404d  strchr                                                
000140a1  strlen                                                
20006c9f  ui8DummyRead                                          
20006ca2  ui8Status                                             
20006ca4  v_fifo_data_u8                                        
000140b5  wcslen                                                
00010c8d  writeI2C                                              


GLOBAL SYMBOLS: SORTED BY Symbol Address 

address   name                                                  
-------   ----                                                  
00000000  __TI_static_base__                                    
00000000  interruptVectors                                      
000000e5  bmi160_init                                           
00000145  bmi160_write_reg                                      
00000189  bmi160_read_reg                                       
000001cd  bmi160_get_fatal_err                                  
00000200  __STACK_SIZE                                          
00000219  bmi160_get_err_code                                   
00000267  bmi160_get_i2c_fail_err                               
000002b5  bmi160_get_drop_cmd_err                               
00000303  bmi160_get_mag_dada_rdy_err                           
00000351  bmi160_get_error_status                               
000003e1  bmi160_get_mag_power_mode_stat                        
00000433  bmi160_get_gyro_power_mode_stat                       
00000481  bmi160_get_accel_power_mode_stat                      
000004cf  bmi160_read_mag_x                                     
0000057d  bmi160_read_mag_y                                     
0000062b  bmi160_read_mag_z                                     
000006d9  bmi160_read_mag_r                                     
00000743  bmi160_read_mag_xyz                                   
0000084d  bmi160_read_mag_xyzr                                  
00000909  bmi160_read_gyro_x                                    
0000095d  bmi160_read_gyro_y                                    
000009b1  bmi160_read_gyro_z                                    
00000a05  bmi160_read_gyro_xyz                                  
00000a7d  bmi160_read_accel_x                                   
00000ad1  bmi160_read_accel_y                                   
00000b25  bmi160_read_accel_z                                   
00000b79  bmi160_read_accel_xyz                                 
00000bed  bmi160_get_sensor_time                                
00000c49  bmi160_get_gyro_selftest                              
00000c97  bmi160_get_mag_manual_operation_stat                  
00000ce5  bmi160_get_foc_rdy                                    
00000d33  bmi160_get_nvm_rdy                                    
00000d85  bmi160_get_data_rdy_mag                               
00000dd3  bmi160_get_gyro_data_rdy                              
00000e21  bmi160_get_accel_data_rdy                             
00000e6f  bmi160_get_stat0_step_intr                            
00000ebb  bmi160_get_stat0_significant_intr                     
00000f09  bmi160_get_stat0_any_motion_intr                      
00000f57  bmi160_get_stat0_pmu_trigger_intr                     
00000fa5  bmi160_get_stat0_double_tap_intr                      
00000ff3  bmi160_get_stat0_single_tap_intr                      
00001041  bmi160_get_stat0_orient_intr                          
00001095  bmi160_get_stat0_flat_intr                            
000010e3  bmi160_get_stat1_high_g_intr                          
00001131  bmi160_get_stat1_low_g_intr                           
0000117f  bmi160_get_stat1_data_rdy_intr                        
000011cd  bmi160_get_stat1_fifo_full_intr                       
0000121b  bmi160_get_stat1_fifo_wm_intr                         
00001269  bmi160_get_stat1_nomotion_intr                        
000012b7  bmi160_get_stat2_any_motion_first_x                   
00001303  bmi160_get_stat2_any_motion_first_y                   
00001351  bmi160_get_stat2_any_motion_first_z                   
000013a5  bmi160_get_stat2_any_motion_sign                      
000013f3  bmi160_get_stat2_tap_first_x                          
00001441  bmi160_get_stat2_tap_first_y                          
0000148f  bmi160_get_stat2_tap_first_z                          
000014dd  bmi160_get_stat2_tap_sign                             
0000152b  bmi160_get_stat3_high_g_first_x                       
00001577  bmi160_get_stat3_high_g_first_y                       
000015c5  bmi160_get_stat3_high_g_first_z                       
00001613  bmi160_get_stat3_high_g_sign                          
00001661  bmi160_get_stat3_orient_xy                            
000016b5  bmi160_get_stat3_orient_z                             
00001703  bmi160_get_stat3_flat                                 
00001751  bmi160_get_temp                                       
000017a5  bmi160_fifo_length                                    
00001805  bmi160_fifo_data                                      
0000183f  bmi160_get_accel_output_data_rate                     
0000188b  bmi160_set_accel_output_data_rate                     
0000191d  bmi160_get_accel_bw                                   
0000196b  bmi160_set_accel_bw                                   
000019ff  bmi160_get_accel_under_sampling_parameter             
00001a4d  bmi160_set_accel_under_sampling_parameter             
00001ad9  bmi160_get_accel_range                                
00001b25  bmi160_set_accel_range                                
00001bc9  bmi160_get_gyro_output_data_rate                      
00001c15  bmi160_set_gyro_output_data_rate                      
00001ce5  bmi160_get_gyro_bw                                    
00001d33  bmi160_set_gyro_bw                                    
00001dbf  bmi160_get_gyro_range                                 
00001e0b  bmi160_set_gyro_range                                 
00001e97  bmi160_get_mag_output_data_rate                       
00001ee3  bmi160_set_mag_output_data_rate                       
00001f87  bmi160_get_fifo_down_gyro                             
00001fd3  bmi160_set_fifo_down_gyro                             
00002055  bmi160_get_gyro_fifo_filter_data                      
000020a3  bmi160_set_gyro_fifo_filter_data                      
0000212f  bmi160_get_fifo_down_accel                            
0000217d  bmi160_set_fifo_down_accel                            
000021f7  bmi160_get_accel_fifo_filter_data                     
00002245  bmi160_set_accel_fifo_filter_data                     
000022d1  bmi160_get_fifo_wm                                    
00002325  bmi160_set_fifo_wm                                    
0000235f  bmi160_get_fifo_stop_on_full                          
000023ab  bmi160_set_fifo_stop_on_full                          
00002437  bmi160_get_fifo_time_enable                           
00002485  bmi160_set_fifo_time_enable                           
00002511  bmi160_get_fifo_tag_intr2_enable                      
0000255f  bmi160_set_fifo_tag_intr2_enable                      
000025ff  bmi160_get_fifo_tag_intr1_enable                      
00002651  bmi160_set_fifo_tag_intr1_enable                      
000026f1  bmi160_get_fifo_header_enable                         
0000273f  bmi160_set_fifo_header_enable                         
000027cb  bmi160_get_fifo_mag_enable                            
00002819  bmi160_set_fifo_mag_enable                            
000028a5  bmi160_get_fifo_accel_enable                          
000028f3  bmi160_set_fifo_accel_enable                          
00002985  bmi160_get_fifo_gyro_enable                           
000029d3  bmi160_set_fifo_gyro_enable                           
00002a5f  bmi160_get_i2c_device_addr                            
00002aad  bmi160_set_i2c_device_addr                            
00002b27  bmi160_get_mag_burst                                  
00002b73  bmi160_set_mag_burst                                  
00002bed  bmi160_get_mag_offset                                 
00002c3b  bmi160_set_mag_offset                                 
00002cb9  bmi160_get_mag_manual_enable                          
00002d07  bmi160_set_mag_manual_enable                          
00002d91  bmi160_get_mag_read_addr                              
00002ddd  bmi160_set_mag_read_addr                              
00002e17  bmi160_get_mag_write_addr                             
00002e63  bmi160_set_mag_write_addr                             
00002e9d  bmi160_get_mag_write_data                             
00002ee9  bmi160_set_mag_write_data                             
00002f23  bmi160_get_intr_enable_0                              
000030b9  bmi160_set_intr_enable_0                              
00003393  bmi160_get_intr_enable_1                              
00003521  bmi160_set_intr_enable_1                              
000037fb  bmi160_get_intr_enable_2                              
000038c3  bmi160_set_intr_enable_2                              
00003a15  bmi160_get_step_detector_enable                       
00003a6b  bmi160_set_step_detector_enable                       
00003ae5  bmi160_get_intr_edge_ctrl                             
00003b7b  bmi160_set_intr_edge_ctrl                             
00003c6d  bmi160_get_intr_level                                 
00003d07  bmi160_set_intr_level                                 
00003dff  bmi160_get_intr_output_type                           
00003e99  bmi160_set_intr_output_type                           
00003f8b  bmi160_get_output_enable                              
00004025  bmi160_set_output_enable                              
0000411b  bmi160_get_latch_intr                                 
00004167  bmi160_set_latch_intr                                 
000041f3  bmi160_get_input_enable                               
0000428d  bmi160_set_input_enable                               
0000437f  bmi160_get_intr_low_g                                 
00004413  bmi160_set_intr_low_g                                 
00004561  bmi160_get_intr_high_g                                
000045fb  bmi160_set_intr_high_g                                
000046ed  bmi160_get_intr_any_motion                            
00004787  bmi160_set_intr_any_motion                            
000048a5  bmi160_get_intr_nomotion                              
0000493f  bmi160_set_intr_nomotion                              
00004a31  bmi160_get_intr_double_tap                            
00004acb  bmi160_set_intr_double_tap                            
00004bc3  bmi160_get_intr_single_tap                            
00004c5d  bmi160_set_intr_single_tap                            
00004d4f  bmi160_get_intr_orient                                
00004de9  bmi160_set_intr_orient                                
00004ee1  bmi160_get_intr_flat                                  
00004f7b  bmi160_set_intr_flat                                  
0000506d  bmi160_get_intr_pmu_trig                              
00005103  bmi160_set_intr_pmu_trig                              
000051fd  bmi160_get_intr_fifo_full                             
00005297  bmi160_set_intr_fifo_full                             
00005389  bmi160_get_intr_fifo_wm                               
00005423  bmi160_set_intr_fifo_wm                               
00005519  bmi160_get_intr_data_rdy                              
000055b3  bmi160_set_intr_data_rdy                              
000056a5  bmi160_get_intr_tap_source                            
000056f3  bmi160_set_intr_tap_source                            
0000577f  bmi160_get_intr_low_high_source                       
000057d1  bmi160_set_intr_low_high_source                       
0000585d  bmi160_get_intr_motion_source                         
000058ab  bmi160_set_intr_motion_source                         
00005937  bmi160_get_intr_low_g_durn                            
00005983  bmi160_set_intr_low_g_durn                            
000059bd  bmi160_get_intr_low_g_thres                           
00005a09  bmi160_set_intr_low_g_thres                           
00005a43  bmi160_get_intr_low_g_hyst                            
00005a8f  bmi160_set_intr_low_g_hyst                            
00005b11  bmi160_get_intr_low_g_mode                            
00005b5f  bmi160_set_intr_low_g_mode                            
00005beb  bmi160_get_intr_high_g_hyst                           
00005c39  bmi160_set_intr_high_g_hyst                           
00005cb3  bmi160_get_intr_high_g_durn                           
00005cff  bmi160_set_intr_high_g_durn                           
00005d39  bmi160_get_intr_high_g_thres                          
00005d85  bmi160_set_intr_high_g_thres                          
00005dbf  bmi160_get_intr_any_motion_durn                       
00005e0b  bmi160_set_intr_any_motion_durn                       
00005e8b  bmi160_get_intr_slow_no_motion_durn                   
00005ed9  bmi160_set_intr_slow_no_motion_durn                   
00005f53  bmi160_get_intr_any_motion_thres                      
00005f9f  bmi160_set_intr_any_motion_thres                      
00005fd9  bmi160_get_intr_slow_no_motion_thres                  
00006025  bmi160_set_intr_slow_no_motion_thres                  
0000605f  bmi160_get_intr_slow_no_motion_select                 
000060ab  bmi160_set_intr_slow_no_motion_select                 
0000613d  bmi160_get_intr_significant_motion_select             
0000618b  bmi160_set_intr_significant_motion_select             
00006217  bmi160_get_intr_significant_motion_skip               
00006265  bmi160_set_intr_significant_motion_skip               
000062f1  bmi160_get_intr_significant_motion_proof              
0000633f  bmi160_set_intr_significant_motion_proof              
000063cb  bmi160_get_intr_tap_durn                              
00006417  bmi160_set_intr_tap_durn                              
00006521  bmi160_get_intr_tap_shock                             
0000656f  bmi160_set_intr_tap_shock                             
000065fb  bmi160_get_intr_tap_quiet                             
00006649  bmi160_set_intr_tap_quiet                             
000066d5  bmi160_get_intr_tap_thres                             
00006721  bmi160_set_intr_tap_thres                             
0000679b  bmi160_get_intr_orient_mode                           
000067ed  bmi160_set_intr_orient_mode                           
00006879  bmi160_get_intr_orient_blocking                       
000068c7  bmi160_set_intr_orient_blocking                       
00006953  bmi160_get_intr_orient_hyst                           
000069a1  bmi160_set_intr_orient_hyst                           
00006a1b  bmi160_get_intr_orient_theta                          
00006a67  bmi160_set_intr_orient_theta                          
00006af3  bmi160_get_intr_orient_ud_enable                      
00006b45  bmi160_set_intr_orient_ud_enable                      
00006bd1  bmi160_get_intr_orient_axes_enable                    
00006c1f  bmi160_set_intr_orient_axes_enable                    
00006cab  bmi160_get_intr_flat_theta                            
00006cf7  bmi160_set_intr_flat_theta                            
[...]
0000bc05  bmi160_bst_akm_mag_interface_init                     
0000bf25  bmi160_read_bst_akm_sensitivity_data                  
0000c00d  bmi160_bst_akm_compensate_X                           
0000c03f  bmi160_bst_akm_compensate_Y                           
0000c071  bmi160_bst_akm_compensate_Z                           
0000c0a3  bmi160_bst_akm_compensate_xyz                         
0000c0f1  bmi160_bst_akm_set_powermode                          
0000c315  bmi160_set_bst_akm_and_secondary_if_powermode         
0000c47b  bmi160_bst_yamaha_yas532_mag_interface_init           
0000c7b1  bmi160_bst_yas532_set_initial_values                  
0000c911  bmi160_bst_yas532_magnetic_measure_set_offset         
0000caa1  bmi160_bst_yamaha_yas532_calib_values                 
0000ce59  bmi160_bst_yas532_xy1y2_to_linear                     
0000cef5  bmi160_bst_yas532_normal_measurement_data             
0000d069  bmi160_bst_yas532_measurement_xyz_data                
0000d4e1  bmi160_bst_yas532_acquisition_command_register        
0000d5a5  bmi160_bst_yas532_set_offset                          
0000d6ab  bmi160_get_ptr                                        
0000d6c5  bme280_init                                           
0000d71b  bme280_read_uncomp_temperature                        
0000d77b  bme280_compensate_temperature_int32                   
0000d7f3  bme280_compensate_temperature_int32_sixteen_bit_output
0000d81d  bme280_read_uncomp_pressure                           
0000d87d  bme280_compensate_pressure_int32                      
0000d9ad  bme280_read_uncomp_humidity                           
0000da03  bme280_compensate_humidity_int32                      
0000dab9  bme280_compensate_humidity_int32_sixteen_bit_output   
0000dae1  bme280_read_uncomp_pressure_temperature_humidity      
0000db73  bme280_read_pressure_temperature_humidity             
0000dbd3  bme280_get_calib_param                                
0000dd75  bme280_get_oversamp_temperature                       
0000ddd1  bme280_set_oversamp_temperature                       
0000df37  bme280_get_oversamp_pressure                          
0000df93  bme280_set_oversamp_pressure                          
0000e0ef  bme280_get_oversamp_humidity                          
0000e149  bme280_set_oversamp_humidity                          
0000e2dd  bme280_get_power_mode                                 
0000e32b  bme280_set_power_mode                                 
0000e4a5  bme280_set_soft_rst                                   
0000e4e5  bme280_get_spi3                                       
0000e533  bme280_set_spi3                                       
0000e693  bme280_get_filter                                     
0000e6e3  bme280_set_filter                                     
0000e847  bme280_get_standby_durn                               
0000e897  bme280_set_standby_durn                               
0000e9f7  bme280_get_forced_uncomp_pressure_temperature_humidity
0000ebb5  bme280_write_register                                 
0000ebfb  bme280_read_register                                  
0000ec41  bme280_compensate_pressure_int64                      
0000ee43  bme280_compensate_pressure_int64_twentyfour_bit_output
0000ee5d  bme280_compute_wait_time                              
0000eed5  bmi160_initialize_sensor                              
0000ef11  bmi160_config_running_mode                            
0000f949  bmi160_interrupt_configuration                        
0000f9c3  i2c_routine                                           
0000f9e5  spi_routine                                           
0000f9fb  bmi160_i2c_bus_read                                   
0000fa27  bmi160_i2c_burst_read                                 
0000fa59  bmi160_i2c_bus_write                                  
0000fa85  bmi160_spi_bus_read                                   
0000faa3  bmi160_spi_bus_write                                  
0000fac1  bmi160_delay_ms                                       
0000fafd  __TI_printfi                                          
0001055b  __aeabi_idiv0                                         
0001055b  __aeabi_ldiv0                                         
0001055d  Thread0                                               
00010785  Thread1                                               
000109f9  Thread2                                               
00010c6f  initI2C                                               
00010c8d  writeI2C                                              
00010d23  readI2C                                               
00010df1  readBurstI2C                                          
00010ec9  EUSCIB1_IRQHandler                                    
00010ec9  EUSCIB1_IRQHandler                                    
00010f91  SystemCoreClockUpdate                                 
00011209  SystemInit                                            
000112e3  BackChannelInit                                       
000112ff  BackChannelPrint                                      
0001134b  BackChannelPrintIntVariable                           
00011369  BackChannelEventTrigger                               
00011381  BackChannelOpt3001PrintRaw                            
0001139d  BackupChannelTmp007PrintRaw                           
000113c3  BackupChannelBmi160PrintAccel                         
000113ef  BackupChannelBmi160PrintGyro                          
0001141b  BackupChannelBmi160PrintMag                           
000115bd  bme280_data_readout_template                          
000116a9  bme280_initialize_sensor                              
000116ff  I2C_routine                                           
0001171b  SPI_routine                                           
00011731  BME280_I2C_bus_write                                  
0001175d  BME280_I2C_bus_read                                   
00011789  BME280_SPI_bus_read                                   
000117ef  BME280_SPI_bus_write                                  
0001185f  BME280_delay_msek                                     
00011b0d  sensorTmp007Init                                      
00011b17  sensorTmp007Enable                                    
00011b81  sensorTmp007EnableInterruptConversion                 
00011bcb  sensorTmp007Read                                      
00011c89  sensorTmp007Test                                      
00011dc1  G8RTOS_Scheduler                                      
00011dcd  SysTick_Handler                                       
00011dcd  SysTick_Handler                                       
00011de1  G8RTOS_Init                                           
00011dfd  G8RTOS_Launch                                         
00011e27  G8RTOS_AddThread                                      
00012105  __aeabi_dsub                                          
0001210f  __aeabi_dadd                                          
000122e9  Joystick_Init_Without_Interrupt                       
00012347  Joystick_Push_Button_Init_With_Interrupt              
0001239d  Disable_Joystick_Interrupt                            
000123b3  GetJoystickCoordinates                                
00012435  init_RGBLEDS                                          
00012491  LP3943_LedModeSet                                     
000126b1  __aeabi_ddiv                                          
0001290d  ldexp                                                 
0001290d  ldexpl                                                
0001290d  scalbn                                                
0001290d  scalbnl                                               
00012a1d  CS_getDCOFrequency                                    
00012b21  sensorOpt3001Init                                     
00012b2d  sensorOpt3001Enable                                   
00012b59  sensorOpt3001Read                                     
00012bbd  sensorOpt3001Test                                     
00012c1f  __aeabi_dmul                                          
00012d1d  CS_initClockSignal                                    
0001303d  CS_startHFXTWithTimeout                               
00013175  __aeabi_memcpy                                        
00013175  __aeabi_memcpy4                                       
00013175  __aeabi_memcpy8                                       
00013175  memcpy                                                
00013211  __aeabi_uldivmod                                      
000132a9  UART_initModule                                       
0001333d  __aeabi_cdcmpeq                                       
0001333d  __aeabi_cdcmple                                       
000133c3  __aeabi_cdrcmple                                      
00013449  ClockSys_SetMaxFreq                                   
000134b7  ClockSys_GetSysFreq                                   
000134cd  __aeabi_memclr                                        
000134cd  __aeabi_memclr4                                       
000134cd  __aeabi_memclr8                                       
000134cf  __aeabi_memset                                        
000134cf  __aeabi_memset4                                       
000134cf  __aeabi_memset8                                       
000134d5  memset                                                
00013627  __aeabi_ldivmod                                       
00013695  G8RTOS_InitSemaphore                                  
000136af  G8RTOS_WaitSemaphore                                  
000136e3  G8RTOS_SignalSemaphore                                
000136fd  __TI_decompress_lzss                                  
00013765  Interrupt_disableInterrupt                            
000137c9  Interrupt_enableInterrupt                             
0001382d  frexp                                                 
0001382d  frexpl                                                
000138e7  ltoa                                                  
00013991  G8RTOS_Start                                          
000139b1  PendSV_Handler                                        
000139b1  PendSV_Handler                                        
000139dd  SysCtl_getTLVInfo                                     
00013a2d  GPIO_setAsPeripheralModuleFunctionOutputPin           
00013ac5  atoi                                                  
00013b11  snprintf                                              
00013b5d  GPIO_setAsPeripheralModuleFunctionInputPin            
00013bed  __aeabi_d2iz                                          
00013c35  __TI_auto_init_nobinit_nopinit                        
00013c79  main                                                  
00013cbd  I2C_initMaster                                        
00013d39  I2C_masterSendMultiByteStart                          
00013d71  _c_int00_noargs                                       
00013da9  BSP_InitBoard                                         
00013ddd  I2C_masterSendMultiByteStop                           
00013e3d  __aeabi_i2d                                           
00013e6b  PCM_getCoreVoltageLevel                               
00013e97  PCM_getPowerMode                                      
00013ec1  FlashCtl_setWaitState                                 
00013ee9  DelayMs                                               
00013f11  CS_clearInterruptFlag                                 
00013f35  I2C_masterSendMultiByteNext                           
00013f59  Interrupt_setPriority                                 
00013f7d  UART_transmitData                                     
00013fa1  memccpy                                               
00013fbd  CS_getMCLK                                            
00013fd5  CS_getSMCLK                                           
00013fed  WDT_A_clearTimer                                      
00014005  WDT_A_holdTimer                                       
00014035  __aeabi_lmul                                          
0001404d  strchr                                                
00014065  CS_setExternalClockSourceFrequency                    
00014079  I2C_isBusBusy                                         
0001408d  copysign                                              
0001408d  copysignl                                             
000140a1  strlen                                                
000140b5  wcslen                                                
000140c7  I2C_masterReceiveStart                                
000140d9  SysCtl_disableNMISource                               
000140e9  SysCtl_enableNMISource                                
000140f9  StartCriticalSection                                  
00014101  EndCriticalSection                                    
00014107  I2C_clearInterruptFlag                                
00014115  I2C_disableInterrupt                                  
00014123  __TI_decompress_none                                  
00014131  Reset_Handler                                         
0001413d  ADC14_IRQHandler                                      
0001413d  AES256_IRQHandler                                     
0001413d  BusFault_Handler                                      
0001413d  COMP_E0_IRQHandler                                    
0001413d  COMP_E1_IRQHandler                                    
0001413d  CS_IRQHandler                                         
0001413d  DMA_ERR_IRQHandler                                    
0001413d  DMA_INT0_IRQHandler                                   
0001413d  DMA_INT1_IRQHandler                                   
0001413d  DMA_INT2_IRQHandler                                   
0001413d  DMA_INT3_IRQHandler                                   
0001413d  DebugMon_Handler                                      
0001413d  Default_Handler                                       
0001413d  EUSCIA0_IRQHandler                                    
0001413d  EUSCIA1_IRQHandler                                    
0001413d  EUSCIA2_IRQHandler                                    
0001413d  EUSCIA3_IRQHandler                                    
0001413d  EUSCIB0_IRQHandler                                    
0001413d  EUSCIB2_IRQHandler                                    
0001413d  EUSCIB3_IRQHandler                                    
0001413d  FLCTL_IRQHandler                                      
0001413d  FPU_IRQHandler                                        
0001413d  HardFault_Handler                                     
0001413d  MemManage_Handler                                     
0001413d  NMI_Handler                                           
0001413d  PCM_IRQHandler                                        
0001413d  PORT1_IRQHandler                                      
0001413d  PORT2_IRQHandler                                      
0001413d  PORT3_IRQHandler                                      
0001413d  PORT4_IRQHandler                                      
0001413d  PORT5_IRQHandler                                      
0001413d  PORT6_IRQHandler                                      
0001413d  PSS_IRQHandler                                        
0001413d  RTC_C_IRQHandler                                      
0001413d  SVC_Handler                                           
0001413d  T32_INT1_IRQHandler                                   
0001413d  T32_INT2_IRQHandler                                   
0001413d  T32_INTC_IRQHandler                                   
0001413d  TA0_0_IRQHandler                                      
0001413d  TA0_N_IRQHandler                                      
0001413d  TA1_0_IRQHandler                                      
0001413d  TA1_N_IRQHandler                                      
0001413d  TA2_0_IRQHandler                                      
0001413d  TA2_N_IRQHandler                                      
0001413d  TA3_0_IRQHandler                                      
0001413d  TA3_N_IRQHandler                                      
0001413d  UsageFault_Handler                                    
0001413d  WDT_A_IRQHandler                                      
0001413f  I2C_disableModule                                     
0001414b  I2C_enableModule                                      
00014159  PCM_getPowerState                                     
00014165  SysCtl_getNMISourceStatus                             
00014171  UART_enableModule                                     
0001417d  __TI_zero_init                                        
00014189  I2C_enableInterrupt                                   
00014191  PCM_setCoreVoltageLevel                               
00014199  PCM_setPowerMode                                      
000141a1  __aeabi_errno_addr                                    
000141a9  CS_startHFXT                                          
000141af  I2C_getEnabledInterruptStatus                         
000141b5  I2C_getInterruptStatus                                
000141bb  I2C_masterReceiveMultiByteNext                        
000141c1  SysCtlDelay                                           
000141c7  I2C_setSlaveAddress                                   
000141cb  _system_pre_init                                      
000141cf  C$$EXIT                                               
000141cf  abort                                                 
000141d4  _ctypes_                                              
000143f4  __TI_Handler_Table_Base                               
00014400  __TI_Handler_Table_Limit                              
00014408  __TI_CINIT_Base                                       
00014418  __TI_CINIT_Limit                                      
20006000  accel_fifo                                            
2000636c  gyro_fifo                                             
200066d8  mag_fifo                                              
20006bfc  bme280                                                
20006c38  s_bmi160                                              
20006c5c  accelxyz                                              
20006c62  gyroxyz                                               
20006c78  ButtonFunction                                        
20006c7c  CurrentlyRunningThread                                
20006c80  LEDSemaphore                                          
20006c84  SystemTime                                            
20006c88  g_ui32ByteCount                                       
20006c94  pData                                                 
20006c98  sensorSemaphore                                       
20006c9f  ui8DummyRead                                          
20006ca2  ui8Status                                             
20006ca4  v_fifo_data_u8                                        
200070d4  i2cConfig                                             
200070e8  V_bmm150_maual_auto_condition_u8                      
200070ec  V_fifo_time_U32                                       
200070f0  errno                                                 
200070f4  SystemCoreClock                                       
200070f8  burstMode                                             
2000fe00  __stack                                               
20010000  __STACK_END                                           
4000480c  WDTCTL_SYM                                            
ffffffff  __TI_pprof_out_hndl                                   
ffffffff  __TI_prof_data_size                                   
ffffffff  __TI_prof_data_start                                  
ffffffff  __binit__                                             
ffffffff  __c_args__                                            
ffffffff  binit                                                 
UNDEFED   __mpu_init                                            
UNDEFED   _system_post_cinit                                    

[624 symbols]
