<?xml version="1.0" encoding="ISO-8859-1" ?>
<link_info>
   <banner>TI ARM Linker PC v18.1.4.LTS</banner>
   <copyright>Copyright (c) 1996-2018 Texas Instruments Incorporated</copyright>
   <link_time>0x5c6b5be9</link_time>
   <link_errors>0x0</link_errors>
   <output_file>lab2.out</output_file>
   <entry_point>
      <name>_c_int00_noargs</name>
      <address>0x13d71</address>
   </entry_point>
   <input_file_list>
      <input_file id="fl-2">
         <path>.\</path>
         <kind>object</kind>
         <file>Threads.obj</file>
         <name>Threads.obj</name>
      </input_file>
      <input_file id="fl-3">
         <path>.\</path>
         <kind>object</kind>
         <file>main.obj</file>
         <name>main.obj</name>
      </input_file>
      <input_file id="fl-4">
         <path>.\</path>
         <kind>object</kind>
         <file>startup_msp432p401r_ccs.obj</file>
         <name>startup_msp432p401r_ccs.obj</name>
      </input_file>
      <input_file id="fl-5">
         <path>.\</path>
         <kind>object</kind>
         <file>system_msp432p401r.obj</file>
         <name>system_msp432p401r.obj</name>
      </input_file>
      <input_file id="fl-6">
         <path>.\BoardSupportPackage\src\</path>
         <kind>object</kind>
         <file>BSP.obj</file>
         <name>BSP.obj</name>
      </input_file>
      <input_file id="fl-7">
         <path>.\BoardSupportPackage\src\</path>
         <kind>object</kind>
         <file>BackChannelUart.obj</file>
         <name>BackChannelUart.obj</name>
      </input_file>
      <input_file id="fl-8">
         <path>.\BoardSupportPackage\src\</path>
         <kind>object</kind>
         <file>ClockSys.obj</file>
         <name>ClockSys.obj</name>
      </input_file>
      <input_file id="fl-9">
         <path>.\BoardSupportPackage\src\</path>
         <kind>object</kind>
         <file>Joystick.obj</file>
         <name>Joystick.obj</name>
      </input_file>
      <input_file id="fl-a">
         <path>.\BoardSupportPackage\src\</path>
         <kind>object</kind>
         <file>RGBLeds.obj</file>
         <name>RGBLeds.obj</name>
      </input_file>
      <input_file id="fl-b">
         <path>.\BoardSupportPackage\src\</path>
         <kind>object</kind>
         <file>bme280.obj</file>
         <name>bme280.obj</name>
      </input_file>
      <input_file id="fl-c">
         <path>.\BoardSupportPackage\src\</path>
         <kind>object</kind>
         <file>bme280_support.obj</file>
         <name>bme280_support.obj</name>
      </input_file>
      <input_file id="fl-d">
         <path>.\BoardSupportPackage\src\</path>
         <kind>object</kind>
         <file>bmi160.obj</file>
         <name>bmi160.obj</name>
      </input_file>
      <input_file id="fl-e">
         <path>.\BoardSupportPackage\src\</path>
         <kind>object</kind>
         <file>bmi160_support.obj</file>
         <name>bmi160_support.obj</name>
      </input_file>
      <input_file id="fl-f">
         <path>.\BoardSupportPackage\src\</path>
         <kind>object</kind>
         <file>demo_sysctl.obj</file>
         <name>demo_sysctl.obj</name>
      </input_file>
      <input_file id="fl-10">
         <path>.\BoardSupportPackage\src\</path>
         <kind>object</kind>
         <file>i2c_driver.obj</file>
         <name>i2c_driver.obj</name>
      </input_file>
      <input_file id="fl-11">
         <path>.\BoardSupportPackage\src\</path>
         <kind>object</kind>
         <file>opt3001.obj</file>
         <name>opt3001.obj</name>
      </input_file>
      <input_file id="fl-12">
         <path>.\BoardSupportPackage\src\</path>
         <kind>object</kind>
         <file>tmp007.obj</file>
         <name>tmp007.obj</name>
      </input_file>
      <input_file id="fl-13">
         <path>.\G8RTOS_Lab2\</path>
         <kind>object</kind>
         <file>G8RTOS_CriticalSection.obj</file>
         <name>G8RTOS_CriticalSection.obj</name>
      </input_file>
      <input_file id="fl-14">
         <path>.\G8RTOS_Lab2\</path>
         <kind>object</kind>
         <file>G8RTOS_Scheduler.obj</file>
         <name>G8RTOS_Scheduler.obj</name>
      </input_file>
      <input_file id="fl-15">
         <path>.\G8RTOS_Lab2\</path>
         <kind>object</kind>
         <file>G8RTOS_SchedulerASM.obj</file>
         <name>G8RTOS_SchedulerASM.obj</name>
      </input_file>
      <input_file id="fl-16">
         <path>.\G8RTOS_Lab2\</path>
         <kind>object</kind>
         <file>G8RTOS_Semaphores.obj</file>
         <name>G8RTOS_Semaphores.obj</name>
      </input_file>
      <input_file id="fl-1b">
         <kind>object</kind>
         <file>&lt;internal&gt;</file>
         <name>&lt;internal&gt;</name>
      </input_file>
      <input_file id="fl-1c">
         <path>C:\Users\Ryan Moore\workspace_v8\BoardSupportPackage\DriverLib\</path>
         <kind>archive</kind>
         <file>msp432p4xx_driverlib.lib</file>
         <name>cs.o</name>
      </input_file>
      <input_file id="fl-1d">
         <path>C:\Users\Ryan Moore\workspace_v8\BoardSupportPackage\DriverLib\</path>
         <kind>archive</kind>
         <file>msp432p4xx_driverlib.lib</file>
         <name>flash.o</name>
      </input_file>
      <input_file id="fl-1e">
         <path>C:\Users\Ryan Moore\workspace_v8\BoardSupportPackage\DriverLib\</path>
         <kind>archive</kind>
         <file>msp432p4xx_driverlib.lib</file>
         <name>gpio.o</name>
      </input_file>
      <input_file id="fl-1f">
         <path>C:\Users\Ryan Moore\workspace_v8\BoardSupportPackage\DriverLib\</path>
         <kind>archive</kind>
         <file>msp432p4xx_driverlib.lib</file>
         <name>i2c.o</name>
      </input_file>
      <input_file id="fl-20">
         <path>C:\Users\Ryan Moore\workspace_v8\BoardSupportPackage\DriverLib\</path>
         <kind>archive</kind>
         <file>msp432p4xx_driverlib.lib</file>
         <name>interrupt.o</name>
      </input_file>
      <input_file id="fl-21">
         <path>C:\Users\Ryan Moore\workspace_v8\BoardSupportPackage\DriverLib\</path>
         <kind>archive</kind>
         <file>msp432p4xx_driverlib.lib</file>
         <name>pcm.o</name>
      </input_file>
      <input_file id="fl-22">
         <path>C:\Users\Ryan Moore\workspace_v8\BoardSupportPackage\DriverLib\</path>
         <kind>archive</kind>
         <file>msp432p4xx_driverlib.lib</file>
         <name>rtc_c.o</name>
      </input_file>
      <input_file id="fl-23">
         <path>C:\Users\Ryan Moore\workspace_v8\BoardSupportPackage\DriverLib\</path>
         <kind>archive</kind>
         <file>msp432p4xx_driverlib.lib</file>
         <name>sysctl.o</name>
      </input_file>
      <input_file id="fl-24">
         <path>C:\Users\Ryan Moore\workspace_v8\BoardSupportPackage\DriverLib\</path>
         <kind>archive</kind>
         <file>msp432p4xx_driverlib.lib</file>
         <name>uart.o</name>
      </input_file>
      <input_file id="fl-25">
         <path>C:\Users\Ryan Moore\workspace_v8\BoardSupportPackage\DriverLib\</path>
         <kind>archive</kind>
         <file>msp432p4xx_driverlib.lib</file>
         <name>wdt_a.o</name>
      </input_file>
      <input_file id="fl-26">
         <path>C:\Users\Ryan Moore\workspace_v8\BoardSupportPackage\DriverLib\</path>
         <kind>archive</kind>
         <file>msp432p4xx_driverlib.lib</file>
         <name>cpu.o</name>
      </input_file>
      <input_file id="fl-dc">
         <path>C:\ti\ccsv8\tools\compiler\ti-cgt-arm_18.1.4.LTS\lib\</path>
         <kind>archive</kind>
         <file>rtsv7M4_T_le_v4SPD16_eabi.lib</file>
         <name>ll_mul_t2.asm.obj</name>
      </input_file>
      <input_file id="fl-dd">
         <path>C:\ti\ccsv8\tools\compiler\ti-cgt-arm_18.1.4.LTS\lib\</path>
         <kind>archive</kind>
         <file>rtsv7M4_T_le_v4SPD16_eabi.lib</file>
         <name>ll_div_t2.asm.obj</name>
      </input_file>
      <input_file id="fl-de">
         <path>C:\ti\ccsv8\tools\compiler\ti-cgt-arm_18.1.4.LTS\lib\</path>
         <kind>archive</kind>
         <file>rtsv7M4_T_le_v4SPD16_eabi.lib</file>
         <name>ull_div_t2.asm.obj</name>
      </input_file>
      <input_file id="fl-df">
         <path>C:\ti\ccsv8\tools\compiler\ti-cgt-arm_18.1.4.LTS\lib\</path>
         <kind>archive</kind>
         <file>rtsv7M4_T_le_v4SPD16_eabi.lib</file>
         <name>memset_t2.asm.obj</name>
      </input_file>
      <input_file id="fl-e0">
         <path>C:\ti\ccsv8\tools\compiler\ti-cgt-arm_18.1.4.LTS\lib\</path>
         <kind>archive</kind>
         <file>rtsv7M4_T_le_v4SPD16_eabi.lib</file>
         <name>copy_zero_init.c.obj</name>
      </input_file>
      <input_file id="fl-e1">
         <path>C:\ti\ccsv8\tools\compiler\ti-cgt-arm_18.1.4.LTS\lib\</path>
         <kind>archive</kind>
         <file>rtsv7M4_T_le_v4SPD16_eabi.lib</file>
         <name>copy_decompress_none.c.obj</name>
      </input_file>
      <input_file id="fl-e2">
         <path>C:\ti\ccsv8\tools\compiler\ti-cgt-arm_18.1.4.LTS\lib\</path>
         <kind>archive</kind>
         <file>rtsv7M4_T_le_v4SPD16_eabi.lib</file>
         <name>copy_decompress_lzss.c.obj</name>
      </input_file>
      <input_file id="fl-e3">
         <path>C:\ti\ccsv8\tools\compiler\ti-cgt-arm_18.1.4.LTS\lib\</path>
         <kind>archive</kind>
         <file>rtsv7M4_T_le_v4SPD16_eabi.lib</file>
         <name>boot_cortex_m.c.obj</name>
      </input_file>
      <input_file id="fl-e4">
         <path>C:\ti\ccsv8\tools\compiler\ti-cgt-arm_18.1.4.LTS\lib\</path>
         <kind>archive</kind>
         <file>rtsv7M4_T_le_v4SPD16_eabi.lib</file>
         <name>exit.c.obj</name>
      </input_file>
      <input_file id="fl-e5">
         <path>C:\ti\ccsv8\tools\compiler\ti-cgt-arm_18.1.4.LTS\lib\</path>
         <kind>archive</kind>
         <file>rtsv7M4_T_le_v4SPD16_eabi.lib</file>
         <name>_lock.c.obj</name>
      </input_file>
      <input_file id="fl-e6">
         <path>C:\ti\ccsv8\tools\compiler\ti-cgt-arm_18.1.4.LTS\lib\</path>
         <kind>archive</kind>
         <file>rtsv7M4_T_le_v4SPD16_eabi.lib</file>
         <name>args_main.c.obj</name>
      </input_file>
      <input_file id="fl-e7">
         <path>C:\ti\ccsv8\tools\compiler\ti-cgt-arm_18.1.4.LTS\lib\</path>
         <kind>archive</kind>
         <file>rtsv7M4_T_le_v4SPD16_eabi.lib</file>
         <name>snprintf.c.obj</name>
      </input_file>
      <input_file id="fl-e8">
         <path>C:\ti\ccsv8\tools\compiler\ti-cgt-arm_18.1.4.LTS\lib\</path>
         <kind>archive</kind>
         <file>rtsv7M4_T_le_v4SPD16_eabi.lib</file>
         <name>div0.asm.obj</name>
      </input_file>
      <input_file id="fl-e9">
         <path>C:\ti\ccsv8\tools\compiler\ti-cgt-arm_18.1.4.LTS\lib\</path>
         <kind>archive</kind>
         <file>rtsv7M4_T_le_v4SPD16_eabi.lib</file>
         <name>memcpy_t2.asm.obj</name>
      </input_file>
      <input_file id="fl-ea">
         <path>C:\ti\ccsv8\tools\compiler\ti-cgt-arm_18.1.4.LTS\lib\</path>
         <kind>archive</kind>
         <file>rtsv7M4_T_le_v4SPD16_eabi.lib</file>
         <name>autoinit.c.obj</name>
      </input_file>
      <input_file id="fl-eb">
         <path>C:\ti\ccsv8\tools\compiler\ti-cgt-arm_18.1.4.LTS\lib\</path>
         <kind>archive</kind>
         <file>rtsv7M4_T_le_v4SPD16_eabi.lib</file>
         <name>pre_init.c.obj</name>
      </input_file>
      <input_file id="fl-ec">
         <path>C:\ti\ccsv8\tools\compiler\ti-cgt-arm_18.1.4.LTS\lib\</path>
         <kind>archive</kind>
         <file>rtsv7M4_T_le_v4SPD16_eabi.lib</file>
         <name>cpy_tbl.c.obj</name>
      </input_file>
      <input_file id="fl-ed">
         <path>C:\ti\ccsv8\tools\compiler\ti-cgt-arm_18.1.4.LTS\lib\</path>
         <kind>archive</kind>
         <file>rtsv7M4_T_le_v4SPD16_eabi.lib</file>
         <name>_printfi.c.obj</name>
      </input_file>
      <input_file id="fl-ee">
         <path>C:\ti\ccsv8\tools\compiler\ti-cgt-arm_18.1.4.LTS\lib\</path>
         <kind>archive</kind>
         <file>rtsv7M4_T_le_v4SPD16_eabi.lib</file>
         <name>atoi.c.obj</name>
      </input_file>
      <input_file id="fl-ef">
         <path>C:\ti\ccsv8\tools\compiler\ti-cgt-arm_18.1.4.LTS\lib\</path>
         <kind>archive</kind>
         <file>rtsv7M4_T_le_v4SPD16_eabi.lib</file>
         <name>ctype.c.obj</name>
      </input_file>
      <input_file id="fl-f0">
         <path>C:\ti\ccsv8\tools\compiler\ti-cgt-arm_18.1.4.LTS\lib\</path>
         <kind>archive</kind>
         <file>rtsv7M4_T_le_v4SPD16_eabi.lib</file>
         <name>ltoa.c.obj</name>
      </input_file>
      <input_file id="fl-f1">
         <path>C:\ti\ccsv8\tools\compiler\ti-cgt-arm_18.1.4.LTS\lib\</path>
         <kind>archive</kind>
         <file>rtsv7M4_T_le_v4SPD16_eabi.lib</file>
         <name>memccpy.c.obj</name>
      </input_file>
      <input_file id="fl-f2">
         <path>C:\ti\ccsv8\tools\compiler\ti-cgt-arm_18.1.4.LTS\lib\</path>
         <kind>archive</kind>
         <file>rtsv7M4_T_le_v4SPD16_eabi.lib</file>
         <name>strchr.c.obj</name>
      </input_file>
      <input_file id="fl-f3">
         <path>C:\ti\ccsv8\tools\compiler\ti-cgt-arm_18.1.4.LTS\lib\</path>
         <kind>archive</kind>
         <file>rtsv7M4_T_le_v4SPD16_eabi.lib</file>
         <name>strlen.c.obj</name>
      </input_file>
      <input_file id="fl-f4">
         <path>C:\ti\ccsv8\tools\compiler\ti-cgt-arm_18.1.4.LTS\lib\</path>
         <kind>archive</kind>
         <file>rtsv7M4_T_le_v4SPD16_eabi.lib</file>
         <name>wcslen.c.obj</name>
      </input_file>
      <input_file id="fl-f5">
         <path>C:\ti\ccsv8\tools\compiler\ti-cgt-arm_18.1.4.LTS\lib\</path>
         <kind>archive</kind>
         <file>rtsv7M4_T_le_v4SPD16_eabi.lib</file>
         <name>s_frexp.c.obj</name>
      </input_file>
      <input_file id="fl-f6">
         <path>C:\ti\ccsv8\tools\compiler\ti-cgt-arm_18.1.4.LTS\lib\</path>
         <kind>archive</kind>
         <file>rtsv7M4_T_le_v4SPD16_eabi.lib</file>
         <name>s_scalbn.c.obj</name>
      </input_file>
      <input_file id="fl-f7">
         <path>C:\ti\ccsv8\tools\compiler\ti-cgt-arm_18.1.4.LTS\lib\</path>
         <kind>archive</kind>
         <file>rtsv7M4_T_le_v4SPD16_eabi.lib</file>
         <name>fd_add_t2.asm.obj</name>
      </input_file>
      <input_file id="fl-f8">
         <path>C:\ti\ccsv8\tools\compiler\ti-cgt-arm_18.1.4.LTS\lib\</path>
         <kind>archive</kind>
         <file>rtsv7M4_T_le_v4SPD16_eabi.lib</file>
         <name>fd_cmp_t2.asm.obj</name>
      </input_file>
      <input_file id="fl-f9">
         <path>C:\ti\ccsv8\tools\compiler\ti-cgt-arm_18.1.4.LTS\lib\</path>
         <kind>archive</kind>
         <file>rtsv7M4_T_le_v4SPD16_eabi.lib</file>
         <name>fd_div_t2.asm.obj</name>
      </input_file>
      <input_file id="fl-fa">
         <path>C:\ti\ccsv8\tools\compiler\ti-cgt-arm_18.1.4.LTS\lib\</path>
         <kind>archive</kind>
         <file>rtsv7M4_T_le_v4SPD16_eabi.lib</file>
         <name>fd_mul_t2.asm.obj</name>
      </input_file>
      <input_file id="fl-fb">
         <path>C:\ti\ccsv8\tools\compiler\ti-cgt-arm_18.1.4.LTS\lib\</path>
         <kind>archive</kind>
         <file>rtsv7M4_T_le_v4SPD16_eabi.lib</file>
         <name>fd_toi_t2.asm.obj</name>
      </input_file>
      <input_file id="fl-fc">
         <path>C:\ti\ccsv8\tools\compiler\ti-cgt-arm_18.1.4.LTS\lib\</path>
         <kind>archive</kind>
         <file>rtsv7M4_T_le_v4SPD16_eabi.lib</file>
         <name>i_tofd_t2.asm.obj</name>
      </input_file>
      <input_file id="fl-fd">
         <path>C:\ti\ccsv8\tools\compiler\ti-cgt-arm_18.1.4.LTS\lib\</path>
         <kind>archive</kind>
         <file>rtsv7M4_T_le_v4SPD16_eabi.lib</file>
         <name>errno.c.obj</name>
      </input_file>
      <input_file id="fl-fe">
         <path>C:\ti\ccsv8\tools\compiler\ti-cgt-arm_18.1.4.LTS\lib\</path>
         <kind>archive</kind>
         <file>rtsv7M4_T_le_v4SPD16_eabi.lib</file>
         <name>s_copysign.c.obj</name>
      </input_file>
   </input_file_list>
   <object_component_list>
      <object_component id="oc-23">
         <name>.intvecs:retain</name>
         <load_address>0x0</load_address>
         <run_address>0x0</run_address>
         <size>0xe4</size>
         <input_file_ref idref="fl-4"/>
      </object_component>
      <object_component id="oc-26e">
         <name>.text</name>
         <load_address>0xe4</load_address>
         <run_address>0xe4</run_address>
         <size>0xd5e0</size>
         <input_file_ref idref="fl-d"/>
      </object_component>
      <object_component id="oc-2e8">
         <name>.text</name>
         <load_address>0xd6c4</load_address>
         <run_address>0xd6c4</run_address>
         <size>0x1810</size>
         <input_file_ref idref="fl-b"/>
      </object_component>
      <object_component id="oc-1f8">
         <name>.text</name>
         <load_address>0xeed4</load_address>
         <run_address>0xeed4</run_address>
         <size>0xc28</size>
         <input_file_ref idref="fl-e"/>
      </object_component>
      <object_component id="oc-3d6">
         <name>.text:__TI_printfi</name>
         <load_address>0xfafc</load_address>
         <run_address>0xfafc</run_address>
         <size>0xa5e</size>
         <input_file_ref idref="fl-ed"/>
      </object_component>
      <object_component id="oc-47f">
         <name>.text</name>
         <load_address>0x1055a</load_address>
         <run_address>0x1055a</run_address>
         <size>0x2</size>
         <input_file_ref idref="fl-e8"/>
      </object_component>
      <object_component id="oc-18a">
         <name>.text</name>
         <load_address>0x1055c</load_address>
         <run_address>0x1055c</run_address>
         <size>0x6d4</size>
         <input_file_ref idref="fl-2"/>
      </object_component>
      <object_component id="oc-75">
         <name>.text</name>
         <load_address>0x10c30</load_address>
         <run_address>0x10c30</run_address>
         <size>0x360</size>
         <input_file_ref idref="fl-10"/>
      </object_component>
      <object_component id="oc-b3">
         <name>.text</name>
         <load_address>0x10f90</load_address>
         <run_address>0x10f90</run_address>
         <size>0x334</size>
         <input_file_ref idref="fl-5"/>
      </object_component>
      <object_component id="oc-20a">
         <name>.text</name>
         <load_address>0x112c4</load_address>
         <run_address>0x112c4</run_address>
         <size>0x2f8</size>
         <input_file_ref idref="fl-7"/>
      </object_component>
      <object_component id="oc-204">
         <name>.text</name>
         <load_address>0x115bc</load_address>
         <run_address>0x115bc</run_address>
         <size>0x2e0</size>
         <input_file_ref idref="fl-c"/>
      </object_component>
      <object_component id="oc-4bc">
         <name>.text:_pconv_a</name>
         <load_address>0x1189c</load_address>
         <run_address>0x1189c</run_address>
         <size>0x270</size>
         <input_file_ref idref="fl-ed"/>
      </object_component>
      <object_component id="oc-1f2">
         <name>.text</name>
         <load_address>0x11b0c</load_address>
         <run_address>0x11b0c</run_address>
         <size>0x234</size>
         <input_file_ref idref="fl-12"/>
      </object_component>
      <object_component id="oc-6f">
         <name>.text</name>
         <load_address>0x11d40</load_address>
         <run_address>0x11d40</run_address>
         <size>0x1f4</size>
         <input_file_ref idref="fl-14"/>
      </object_component>
      <object_component id="oc-4aa">
         <name>.text:_pconv_g</name>
         <load_address>0x11f34</load_address>
         <run_address>0x11f34</run_address>
         <size>0x1d0</size>
         <input_file_ref idref="fl-ed"/>
      </object_component>
      <object_component id="oc-521">
         <name>.text</name>
         <load_address>0x12104</load_address>
         <run_address>0x12104</run_address>
         <size>0x1b6</size>
         <input_file_ref idref="fl-f7"/>
      </object_component>
      <object_component id="oc-1fe">
         <name>.text</name>
         <load_address>0x122bc</load_address>
         <run_address>0x122bc</run_address>
         <size>0x178</size>
         <input_file_ref idref="fl-9"/>
      </object_component>
      <object_component id="oc-210">
         <name>.text</name>
         <load_address>0x12434</load_address>
         <run_address>0x12434</run_address>
         <size>0x140</size>
         <input_file_ref idref="fl-a"/>
      </object_component>
      <object_component id="oc-4b6">
         <name>.text:_pconv_e</name>
         <load_address>0x12574</load_address>
         <run_address>0x12574</run_address>
         <size>0x13c</size>
         <input_file_ref idref="fl-ed"/>
      </object_component>
      <object_component id="oc-507">
         <name>.text</name>
         <load_address>0x126b0</load_address>
         <run_address>0x126b0</run_address>
         <size>0x136</size>
         <input_file_ref idref="fl-f9"/>
      </object_component>
      <object_component id="oc-533">
         <name>.text:fcvt</name>
         <load_address>0x127e8</load_address>
         <run_address>0x127e8</run_address>
         <size>0x124</size>
         <input_file_ref idref="fl-ed"/>
      </object_component>
      <object_component id="oc-547">
         <name>.text:scalbn</name>
         <load_address>0x1290c</load_address>
         <run_address>0x1290c</run_address>
         <size>0x110</size>
         <input_file_ref idref="fl-f6"/>
      </object_component>
      <object_component id="oc-327">
         <name>.text:CS_getDCOFrequency</name>
         <load_address>0x12a1c</load_address>
         <run_address>0x12a1c</run_address>
         <size>0x104</size>
         <input_file_ref idref="fl-1c"/>
      </object_component>
      <object_component id="oc-1ec">
         <name>.text</name>
         <load_address>0x12b20</load_address>
         <run_address>0x12b20</run_address>
         <size>0xfe</size>
         <input_file_ref idref="fl-11"/>
      </object_component>
      <object_component id="oc-502">
         <name>.text</name>
         <load_address>0x12c1e</load_address>
         <run_address>0x12c1e</run_address>
         <size>0xfc</size>
         <input_file_ref idref="fl-fa"/>
      </object_component>
      <object_component id="oc-2b1">
         <name>.text:CS_initClockSignal</name>
         <load_address>0x12d1c</load_address>
         <run_address>0x12d1c</run_address>
         <size>0xe0</size>
         <input_file_ref idref="fl-1c"/>
      </object_component>
      <object_component id="oc-4ea">
         <name>.text:__PCM_setPowerModeAdvanced</name>
         <load_address>0x12dfc</load_address>
         <run_address>0x12dfc</run_address>
         <size>0xdc</size>
         <input_file_ref idref="fl-21"/>
      </object_component>
      <object_component id="oc-49f">
         <name>.text:_ltostr</name>
         <load_address>0x12ed8</load_address>
         <run_address>0x12ed8</run_address>
         <size>0xb1</size>
         <input_file_ref idref="fl-ed"/>
      </object_component>
      <object_component id="oc-390">
         <name>.text:__PCM_setCoreVoltageLevelAdvanced</name>
         <load_address>0x12f8c</load_address>
         <run_address>0x12f8c</run_address>
         <size>0xb0</size>
         <input_file_ref idref="fl-21"/>
      </object_component>
      <object_component id="oc-39a">
         <name>.text:CS_startHFXTWithTimeout</name>
         <load_address>0x1303c</load_address>
         <run_address>0x1303c</run_address>
         <size>0x9c</size>
         <input_file_ref idref="fl-1c"/>
      </object_component>
      <object_component id="oc-222">
         <name>.text:_CSComputeCLKFrequency</name>
         <load_address>0x130d8</load_address>
         <run_address>0x130d8</run_address>
         <size>0x9c</size>
         <input_file_ref idref="fl-1c"/>
      </object_component>
      <object_component id="oc-34">
         <name>.text</name>
         <load_address>0x13174</load_address>
         <run_address>0x13174</run_address>
         <size>0x9c</size>
         <input_file_ref idref="fl-e9"/>
      </object_component>
      <object_component id="oc-484">
         <name>.text</name>
         <load_address>0x13210</load_address>
         <run_address>0x13210</run_address>
         <size>0x96</size>
         <input_file_ref idref="fl-de"/>
      </object_component>
      <object_component id="oc-301">
         <name>.text:UART_initModule</name>
         <load_address>0x132a8</load_address>
         <run_address>0x132a8</run_address>
         <size>0x94</size>
         <input_file_ref idref="fl-24"/>
      </object_component>
      <object_component id="oc-4a5">
         <name>.text:__aeabi_cdcmple</name>
         <load_address>0x1333c</load_address>
         <run_address>0x1333c</run_address>
         <size>0x86</size>
         <input_file_ref idref="fl-f8"/>
      </object_component>
      <object_component id="oc-50c">
         <name>.text:__aeabi_cdrcmple</name>
         <load_address>0x133c2</load_address>
         <run_address>0x133c2</run_address>
         <size>0x86</size>
         <input_file_ref idref="fl-f8"/>
      </object_component>
      <object_component id="oc-1e6">
         <name>.text</name>
         <load_address>0x13448</load_address>
         <run_address>0x13448</run_address>
         <size>0x84</size>
         <input_file_ref idref="fl-8"/>
      </object_component>
      <object_component id="oc-95">
         <name>.text</name>
         <load_address>0x134cc</load_address>
         <run_address>0x134cc</run_address>
         <size>0x7a</size>
         <input_file_ref idref="fl-df"/>
      </object_component>
      <object_component id="oc-46d">
         <name>.text:_CSGetHFXTFrequency</name>
         <load_address>0x13548</load_address>
         <run_address>0x13548</run_address>
         <size>0x70</size>
         <input_file_ref idref="fl-1c"/>
      </object_component>
      <object_component id="oc-52c">
         <name>.text:_mcpy</name>
         <load_address>0x135b8</load_address>
         <run_address>0x135b8</run_address>
         <size>0x6e</size>
         <input_file_ref idref="fl-ed"/>
      </object_component>
      <object_component id="oc-3c1">
         <name>.text</name>
         <load_address>0x13626</load_address>
         <run_address>0x13626</run_address>
         <size>0x6e</size>
         <input_file_ref idref="fl-dd"/>
      </object_component>
      <object_component id="oc-17e">
         <name>.text</name>
         <load_address>0x13694</load_address>
         <run_address>0x13694</run_address>
         <size>0x68</size>
         <input_file_ref idref="fl-16"/>
      </object_component>
      <object_component id="oc-14">
         <name>.text:decompress:lzss:__TI_decompress_lzss</name>
         <load_address>0x136fc</load_address>
         <run_address>0x136fc</run_address>
         <size>0x68</size>
         <input_file_ref idref="fl-e2"/>
      </object_component>
      <object_component id="oc-120">
         <name>.text:Interrupt_disableInterrupt</name>
         <load_address>0x13764</load_address>
         <run_address>0x13764</run_address>
         <size>0x64</size>
         <input_file_ref idref="fl-20"/>
      </object_component>
      <object_component id="oc-114">
         <name>.text:Interrupt_enableInterrupt</name>
         <load_address>0x137c8</load_address>
         <run_address>0x137c8</run_address>
         <size>0x64</size>
         <input_file_ref idref="fl-20"/>
      </object_component>
      <object_component id="oc-541">
         <name>.text:frexp</name>
         <load_address>0x1382c</load_address>
         <run_address>0x1382c</run_address>
         <size>0x64</size>
         <input_file_ref idref="fl-f5"/>
      </object_component>
      <object_component id="oc-4b0">
         <name>.text:_pconv_f</name>
         <load_address>0x13890</load_address>
         <run_address>0x13890</run_address>
         <size>0x56</size>
         <input_file_ref idref="fl-ed"/>
      </object_component>
      <object_component id="oc-516">
         <name>.text:ltoa</name>
         <load_address>0x138e6</load_address>
         <run_address>0x138e6</run_address>
         <size>0x54</size>
         <input_file_ref idref="fl-f0"/>
      </object_component>
      <object_component id="oc-526">
         <name>.text:_ecpy</name>
         <load_address>0x1393a</load_address>
         <run_address>0x1393a</run_address>
         <size>0x52</size>
         <input_file_ref idref="fl-ed"/>
      </object_component>
      <object_component id="oc-6a">
         <name>.text</name>
         <load_address>0x1398c</load_address>
         <run_address>0x1398c</run_address>
         <size>0x50</size>
         <input_file_ref idref="fl-15"/>
      </object_component>
      <object_component id="oc-415">
         <name>.text:SysCtl_getTLVInfo</name>
         <load_address>0x139dc</load_address>
         <run_address>0x139dc</run_address>
         <size>0x50</size>
         <input_file_ref idref="fl-23"/>
      </object_component>
      <object_component id="oc-e4">
         <name>.text:GPIO_setAsPeripheralModuleFunctionOutputPin</name>
         <load_address>0x13a2c</load_address>
         <run_address>0x13a2c</run_address>
         <size>0x4c</size>
         <input_file_ref idref="fl-1e"/>
      </object_component>
      <object_component id="oc-40f">
         <name>.text:_CSGetDOCFrequency</name>
         <load_address>0x13a78</load_address>
         <run_address>0x13a78</run_address>
         <size>0x4c</size>
         <input_file_ref idref="fl-1c"/>
      </object_component>
      <object_component id="oc-499">
         <name>.text:atoi</name>
         <load_address>0x13ac4</load_address>
         <run_address>0x13ac4</run_address>
         <size>0x4c</size>
         <input_file_ref idref="fl-ee"/>
      </object_component>
      <object_component id="oc-30d">
         <name>.text:snprintf</name>
         <load_address>0x13b10</load_address>
         <run_address>0x13b10</run_address>
         <size>0x4c</size>
         <input_file_ref idref="fl-e7"/>
      </object_component>
      <object_component id="oc-2fb">
         <name>.text:GPIO_setAsPeripheralModuleFunctionInputPin</name>
         <load_address>0x13b5c</load_address>
         <run_address>0x13b5c</run_address>
         <size>0x48</size>
         <input_file_ref idref="fl-1e"/>
      </object_component>
      <object_component id="oc-321">
         <name>.text:_CSGetDividerValue</name>
         <load_address>0x13ba4</load_address>
         <run_address>0x13ba4</run_address>
         <size>0x48</size>
         <input_file_ref idref="fl-1c"/>
      </object_component>
      <object_component id="oc-511">
         <name>.text</name>
         <load_address>0x13bec</load_address>
         <run_address>0x13bec</run_address>
         <size>0x48</size>
         <input_file_ref idref="fl-fb"/>
      </object_component>
      <object_component id="oc-19d">
         <name>.text:__TI_auto_init_nobinit_nopinit:__TI_auto_init_nobinit_nopinit</name>
         <load_address>0x13c34</load_address>
         <run_address>0x13c34</run_address>
         <size>0x44</size>
         <input_file_ref idref="fl-ea"/>
      </object_component>
      <object_component id="oc-a1">
         <name>.text</name>
         <load_address>0x13c78</load_address>
         <run_address>0x13c78</run_address>
         <size>0x44</size>
         <input_file_ref idref="fl-3"/>
      </object_component>
      <object_component id="oc-f6">
         <name>.text:I2C_initMaster</name>
         <load_address>0x13cbc</load_address>
         <run_address>0x13cbc</run_address>
         <size>0x3e</size>
         <input_file_ref idref="fl-1f"/>
      </object_component>
      <object_component id="oc-539">
         <name>.text:_fcpy</name>
         <load_address>0x13cfa</load_address>
         <run_address>0x13cfa</run_address>
         <size>0x3e</size>
         <input_file_ref idref="fl-ed"/>
      </object_component>
      <object_component id="oc-10e">
         <name>.text:I2C_masterSendMultiByteStart</name>
         <load_address>0x13d38</load_address>
         <run_address>0x13d38</run_address>
         <size>0x38</size>
         <input_file_ref idref="fl-1f"/>
      </object_component>
      <object_component id="oc-52">
         <name>.text:_c_int00_noargs:_c_int00_noargs</name>
         <load_address>0x13d70</load_address>
         <run_address>0x13d70</run_address>
         <size>0x38</size>
         <input_file_ref idref="fl-e3"/>
      </object_component>
      <object_component id="oc-be">
         <name>.text</name>
         <load_address>0x13da8</load_address>
         <run_address>0x13da8</run_address>
         <size>0x34</size>
         <input_file_ref idref="fl-6"/>
      </object_component>
      <object_component id="oc-13e">
         <name>.text:I2C_masterSendMultiByteStop</name>
         <load_address>0x13ddc</load_address>
         <run_address>0x13ddc</run_address>
         <size>0x30</size>
         <input_file_ref idref="fl-1f"/>
      </object_component>
      <object_component id="oc-3dc">
         <name>.text:_outs</name>
         <load_address>0x13e0c</load_address>
         <run_address>0x13e0c</run_address>
         <size>0x30</size>
         <input_file_ref idref="fl-e7"/>
      </object_component>
      <object_component id="oc-51c">
         <name>.text</name>
         <load_address>0x13e3c</load_address>
         <run_address>0x13e3c</run_address>
         <size>0x2e</size>
         <input_file_ref idref="fl-fc"/>
      </object_component>
      <object_component id="oc-44b">
         <name>.text:PCM_getCoreVoltageLevel</name>
         <load_address>0x13e6a</load_address>
         <run_address>0x13e6a</run_address>
         <size>0x2c</size>
         <input_file_ref idref="fl-21"/>
      </object_component>
      <object_component id="oc-445">
         <name>.text:PCM_getPowerMode</name>
         <load_address>0x13e96</load_address>
         <run_address>0x13e96</run_address>
         <size>0x2a</size>
         <input_file_ref idref="fl-21"/>
      </object_component>
      <object_component id="oc-2a5">
         <name>.text:FlashCtl_setWaitState</name>
         <load_address>0x13ec0</load_address>
         <run_address>0x13ec0</run_address>
         <size>0x28</size>
         <input_file_ref idref="fl-1d"/>
      </object_component>
      <object_component id="oc-2cd">
         <name>.text</name>
         <load_address>0x13ee8</load_address>
         <run_address>0x13ee8</run_address>
         <size>0x26</size>
         <input_file_ref idref="fl-f"/>
      </object_component>
      <object_component id="oc-32d">
         <name>.text:CS_clearInterruptFlag</name>
         <load_address>0x13f10</load_address>
         <run_address>0x13f10</run_address>
         <size>0x24</size>
         <input_file_ref idref="fl-1c"/>
      </object_component>
      <object_component id="oc-14a">
         <name>.text:I2C_masterSendMultiByteNext</name>
         <load_address>0x13f34</load_address>
         <run_address>0x13f34</run_address>
         <size>0x24</size>
         <input_file_ref idref="fl-1f"/>
      </object_component>
      <object_component id="oc-2de">
         <name>.text:Interrupt_setPriority</name>
         <load_address>0x13f58</load_address>
         <run_address>0x13f58</run_address>
         <size>0x24</size>
         <input_file_ref idref="fl-20"/>
      </object_component>
      <object_component id="oc-2f5">
         <name>.text:UART_transmitData</name>
         <load_address>0x13f7c</load_address>
         <run_address>0x13f7c</run_address>
         <size>0x24</size>
         <input_file_ref idref="fl-24"/>
      </object_component>
      <object_component id="oc-4c2">
         <name>.text:memccpy</name>
         <load_address>0x13fa0</load_address>
         <run_address>0x13fa0</run_address>
         <size>0x1c</size>
         <input_file_ref idref="fl-f1"/>
      </object_component>
      <object_component id="oc-2b7">
         <name>.text:CS_getMCLK</name>
         <load_address>0x13fbc</load_address>
         <run_address>0x13fbc</run_address>
         <size>0x18</size>
         <input_file_ref idref="fl-1c"/>
      </object_component>
      <object_component id="oc-de">
         <name>.text:CS_getSMCLK</name>
         <load_address>0x13fd4</load_address>
         <run_address>0x13fd4</run_address>
         <size>0x18</size>
         <input_file_ref idref="fl-1c"/>
      </object_component>
      <object_component id="oc-1da">
         <name>.text:WDT_A_clearTimer</name>
         <load_address>0x13fec</load_address>
         <run_address>0x13fec</run_address>
         <size>0x18</size>
         <input_file_ref idref="fl-25"/>
      </object_component>
      <object_component id="oc-1e0">
         <name>.text:WDT_A_holdTimer</name>
         <load_address>0x14004</load_address>
         <run_address>0x14004</run_address>
         <size>0x18</size>
         <input_file_ref idref="fl-25"/>
      </object_component>
      <object_component id="oc-3e2">
         <name>.text:_outc</name>
         <load_address>0x1401c</load_address>
         <run_address>0x1401c</run_address>
         <size>0x18</size>
         <input_file_ref idref="fl-e7"/>
      </object_component>
      <object_component id="oc-3bc">
         <name>.text</name>
         <load_address>0x14034</load_address>
         <run_address>0x14034</run_address>
         <size>0x18</size>
         <input_file_ref idref="fl-dc"/>
      </object_component>
      <object_component id="oc-54d">
         <name>.text:strchr</name>
         <load_address>0x1404c</load_address>
         <run_address>0x1404c</run_address>
         <size>0x16</size>
         <input_file_ref idref="fl-f2"/>
      </object_component>
      <object_component id="oc-29f">
         <name>.text:CS_setExternalClockSourceFrequency</name>
         <load_address>0x14064</load_address>
         <run_address>0x14064</run_address>
         <size>0x14</size>
         <input_file_ref idref="fl-1c"/>
      </object_component>
      <object_component id="oc-ea">
         <name>.text:I2C_isBusBusy</name>
         <load_address>0x14078</load_address>
         <run_address>0x14078</run_address>
         <size>0x14</size>
         <input_file_ref idref="fl-1f"/>
      </object_component>
      <object_component id="oc-58b">
         <name>.text:copysign</name>
         <load_address>0x1408c</load_address>
         <run_address>0x1408c</run_address>
         <size>0x14</size>
         <input_file_ref idref="fl-fe"/>
      </object_component>
      <object_component id="oc-493">
         <name>.text:strlen</name>
         <load_address>0x140a0</load_address>
         <run_address>0x140a0</run_address>
         <size>0x14</size>
         <input_file_ref idref="fl-f3"/>
      </object_component>
      <object_component id="oc-4c8">
         <name>.text:wcslen</name>
         <load_address>0x140b4</load_address>
         <run_address>0x140b4</run_address>
         <size>0x12</size>
         <input_file_ref idref="fl-f4"/>
      </object_component>
      <object_component id="oc-12c">
         <name>.text:I2C_masterReceiveStart</name>
         <load_address>0x140c6</load_address>
         <run_address>0x140c6</run_address>
         <size>0x10</size>
         <input_file_ref idref="fl-1f"/>
      </object_component>
      <object_component id="oc-467">
         <name>.text:SysCtl_disableNMISource</name>
         <load_address>0x140d8</load_address>
         <run_address>0x140d8</run_address>
         <size>0x10</size>
         <input_file_ref idref="fl-23"/>
      </object_component>
      <object_component id="oc-473">
         <name>.text:SysCtl_enableNMISource</name>
         <load_address>0x140e8</load_address>
         <run_address>0x140e8</run_address>
         <size>0x10</size>
         <input_file_ref idref="fl-23"/>
      </object_component>
      <object_component id="oc-259">
         <name>.text</name>
         <load_address>0x140f8</load_address>
         <run_address>0x140f8</run_address>
         <size>0xe</size>
         <input_file_ref idref="fl-13"/>
      </object_component>
      <object_component id="oc-138">
         <name>.text:I2C_clearInterruptFlag</name>
         <load_address>0x14106</load_address>
         <run_address>0x14106</run_address>
         <size>0xe</size>
         <input_file_ref idref="fl-1f"/>
      </object_component>
      <object_component id="oc-11a">
         <name>.text:I2C_disableInterrupt</name>
         <load_address>0x14114</load_address>
         <run_address>0x14114</run_address>
         <size>0xe</size>
         <input_file_ref idref="fl-1f"/>
      </object_component>
      <object_component id="oc-1a">
         <name>.text:decompress:none:__TI_decompress_none</name>
         <load_address>0x14122</load_address>
         <run_address>0x14122</run_address>
         <size>0xe</size>
         <input_file_ref idref="fl-e1"/>
      </object_component>
      <object_component id="oc-64">
         <name>.text</name>
         <load_address>0x14130</load_address>
         <run_address>0x14130</run_address>
         <size>0xe</size>
         <input_file_ref idref="fl-4"/>
      </object_component>
      <object_component id="oc-f0">
         <name>.text:I2C_disableModule</name>
         <load_address>0x1413e</load_address>
         <run_address>0x1413e</run_address>
         <size>0xc</size>
         <input_file_ref idref="fl-1f"/>
      </object_component>
      <object_component id="oc-102">
         <name>.text:I2C_enableModule</name>
         <load_address>0x1414a</load_address>
         <run_address>0x1414a</run_address>
         <size>0xc</size>
         <input_file_ref idref="fl-1f"/>
      </object_component>
      <object_component id="oc-451">
         <name>.text:PCM_getPowerState</name>
         <load_address>0x14158</load_address>
         <run_address>0x14158</run_address>
         <size>0xc</size>
         <input_file_ref idref="fl-21"/>
      </object_component>
      <object_component id="oc-461">
         <name>.text:SysCtl_getNMISourceStatus</name>
         <load_address>0x14164</load_address>
         <run_address>0x14164</run_address>
         <size>0xc</size>
         <input_file_ref idref="fl-23"/>
      </object_component>
      <object_component id="oc-307">
         <name>.text:UART_enableModule</name>
         <load_address>0x14170</load_address>
         <run_address>0x14170</run_address>
         <size>0xc</size>
         <input_file_ref idref="fl-24"/>
      </object_component>
      <object_component id="oc-46">
         <name>.text:decompress:ZI:__TI_zero_init</name>
         <load_address>0x1417c</load_address>
         <run_address>0x1417c</run_address>
         <size>0xc</size>
         <input_file_ref idref="fl-e0"/>
      </object_component>
      <object_component id="oc-108">
         <name>.text:I2C_enableInterrupt</name>
         <load_address>0x14188</load_address>
         <run_address>0x14188</run_address>
         <size>0x8</size>
         <input_file_ref idref="fl-1f"/>
      </object_component>
      <object_component id="oc-299">
         <name>.text:PCM_setCoreVoltageLevel</name>
         <load_address>0x14190</load_address>
         <run_address>0x14190</run_address>
         <size>0x8</size>
         <input_file_ref idref="fl-21"/>
      </object_component>
      <object_component id="oc-457">
         <name>.text:PCM_setPowerMode</name>
         <load_address>0x14198</load_address>
         <run_address>0x14198</run_address>
         <size>0x8</size>
         <input_file_ref idref="fl-21"/>
      </object_component>
      <object_component id="oc-4ce">
         <name>.text:__aeabi_errno_addr</name>
         <load_address>0x141a0</load_address>
         <run_address>0x141a0</run_address>
         <size>0x8</size>
         <input_file_ref idref="fl-fd"/>
      </object_component>
      <object_component id="oc-2ab">
         <name>.text:CS_startHFXT</name>
         <load_address>0x141a8</load_address>
         <run_address>0x141a8</run_address>
         <size>0x6</size>
         <input_file_ref idref="fl-1c"/>
      </object_component>
      <object_component id="oc-132">
         <name>.text:I2C_getEnabledInterruptStatus</name>
         <load_address>0x141ae</load_address>
         <run_address>0x141ae</run_address>
         <size>0x6</size>
         <input_file_ref idref="fl-1f"/>
      </object_component>
      <object_component id="oc-126">
         <name>.text:I2C_getInterruptStatus</name>
         <load_address>0x141b4</load_address>
         <run_address>0x141b4</run_address>
         <size>0x6</size>
         <input_file_ref idref="fl-1f"/>
      </object_component>
      <object_component id="oc-144">
         <name>.text:I2C_masterReceiveMultiByteNext</name>
         <load_address>0x141ba</load_address>
         <run_address>0x141ba</run_address>
         <size>0x6</size>
         <input_file_ref idref="fl-1f"/>
      </object_component>
      <object_component id="oc-3b1">
         <name>.text:SysCtlDelay</name>
         <load_address>0x141c0</load_address>
         <run_address>0x141c0</run_address>
         <size>0x6</size>
         <input_file_ref idref="fl-f"/>
      </object_component>
      <object_component id="oc-fc">
         <name>.text:I2C_setSlaveAddress</name>
         <load_address>0x141c6</load_address>
         <run_address>0x141c6</run_address>
         <size>0x4</size>
         <input_file_ref idref="fl-1f"/>
      </object_component>
      <object_component id="oc-9b">
         <name>.text:_system_pre_init</name>
         <load_address>0x141ca</load_address>
         <run_address>0x141ca</run_address>
         <size>0x4</size>
         <input_file_ref idref="fl-eb"/>
      </object_component>
      <object_component id="oc-191">
         <name>.text:abort:abort</name>
         <load_address>0x141ce</load_address>
         <run_address>0x141ce</run_address>
         <size>0x4</size>
         <input_file_ref idref="fl-e4"/>
      </object_component>
      <object_component id="oc-4fb">
         <name>.const:.string:_ctypes_</name>
         <load_address>0x141d4</load_address>
         <run_address>0x141d4</run_address>
         <size>0x101</size>
         <input_file_ref idref="fl-ef"/>
      </object_component>
      <object_component id="oc-366">
         <name>.const:.string:INVALID_OFFSET</name>
         <load_address>0x142d5</load_address>
         <run_address>0x142d5</run_address>
         <size>0x3</size>
         <input_file_ref idref="fl-d"/>
      </object_component>
      <object_component id="oc-3b3">
         <name>.const:g_pulRegs</name>
         <load_address>0x142d8</load_address>
         <run_address>0x142d8</run_address>
         <size>0x50</size>
         <input_file_ref idref="fl-20"/>
      </object_component>
      <object_component id="oc-23b">
         <name>.const</name>
         <load_address>0x14328</load_address>
         <run_address>0x14328</run_address>
         <size>0x40</size>
         <input_file_ref idref="fl-20"/>
      </object_component>
      <object_component id="oc-313">
         <name>.const:backChannelUart115200Config</name>
         <load_address>0x14368</load_address>
         <run_address>0x14368</run_address>
         <size>0x24</size>
         <input_file_ref idref="fl-7"/>
      </object_component>
      <object_component id="oc-369">
         <name>.const:yas532_version_ac_coef</name>
         <load_address>0x1438c</load_address>
         <run_address>0x1438c</run_address>
         <size>0xc</size>
         <input_file_ref idref="fl-d"/>
      </object_component>
      <object_component id="oc-36d">
         <name>.const:v_calib_data$2</name>
         <load_address>0x14398</load_address>
         <run_address>0x14398</run_address>
         <size>0x8</size>
         <input_file_ref idref="fl-d"/>
      </object_component>
      <object_component id="oc-2f1">
         <name>.const:.string:$P$T0$1</name>
         <load_address>0x143a0</load_address>
         <run_address>0x143a0</run_address>
         <size>0x5</size>
         <input_file_ref idref="fl-c"/>
      </object_component>
      <object_component id="oc-36c">
         <name>.const:.string:v_correct_u8$1</name>
         <load_address>0x143a5</load_address>
         <run_address>0x143a5</run_address>
         <size>0x5</size>
         <input_file_ref idref="fl-d"/>
      </object_component>
      <object_component id="oc-5e6">
         <name>.cinit..data.load</name>
         <load_address>0x143b0</load_address>
         <run_address>0x143b0</run_address>
         <size>0x43</size>
      </object_component>
      <object_component id="oc-5e4">
         <name>__TI_handler_table</name>
         <load_address>0x143f4</load_address>
         <run_address>0x143f4</run_address>
         <size>0xc</size>
      </object_component>
      <object_component id="oc-5e7">
         <name>.cinit..bss.load</name>
         <load_address>0x14400</load_address>
         <run_address>0x14400</run_address>
         <size>0x8</size>
      </object_component>
      <object_component id="oc-5e5">
         <name>__TI_cinit_table</name>
         <load_address>0x14408</load_address>
         <run_address>0x14408</run_address>
         <size>0x10</size>
      </object_component>
      <object_component id="oc-5b9">
         <name>.binit</name>
         <load_address>0x0</load_address>
         <run_address>0x0</run_address>
         <size>0x0</size>
      </object_component>
      <object_component id="oc-1cf">
         <name>.data</name>
         <load_address>0x200070f4</load_address>
         <run_address>0x200070f4</run_address>
         <size>0x4</size>
         <input_file_ref idref="fl-5"/>
      </object_component>
      <object_component id="oc-35a">
         <name>.data</name>
         <load_address>0x200070e8</load_address>
         <run_address>0x200070e8</run_address>
         <size>0x8</size>
         <input_file_ref idref="fl-d"/>
      </object_component>
      <object_component id="oc-352">
         <name>.data:v_fifo_data_u8</name>
         <load_address>0x20006ca4</load_address>
         <run_address>0x20006ca4</run_address>
         <size>0x400</size>
         <input_file_ref idref="fl-d"/>
      </object_component>
      <object_component id="oc-158">
         <name>.data</name>
         <load_address>0x200070f8</load_address>
         <run_address>0x200070f8</run_address>
         <size>0x1</size>
         <input_file_ref idref="fl-10"/>
      </object_component>
      <object_component id="oc-150">
         <name>.data:i2cConfig</name>
         <load_address>0x200070d4</load_address>
         <run_address>0x200070d4</run_address>
         <size>0x14</size>
         <input_file_ref idref="fl-10"/>
      </object_component>
      <object_component id="oc-22e">
         <name>.data:GPIO_PORT_TO_BASE</name>
         <load_address>0x200070a4</load_address>
         <run_address>0x200070a4</run_address>
         <size>0x30</size>
         <input_file_ref idref="fl-1e"/>
      </object_component>
      <object_component id="oc-55d">
         <name>.data</name>
         <load_address>0x200070f0</load_address>
         <run_address>0x200070f0</run_address>
         <size>0x4</size>
         <input_file_ref idref="fl-fd"/>
      </object_component>
      <object_component id="oc-316">
         <name>.bss:backChannelStringBuff</name>
         <uninitialized>true</uninitialized>
         <run_address>0x20006a44</run_address>
         <size>0x100</size>
         <input_file_ref idref="fl-7"/>
      </object_component>
      <object_component id="oc-3b9">
         <name>.bss</name>
         <uninitialized>true</uninitialized>
         <run_address>0x20006c6c</run_address>
         <size>0x4</size>
         <input_file_ref idref="fl-b"/>
      </object_component>
      <object_component id="oc-34f">
         <name>.bss</name>
         <uninitialized>true</uninitialized>
         <run_address>0x20006c70</run_address>
         <size>0x4</size>
         <input_file_ref idref="fl-d"/>
      </object_component>
      <object_component id="oc-35d">
         <name>.bss:mag_trim</name>
         <uninitialized>true</uninitialized>
         <run_address>0x20006c4c</run_address>
         <size>0x10</size>
         <input_file_ref idref="fl-d"/>
      </object_component>
      <object_component id="oc-360">
         <name>.bss:akm_asa_data</name>
         <uninitialized>true</uninitialized>
         <run_address>0x20006c9c</run_address>
         <size>0x3</size>
         <input_file_ref idref="fl-d"/>
      </object_component>
      <object_component id="oc-363">
         <name>.bss:yas532_data</name>
         <uninitialized>true</uninitialized>
         <run_address>0x20006b44</run_address>
         <size>0x70</size>
         <input_file_ref idref="fl-d"/>
      </object_component>
      <object_component id="oc-2c3">
         <name>.bss:buf</name>
         <uninitialized>true</uninitialized>
         <run_address>0x20006c74</run_address>
         <size>0x4</size>
         <input_file_ref idref="fl-12"/>
      </object_component>
      <object_component id="oc-2c0">
         <name>.bss</name>
         <uninitialized>true</uninitialized>
         <run_address>0x20006ca0</run_address>
         <size>0x2</size>
         <input_file_ref idref="fl-12"/>
      </object_component>
      <object_component id="oc-c8">
         <name>.bss:threadControlBlocks</name>
         <uninitialized>true</uninitialized>
         <run_address>0x20006bb4</run_address>
         <size>0x48</size>
         <input_file_ref idref="fl-14"/>
      </object_component>
      <object_component id="oc-cb">
         <name>.bss:threadStacks</name>
         <uninitialized>true</uninitialized>
         <run_address>0x20000000</run_address>
         <size>0x6000</size>
         <input_file_ref idref="fl-14"/>
      </object_component>
      <object_component id="oc-c5">
         <name>.bss</name>
         <uninitialized>true</uninitialized>
         <run_address>0x20006c68</run_address>
         <size>0x4</size>
         <input_file_ref idref="fl-14"/>
      </object_component>
      <object_component id="oc-184">
         <name>.common:sensorSemaphore</name>
         <uninitialized>true</uninitialized>
         <run_address>0x20006c98</run_address>
         <size>0x4</size>
      </object_component>
      <object_component id="oc-189">
         <name>.common:LEDSemaphore</name>
         <uninitialized>true</uninitialized>
         <run_address>0x20006c80</run_address>
         <size>0x4</size>
      </object_component>
      <object_component id="oc-2e4">
         <name>.common:ButtonFunction</name>
         <uninitialized>true</uninitialized>
         <run_address>0x20006c78</run_address>
         <size>0x4</size>
      </object_component>
      <object_component id="oc-2ee">
         <name>.common:bme280</name>
         <uninitialized>true</uninitialized>
         <run_address>0x20006bfc</run_address>
         <size>0x3c</size>
      </object_component>
      <object_component id="oc-355">
         <name>.common:accel_fifo</name>
         <uninitialized>true</uninitialized>
         <run_address>0x20006000</run_address>
         <size>0x36c</size>
      </object_component>
      <object_component id="oc-358">
         <name>.common:gyro_fifo</name>
         <uninitialized>true</uninitialized>
         <run_address>0x2000636c</run_address>
         <size>0x36c</size>
      </object_component>
      <object_component id="oc-359">
         <name>.common:mag_fifo</name>
         <uninitialized>true</uninitialized>
         <run_address>0x200066d8</run_address>
         <size>0x36c</size>
      </object_component>
      <object_component id="oc-2c8">
         <name>.common:s_bmi160</name>
         <uninitialized>true</uninitialized>
         <run_address>0x20006c38</run_address>
         <size>0x14</size>
      </object_component>
      <object_component id="oc-2cb">
         <name>.common:gyroxyz</name>
         <uninitialized>true</uninitialized>
         <run_address>0x20006c62</run_address>
         <size>0x6</size>
      </object_component>
      <object_component id="oc-2cc">
         <name>.common:accelxyz</name>
         <uninitialized>true</uninitialized>
         <run_address>0x20006c5c</run_address>
         <size>0x6</size>
      </object_component>
      <object_component id="oc-156">
         <name>.common:ui8Status</name>
         <uninitialized>true</uninitialized>
         <run_address>0x20006ca2</run_address>
         <size>0x1</size>
      </object_component>
      <object_component id="oc-153">
         <name>.common:pData</name>
         <uninitialized>true</uninitialized>
         <run_address>0x20006c94</run_address>
         <size>0x4</size>
      </object_component>
      <object_component id="oc-15b">
         <name>.common:ui8DummyRead</name>
         <uninitialized>true</uninitialized>
         <run_address>0x20006c9f</run_address>
         <size>0x1</size>
      </object_component>
      <object_component id="oc-157">
         <name>.common:g_ui32ByteCount</name>
         <uninitialized>true</uninitialized>
         <run_address>0x20006c88</run_address>
         <size>0x4</size>
      </object_component>
      <object_component id="oc-ba">
         <name>.common:CurrentlyRunningThread</name>
         <uninitialized>true</uninitialized>
         <run_address>0x20006c7c</run_address>
         <size>0x4</size>
      </object_component>
      <object_component id="oc-c4">
         <name>.common:SystemTime</name>
         <uninitialized>true</uninitialized>
         <run_address>0x20006c84</run_address>
         <size>0x4</size>
      </object_component>
      <object_component id="oc-333">
         <name>.common:hfxtFreq</name>
         <uninitialized>true</uninitialized>
         <run_address>0x20006c8c</run_address>
         <size>0x4</size>
      </object_component>
      <object_component id="oc-336">
         <name>.common:lfxtFreq</name>
         <uninitialized>true</uninitialized>
         <run_address>0x20006c90</run_address>
         <size>0x4</size>
      </object_component>
      <object_component id="oc-26">
         <name>.stack</name>
         <uninitialized>true</uninitialized>
         <run_address>0x2000fe00</run_address>
         <size>0x4</size>
         <input_file_ref idref="fl-e3"/>
      </object_component>
      <object_component id="oc-5e8">
         <name>.stack</name>
         <uninitialized>true</uninitialized>
         <run_address>0x2000fe00</run_address>
         <size>0x0</size>
      </object_component>
      <object_component id="oc-185">
         <name>.debug_info</name>
         <load_address>0x0</load_address>
         <run_address>0x0</run_address>
         <size>0x7bd</size>
         <input_file_ref idref="fl-2"/>
      </object_component>
      <object_component id="oc-18b">
         <name>.debug_info</name>
         <load_address>0x7bd</load_address>
         <run_address>0x7bd</run_address>
         <size>0x80a</size>
         <input_file_ref idref="fl-2"/>
      </object_component>
      <object_component id="oc-31b">
         <name>.debug_info</name>
         <load_address>0xfc7</load_address>
         <run_address>0xfc7</run_address>
         <size>0x51</size>
         <input_file_ref idref="fl-2"/>
      </object_component>
      <object_component id="oc-169">
         <name>.debug_info</name>
         <load_address>0x1018</load_address>
         <run_address>0x1018</run_address>
         <size>0x26b</size>
         <input_file_ref idref="fl-2"/>
      </object_component>
      <object_component id="oc-1d5">
         <name>.debug_info</name>
         <load_address>0x1283</load_address>
         <run_address>0x1283</run_address>
         <size>0x1055</size>
         <input_file_ref idref="fl-2"/>
      </object_component>
      <object_component id="oc-d9">
         <name>.debug_info</name>
         <load_address>0x22d8</load_address>
         <run_address>0x22d8</run_address>
         <size>0x37e2</size>
         <input_file_ref idref="fl-2"/>
      </object_component>
      <object_component id="oc-252">
         <name>.debug_info</name>
         <load_address>0x5aba</load_address>
         <run_address>0x5aba</run_address>
         <size>0x9a</size>
         <input_file_ref idref="fl-2"/>
      </object_component>
      <object_component id="oc-15d">
         <name>.debug_info</name>
         <load_address>0x5b54</load_address>
         <run_address>0x5b54</run_address>
         <size>0x8b</size>
         <input_file_ref idref="fl-2"/>
      </object_component>
      <object_component id="oc-21d">
         <name>.debug_info</name>
         <load_address>0x5bdf</load_address>
         <run_address>0x5bdf</run_address>
         <size>0x297</size>
         <input_file_ref idref="fl-2"/>
      </object_component>
      <object_component id="oc-162">
         <name>.debug_info</name>
         <load_address>0x5e76</load_address>
         <run_address>0x5e76</run_address>
         <size>0xef</size>
         <input_file_ref idref="fl-2"/>
      </object_component>
      <object_component id="oc-cf">
         <name>.debug_info</name>
         <load_address>0x5f65</load_address>
         <run_address>0x5f65</run_address>
         <size>0xbb</size>
         <input_file_ref idref="fl-2"/>
      </object_component>
      <object_component id="oc-262">
         <name>.debug_info</name>
         <load_address>0x6020</load_address>
         <run_address>0x6020</run_address>
         <size>0x338</size>
         <input_file_ref idref="fl-2"/>
      </object_component>
      <object_component id="oc-267">
         <name>.debug_info</name>
         <load_address>0x6358</load_address>
         <run_address>0x6358</run_address>
         <size>0x2c</size>
         <input_file_ref idref="fl-2"/>
      </object_component>
      <object_component id="oc-3ff">
         <name>.debug_info</name>
         <load_address>0x6384</load_address>
         <run_address>0x6384</run_address>
         <size>0xee</size>
         <input_file_ref idref="fl-2"/>
      </object_component>
      <object_component id="oc-404">
         <name>.debug_info</name>
         <load_address>0x6472</load_address>
         <run_address>0x6472</run_address>
         <size>0x661</size>
         <input_file_ref idref="fl-2"/>
      </object_component>
      <object_component id="oc-187">
         <name>.debug_info</name>
         <load_address>0x6ad3</load_address>
         <run_address>0x6ad3</run_address>
         <size>0x67d</size>
         <input_file_ref idref="fl-3"/>
      </object_component>
      <object_component id="oc-a2">
         <name>.debug_info</name>
         <load_address>0x7150</load_address>
         <run_address>0x7150</run_address>
         <size>0x18b</size>
         <input_file_ref idref="fl-3"/>
      </object_component>
      <object_component id="oc-2f">
         <name>.debug_info</name>
         <load_address>0x72db</load_address>
         <run_address>0x72db</run_address>
         <size>0x84</size>
         <input_file_ref idref="fl-3"/>
      </object_component>
      <object_component id="oc-7d">
         <name>.debug_info</name>
         <load_address>0x735f</load_address>
         <run_address>0x735f</run_address>
         <size>0x2bf</size>
         <input_file_ref idref="fl-4"/>
      </object_component>
      <object_component id="oc-24">
         <name>.debug_info</name>
         <load_address>0x761e</load_address>
         <run_address>0x761e</run_address>
         <size>0xeb</size>
         <input_file_ref idref="fl-4"/>
      </object_component>
      <object_component id="oc-65">
         <name>.debug_info</name>
         <load_address>0x7709</load_address>
         <run_address>0x7709</run_address>
         <size>0x1b2</size>
         <input_file_ref idref="fl-4"/>
      </object_component>
      <object_component id="oc-1d0">
         <name>.debug_info</name>
         <load_address>0x78bb</load_address>
         <run_address>0x78bb</run_address>
         <size>0xe4</size>
         <input_file_ref idref="fl-5"/>
      </object_component>
      <object_component id="oc-b6">
         <name>.debug_info</name>
         <load_address>0x799f</load_address>
         <run_address>0x799f</run_address>
         <size>0x256</size>
         <input_file_ref idref="fl-5"/>
      </object_component>
      <object_component id="oc-bf">
         <name>.debug_info</name>
         <load_address>0x7bf5</load_address>
         <run_address>0x7bf5</run_address>
         <size>0x2b0</size>
         <input_file_ref idref="fl-6"/>
      </object_component>
      <object_component id="oc-24d">
         <name>.debug_info</name>
         <load_address>0x7ea5</load_address>
         <run_address>0x7ea5</run_address>
         <size>0x6c</size>
         <input_file_ref idref="fl-6"/>
      </object_component>
      <object_component id="oc-31a">
         <name>.debug_info</name>
         <load_address>0x7f11</load_address>
         <run_address>0x7f11</run_address>
         <size>0x7c5</size>
         <input_file_ref idref="fl-7"/>
      </object_component>
      <object_component id="oc-314">
         <name>.debug_info</name>
         <load_address>0x86d6</load_address>
         <run_address>0x86d6</run_address>
         <size>0x12e</size>
         <input_file_ref idref="fl-7"/>
      </object_component>
      <object_component id="oc-317">
         <name>.debug_info</name>
         <load_address>0x8804</load_address>
         <run_address>0x8804</run_address>
         <size>0x122</size>
         <input_file_ref idref="fl-7"/>
      </object_component>
      <object_component id="oc-20b">
         <name>.debug_info</name>
         <load_address>0x8926</load_address>
         <run_address>0x8926</run_address>
         <size>0xe2a</size>
         <input_file_ref idref="fl-7"/>
      </object_component>
      <object_component id="oc-409">
         <name>.debug_info</name>
         <load_address>0x9750</load_address>
         <run_address>0x9750</run_address>
         <size>0xcc</size>
         <input_file_ref idref="fl-7"/>
      </object_component>
      <object_component id="oc-3f4">
         <name>.debug_info</name>
         <load_address>0x981c</load_address>
         <run_address>0x981c</run_address>
         <size>0x2c</size>
         <input_file_ref idref="fl-7"/>
      </object_component>
      <object_component id="oc-1e8">
         <name>.debug_info</name>
         <load_address>0x9848</load_address>
         <run_address>0x9848</run_address>
         <size>0x3a7</size>
         <input_file_ref idref="fl-8"/>
      </object_component>
      <object_component id="oc-2e5">
         <name>.debug_info</name>
         <load_address>0x9bef</load_address>
         <run_address>0x9bef</run_address>
         <size>0x5e1</size>
         <input_file_ref idref="fl-9"/>
      </object_component>
      <object_component id="oc-200">
         <name>.debug_info</name>
         <load_address>0xa1d0</load_address>
         <run_address>0xa1d0</run_address>
         <size>0x627</size>
         <input_file_ref idref="fl-9"/>
      </object_component>
      <object_component id="oc-211">
         <name>.debug_info</name>
         <load_address>0xa7f7</load_address>
         <run_address>0xa7f7</run_address>
         <size>0x37a</size>
         <input_file_ref idref="fl-a"/>
      </object_component>
      <object_component id="oc-3c7">
         <name>.debug_info</name>
         <load_address>0xab71</load_address>
         <run_address>0xab71</run_address>
         <size>0x31b</size>
         <input_file_ref idref="fl-b"/>
      </object_component>
      <object_component id="oc-3ba">
         <name>.debug_info</name>
         <load_address>0xae8c</load_address>
         <run_address>0xae8c</run_address>
         <size>0xff</size>
         <input_file_ref idref="fl-b"/>
      </object_component>
      <object_component id="oc-2e9">
         <name>.debug_info</name>
         <load_address>0xaf8b</load_address>
         <run_address>0xaf8b</run_address>
         <size>0x42ac</size>
         <input_file_ref idref="fl-b"/>
      </object_component>
      <object_component id="oc-2ef">
         <name>.debug_info</name>
         <load_address>0xf237</load_address>
         <run_address>0xf237</run_address>
         <size>0xb6a</size>
         <input_file_ref idref="fl-c"/>
      </object_component>
      <object_component id="oc-2f2">
         <name>.debug_info</name>
         <load_address>0xfda1</load_address>
         <run_address>0xfda1</run_address>
         <size>0x106</size>
         <input_file_ref idref="fl-c"/>
      </object_component>
      <object_component id="oc-205">
         <name>.debug_info</name>
         <load_address>0xfea7</load_address>
         <run_address>0xfea7</run_address>
         <size>0x112f</size>
         <input_file_ref idref="fl-c"/>
      </object_component>
      <object_component id="oc-3ca">
         <name>.debug_info</name>
         <load_address>0x10fd6</load_address>
         <run_address>0x10fd6</run_address>
         <size>0x37e2</size>
         <input_file_ref idref="fl-c"/>
      </object_component>
      <object_component id="oc-356">
         <name>.debug_info</name>
         <load_address>0x147b8</load_address>
         <run_address>0x147b8</run_address>
         <size>0x4d6</size>
         <input_file_ref idref="fl-d"/>
      </object_component>
      <object_component id="oc-367">
         <name>.debug_info</name>
         <load_address>0x14c8e</load_address>
         <run_address>0x14c8e</run_address>
         <size>0x10c</size>
         <input_file_ref idref="fl-d"/>
      </object_component>
      <object_component id="oc-350">
         <name>.debug_info</name>
         <load_address>0x14d9a</load_address>
         <run_address>0x14d9a</run_address>
         <size>0xff</size>
         <input_file_ref idref="fl-d"/>
      </object_component>
      <object_component id="oc-35e">
         <name>.debug_info</name>
         <load_address>0x14e99</load_address>
         <run_address>0x14e99</run_address>
         <size>0xff</size>
         <input_file_ref idref="fl-d"/>
      </object_component>
      <object_component id="oc-35b">
         <name>.debug_info</name>
         <load_address>0x14f98</load_address>
         <run_address>0x14f98</run_address>
         <size>0x15f</size>
         <input_file_ref idref="fl-d"/>
      </object_component>
      <object_component id="oc-361">
         <name>.debug_info</name>
         <load_address>0x150f7</load_address>
         <run_address>0x150f7</run_address>
         <size>0x107</size>
         <input_file_ref idref="fl-d"/>
      </object_component>
      <object_component id="oc-353">
         <name>.debug_info</name>
         <load_address>0x151fe</load_address>
         <run_address>0x151fe</run_address>
         <size>0x10c</size>
         <input_file_ref idref="fl-d"/>
      </object_component>
      <object_component id="oc-36a">
         <name>.debug_info</name>
         <load_address>0x1530a</load_address>
         <run_address>0x1530a</run_address>
         <size>0x11b</size>
         <input_file_ref idref="fl-d"/>
      </object_component>
      <object_component id="oc-364">
         <name>.debug_info</name>
         <load_address>0x15425</load_address>
         <run_address>0x15425</run_address>
         <size>0x105</size>
         <input_file_ref idref="fl-d"/>
      </object_component>
      <object_component id="oc-26f">
         <name>.debug_info</name>
         <load_address>0x1552a</load_address>
         <run_address>0x1552a</run_address>
         <size>0x2384a</size>
         <input_file_ref idref="fl-d"/>
      </object_component>
      <object_component id="oc-2d4">
         <name>.debug_info</name>
         <load_address>0x38d74</load_address>
         <run_address>0x38d74</run_address>
         <size>0x6d1</size>
         <input_file_ref idref="fl-d"/>
      </object_component>
      <object_component id="oc-2c9">
         <name>.debug_info</name>
         <load_address>0x39445</load_address>
         <run_address>0x39445</run_address>
         <size>0x106c</size>
         <input_file_ref idref="fl-e"/>
      </object_component>
      <object_component id="oc-1f9">
         <name>.debug_info</name>
         <load_address>0x3a4b1</load_address>
         <run_address>0x3a4b1</run_address>
         <size>0x1fbd</size>
         <input_file_ref idref="fl-e"/>
      </object_component>
      <object_component id="oc-2d9">
         <name>.debug_info</name>
         <load_address>0x3c46e</load_address>
         <run_address>0x3c46e</run_address>
         <size>0x7d</size>
         <input_file_ref idref="fl-e"/>
      </object_component>
      <object_component id="oc-3ad">
         <name>.debug_info</name>
         <load_address>0x3c4eb</load_address>
         <run_address>0x3c4eb</run_address>
         <size>0x28</size>
         <input_file_ref idref="fl-e"/>
      </object_component>
      <object_component id="oc-2cf">
         <name>.debug_info</name>
         <load_address>0x3c513</load_address>
         <run_address>0x3c513</run_address>
         <size>0x201</size>
         <input_file_ref idref="fl-f"/>
      </object_component>
      <object_component id="oc-154">
         <name>.debug_info</name>
         <load_address>0x3c714</load_address>
         <run_address>0x3c714</run_address>
         <size>0xb16</size>
         <input_file_ref idref="fl-10"/>
      </object_component>
      <object_component id="oc-159">
         <name>.debug_info</name>
         <load_address>0x3d22a</load_address>
         <run_address>0x3d22a</run_address>
         <size>0x106</size>
         <input_file_ref idref="fl-10"/>
      </object_component>
      <object_component id="oc-151">
         <name>.debug_info</name>
         <load_address>0x3d330</load_address>
         <run_address>0x3d330</run_address>
         <size>0x106</size>
         <input_file_ref idref="fl-10"/>
      </object_component>
      <object_component id="oc-76">
         <name>.debug_info</name>
         <load_address>0x3d436</load_address>
         <run_address>0x3d436</run_address>
         <size>0xd4a</size>
         <input_file_ref idref="fl-10"/>
      </object_component>
      <object_component id="oc-2bf">
         <name>.debug_info</name>
         <load_address>0x3e180</load_address>
         <run_address>0x3e180</run_address>
         <size>0x5d7</size>
         <input_file_ref idref="fl-11"/>
      </object_component>
      <object_component id="oc-1ed">
         <name>.debug_info</name>
         <load_address>0x3e757</load_address>
         <run_address>0x3e757</run_address>
         <size>0x517</size>
         <input_file_ref idref="fl-11"/>
      </object_component>
      <object_component id="oc-2c7">
         <name>.debug_info</name>
         <load_address>0x3ec6e</load_address>
         <run_address>0x3ec6e</run_address>
         <size>0x5e4</size>
         <input_file_ref idref="fl-12"/>
      </object_component>
      <object_component id="oc-2c4">
         <name>.debug_info</name>
         <load_address>0x3f252</load_address>
         <run_address>0x3f252</run_address>
         <size>0xf5</size>
         <input_file_ref idref="fl-12"/>
      </object_component>
      <object_component id="oc-2c1">
         <name>.debug_info</name>
         <load_address>0x3f347</load_address>
         <run_address>0x3f347</run_address>
         <size>0xf5</size>
         <input_file_ref idref="fl-12"/>
      </object_component>
      <object_component id="oc-1f4">
         <name>.debug_info</name>
         <load_address>0x3f43c</load_address>
         <run_address>0x3f43c</run_address>
         <size>0x6dc</size>
         <input_file_ref idref="fl-12"/>
      </object_component>
      <object_component id="oc-25b">
         <name>.debug_info</name>
         <load_address>0x3fb18</load_address>
         <run_address>0x3fb18</run_address>
         <size>0x148</size>
         <input_file_ref idref="fl-13"/>
      </object_component>
      <object_component id="oc-bb">
         <name>.debug_info</name>
         <load_address>0x3fc60</load_address>
         <run_address>0x3fc60</run_address>
         <size>0x62e</size>
         <input_file_ref idref="fl-14"/>
      </object_component>
      <object_component id="oc-c9">
         <name>.debug_info</name>
         <load_address>0x4028e</load_address>
         <run_address>0x4028e</run_address>
         <size>0xf5</size>
         <input_file_ref idref="fl-14"/>
      </object_component>
      <object_component id="oc-cc">
         <name>.debug_info</name>
         <load_address>0x40383</load_address>
         <run_address>0x40383</run_address>
         <size>0xe7</size>
         <input_file_ref idref="fl-14"/>
      </object_component>
      <object_component id="oc-c6">
         <name>.debug_info</name>
         <load_address>0x4046a</load_address>
         <run_address>0x4046a</run_address>
         <size>0xed</size>
         <input_file_ref idref="fl-14"/>
      </object_component>
      <object_component id="oc-70">
         <name>.debug_info</name>
         <load_address>0x40557</load_address>
         <run_address>0x40557</run_address>
         <size>0x6c2</size>
         <input_file_ref idref="fl-14"/>
      </object_component>
      <object_component id="oc-d4">
         <name>.debug_info</name>
         <load_address>0x40c19</load_address>
         <run_address>0x40c19</run_address>
         <size>0x76</size>
         <input_file_ref idref="fl-14"/>
      </object_component>
      <object_component id="oc-6c">
         <name>.debug_info</name>
         <load_address>0x40c8f</load_address>
         <run_address>0x40c8f</run_address>
         <size>0x144</size>
         <input_file_ref idref="fl-15"/>
      </object_component>
      <object_component id="oc-25f">
         <name>.debug_info</name>
         <load_address>0x40dd3</load_address>
         <run_address>0x40dd3</run_address>
         <size>0x5b3</size>
         <input_file_ref idref="fl-16"/>
      </object_component>
      <object_component id="oc-17f">
         <name>.debug_info</name>
         <load_address>0x41386</load_address>
         <run_address>0x41386</run_address>
         <size>0x415</size>
         <input_file_ref idref="fl-16"/>
      </object_component>
      <object_component id="oc-334">
         <name>.debug_info</name>
         <load_address>0x4179b</load_address>
         <run_address>0x4179b</run_address>
         <size>0x5ef</size>
         <input_file_ref idref="fl-1c"/>
      </object_component>
      <object_component id="oc-470">
         <name>.debug_info</name>
         <load_address>0x41d8a</load_address>
         <run_address>0x41d8a</run_address>
         <size>0xfc</size>
         <input_file_ref idref="fl-1c"/>
      </object_component>
      <object_component id="oc-39d">
         <name>.debug_info</name>
         <load_address>0x41e86</load_address>
         <run_address>0x41e86</run_address>
         <size>0x23c</size>
         <input_file_ref idref="fl-1c"/>
      </object_component>
      <object_component id="oc-2ae">
         <name>.debug_info</name>
         <load_address>0x420c2</load_address>
         <run_address>0x420c2</run_address>
         <size>0x122</size>
         <input_file_ref idref="fl-1c"/>
      </object_component>
      <object_component id="oc-2a2">
         <name>.debug_info</name>
         <load_address>0x421e4</load_address>
         <run_address>0x421e4</run_address>
         <size>0x1dd</size>
         <input_file_ref idref="fl-1c"/>
      </object_component>
      <object_component id="oc-2b4">
         <name>.debug_info</name>
         <load_address>0x423c1</load_address>
[...]
         <value>0x13b5d</value>
         <object_component_ref idref="oc-2fb"/>
      </symbol>
      <symbol id="sm-f17">
         <name>I2C_masterSendMultiByteStop</name>
         <value>0x13ddd</value>
         <object_component_ref idref="oc-13e"/>
      </symbol>
      <symbol id="sm-f18">
         <name>I2C_masterSendMultiByteNext</name>
         <value>0x13f35</value>
         <object_component_ref idref="oc-14a"/>
      </symbol>
      <symbol id="sm-f19">
         <name>I2C_disableInterrupt</name>
         <value>0x14115</value>
         <object_component_ref idref="oc-11a"/>
      </symbol>
      <symbol id="sm-f1a">
         <name>I2C_masterSendMultiByteStart</name>
         <value>0x13d39</value>
         <object_component_ref idref="oc-10e"/>
      </symbol>
      <symbol id="sm-f1b">
         <name>I2C_getEnabledInterruptStatus</name>
         <value>0x141af</value>
         <object_component_ref idref="oc-132"/>
      </symbol>
      <symbol id="sm-f1c">
         <name>I2C_masterReceiveMultiByteNext</name>
         <value>0x141bb</value>
         <object_component_ref idref="oc-144"/>
      </symbol>
      <symbol id="sm-f1d">
         <name>I2C_getInterruptStatus</name>
         <value>0x141b5</value>
         <object_component_ref idref="oc-126"/>
      </symbol>
      <symbol id="sm-f1e">
         <name>I2C_isBusBusy</name>
         <value>0x14079</value>
         <object_component_ref idref="oc-ea"/>
      </symbol>
      <symbol id="sm-f1f">
         <name>I2C_enableModule</name>
         <value>0x1414b</value>
         <object_component_ref idref="oc-102"/>
      </symbol>
      <symbol id="sm-f20">
         <name>I2C_masterReceiveStart</name>
         <value>0x140c7</value>
         <object_component_ref idref="oc-12c"/>
      </symbol>
      <symbol id="sm-f21">
         <name>I2C_clearInterruptFlag</name>
         <value>0x14107</value>
         <object_component_ref idref="oc-138"/>
      </symbol>
      <symbol id="sm-f22">
         <name>I2C_setSlaveAddress</name>
         <value>0x141c7</value>
         <object_component_ref idref="oc-fc"/>
      </symbol>
      <symbol id="sm-f23">
         <name>I2C_initMaster</name>
         <value>0x13cbd</value>
         <object_component_ref idref="oc-f6"/>
      </symbol>
      <symbol id="sm-f24">
         <name>I2C_enableInterrupt</name>
         <value>0x14189</value>
         <object_component_ref idref="oc-108"/>
      </symbol>
      <symbol id="sm-f25">
         <name>I2C_disableModule</name>
         <value>0x1413f</value>
         <object_component_ref idref="oc-f0"/>
      </symbol>
      <symbol id="sm-f70">
         <name>Interrupt_disableInterrupt</name>
         <value>0x13765</value>
         <object_component_ref idref="oc-120"/>
      </symbol>
      <symbol id="sm-f71">
         <name>Interrupt_setPriority</name>
         <value>0x13f59</value>
         <object_component_ref idref="oc-2de"/>
      </symbol>
      <symbol id="sm-f72">
         <name>Interrupt_enableInterrupt</name>
         <value>0x137c9</value>
         <object_component_ref idref="oc-114"/>
      </symbol>
      <symbol id="sm-fd8">
         <name>PCM_setCoreVoltageLevel</name>
         <value>0x14191</value>
         <object_component_ref idref="oc-299"/>
      </symbol>
      <symbol id="sm-fd9">
         <name>PCM_getCoreVoltageLevel</name>
         <value>0x13e6b</value>
         <object_component_ref idref="oc-44b"/>
      </symbol>
      <symbol id="sm-fda">
         <name>PCM_getPowerMode</name>
         <value>0x13e97</value>
         <object_component_ref idref="oc-445"/>
      </symbol>
      <symbol id="sm-fdb">
         <name>PCM_getPowerState</name>
         <value>0x14159</value>
         <object_component_ref idref="oc-451"/>
      </symbol>
      <symbol id="sm-fdc">
         <name>PCM_setPowerMode</name>
         <value>0x14199</value>
         <object_component_ref idref="oc-457"/>
      </symbol>
      <symbol id="sm-1010">
         <name>SysCtl_getNMISourceStatus</name>
         <value>0x14165</value>
         <object_component_ref idref="oc-461"/>
      </symbol>
      <symbol id="sm-1011">
         <name>SysCtl_enableNMISource</name>
         <value>0x140e9</value>
         <object_component_ref idref="oc-473"/>
      </symbol>
      <symbol id="sm-1012">
         <name>SysCtl_disableNMISource</name>
         <value>0x140d9</value>
         <object_component_ref idref="oc-467"/>
      </symbol>
      <symbol id="sm-1013">
         <name>SysCtl_getTLVInfo</name>
         <value>0x139dd</value>
         <object_component_ref idref="oc-415"/>
      </symbol>
      <symbol id="sm-1042">
         <name>UART_enableModule</name>
         <value>0x14171</value>
         <object_component_ref idref="oc-307"/>
      </symbol>
      <symbol id="sm-1043">
         <name>UART_transmitData</name>
         <value>0x13f7d</value>
         <object_component_ref idref="oc-2f5"/>
      </symbol>
      <symbol id="sm-1044">
         <name>UART_initModule</name>
         <value>0x132a9</value>
         <object_component_ref idref="oc-301"/>
      </symbol>
      <symbol id="sm-105a">
         <name>WDT_A_clearTimer</name>
         <value>0x13fed</value>
         <object_component_ref idref="oc-1da"/>
      </symbol>
      <symbol id="sm-105b">
         <name>WDT_A_holdTimer</name>
         <value>0x14005</value>
         <object_component_ref idref="oc-1e0"/>
      </symbol>
      <symbol id="sm-1065">
         <name>__aeabi_lmul</name>
         <value>0x14035</value>
         <object_component_ref idref="oc-3bc"/>
      </symbol>
      <symbol id="sm-1073">
         <name>__aeabi_ldivmod</name>
         <value>0x13627</value>
         <object_component_ref idref="oc-3c1"/>
      </symbol>
      <symbol id="sm-1080">
         <name>__aeabi_uldivmod</name>
         <value>0x13211</value>
         <object_component_ref idref="oc-484"/>
      </symbol>
      <symbol id="sm-108f">
         <name>__aeabi_memset</name>
         <value>0x134cf</value>
         <object_component_ref idref="oc-95"/>
      </symbol>
      <symbol id="sm-1090">
         <name>memset</name>
         <value>0x134d5</value>
         <object_component_ref idref="oc-95"/>
      </symbol>
      <symbol id="sm-1091">
         <name>__aeabi_memset8</name>
         <value>0x134cf</value>
         <object_component_ref idref="oc-95"/>
      </symbol>
      <symbol id="sm-1092">
         <name>__aeabi_memset4</name>
         <value>0x134cf</value>
         <object_component_ref idref="oc-95"/>
      </symbol>
      <symbol id="sm-1093">
         <name>__aeabi_memclr8</name>
         <value>0x134cd</value>
         <object_component_ref idref="oc-95"/>
      </symbol>
      <symbol id="sm-1094">
         <name>__aeabi_memclr4</name>
         <value>0x134cd</value>
         <object_component_ref idref="oc-95"/>
      </symbol>
      <symbol id="sm-1095">
         <name>__aeabi_memclr</name>
         <value>0x134cd</value>
         <object_component_ref idref="oc-95"/>
      </symbol>
      <symbol id="sm-10ac">
         <name>__TI_zero_init</name>
         <value>0x1417d</value>
         <object_component_ref idref="oc-46"/>
      </symbol>
      <symbol id="sm-10c3">
         <name>__TI_decompress_none</name>
         <value>0x14123</value>
         <object_component_ref idref="oc-1a"/>
      </symbol>
      <symbol id="sm-10e6">
         <name>__TI_decompress_lzss</name>
         <value>0x136fd</value>
         <object_component_ref idref="oc-14"/>
      </symbol>
      <symbol id="sm-10f9">
         <name>__stack</name>
         <value>0x2000fe00</value>
         <object_component_ref idref="oc-26"/>
      </symbol>
      <symbol id="sm-10fa">
         <name>_c_int00_noargs</name>
         <value>0x13d71</value>
         <object_component_ref idref="oc-52"/>
      </symbol>
      <symbol id="sm-1105">
         <name>C$$EXIT</name>
         <value>0x141cf</value>
         <object_component_ref idref="oc-191"/>
      </symbol>
      <symbol id="sm-1106">
         <name>abort</name>
         <value>0x141cf</value>
         <object_component_ref idref="oc-191"/>
      </symbol>
      <symbol id="sm-1137">
         <name>snprintf</name>
         <value>0x13b11</value>
         <object_component_ref idref="oc-30d"/>
      </symbol>
      <symbol id="sm-1141">
         <name>__aeabi_idiv0</name>
         <value>0x1055b</value>
         <object_component_ref idref="oc-47f"/>
      </symbol>
      <symbol id="sm-1142">
         <name>__aeabi_ldiv0</name>
         <value>0x1055b</value>
         <object_component_ref idref="oc-47f"/>
      </symbol>
      <symbol id="sm-115d">
         <name>memcpy</name>
         <value>0x13175</value>
         <object_component_ref idref="oc-34"/>
      </symbol>
      <symbol id="sm-115e">
         <name>__aeabi_memcpy</name>
         <value>0x13175</value>
         <object_component_ref idref="oc-34"/>
      </symbol>
      <symbol id="sm-115f">
         <name>__aeabi_memcpy8</name>
         <value>0x13175</value>
         <object_component_ref idref="oc-34"/>
      </symbol>
      <symbol id="sm-1160">
         <name>__aeabi_memcpy4</name>
         <value>0x13175</value>
         <object_component_ref idref="oc-34"/>
      </symbol>
      <symbol id="sm-1188">
         <name>__TI_auto_init_nobinit_nopinit</name>
         <value>0x13c35</value>
         <object_component_ref idref="oc-19d"/>
      </symbol>
      <symbol id="sm-1192">
         <name>_system_pre_init</name>
         <value>0x141cb</value>
         <object_component_ref idref="oc-9b"/>
      </symbol>
      <symbol id="sm-12f8">
         <name>__TI_printfi</name>
         <value>0xfafd</value>
         <object_component_ref idref="oc-3d6"/>
      </symbol>
      <symbol id="sm-130e">
         <name>atoi</name>
         <value>0x13ac5</value>
         <object_component_ref idref="oc-499"/>
      </symbol>
      <symbol id="sm-1319">
         <name>_ctypes_</name>
         <value>0x141d4</value>
         <object_component_ref idref="oc-4fb"/>
      </symbol>
      <symbol id="sm-1328">
         <name>ltoa</name>
         <value>0x138e7</value>
         <object_component_ref idref="oc-516"/>
      </symbol>
      <symbol id="sm-1338">
         <name>memccpy</name>
         <value>0x13fa1</value>
         <object_component_ref idref="oc-4c2"/>
      </symbol>
      <symbol id="sm-1348">
         <name>strchr</name>
         <value>0x1404d</value>
         <object_component_ref idref="oc-54d"/>
      </symbol>
      <symbol id="sm-1356">
         <name>strlen</name>
         <value>0x140a1</value>
         <object_component_ref idref="oc-493"/>
      </symbol>
      <symbol id="sm-136f">
         <name>wcslen</name>
         <value>0x140b5</value>
         <object_component_ref idref="oc-4c8"/>
      </symbol>
      <symbol id="sm-138f">
         <name>frexpl</name>
         <value>0x1382d</value>
         <object_component_ref idref="oc-541"/>
      </symbol>
      <symbol id="sm-1390">
         <name>frexp</name>
         <value>0x1382d</value>
         <object_component_ref idref="oc-541"/>
      </symbol>
      <symbol id="sm-13ad">
         <name>scalbn</name>
         <value>0x1290d</value>
         <object_component_ref idref="oc-547"/>
      </symbol>
      <symbol id="sm-13ae">
         <name>scalbnl</name>
         <value>0x1290d</value>
         <object_component_ref idref="oc-547"/>
      </symbol>
      <symbol id="sm-13af">
         <name>ldexpl</name>
         <value>0x1290d</value>
         <object_component_ref idref="oc-547"/>
      </symbol>
      <symbol id="sm-13b0">
         <name>ldexp</name>
         <value>0x1290d</value>
         <object_component_ref idref="oc-547"/>
      </symbol>
      <symbol id="sm-13c7">
         <name>__aeabi_dsub</name>
         <value>0x12105</value>
         <object_component_ref idref="oc-521"/>
      </symbol>
      <symbol id="sm-13c8">
         <name>__aeabi_dadd</name>
         <value>0x1210f</value>
         <object_component_ref idref="oc-521"/>
      </symbol>
      <symbol id="sm-13ea">
         <name>__aeabi_cdcmpeq</name>
         <value>0x1333d</value>
         <object_component_ref idref="oc-4a5"/>
      </symbol>
      <symbol id="sm-13eb">
         <name>__aeabi_cdcmple</name>
         <value>0x1333d</value>
         <object_component_ref idref="oc-4a5"/>
      </symbol>
      <symbol id="sm-13ec">
         <name>__aeabi_cdrcmple</name>
         <value>0x133c3</value>
         <object_component_ref idref="oc-50c"/>
      </symbol>
      <symbol id="sm-1400">
         <name>__aeabi_ddiv</name>
         <value>0x126b1</value>
         <object_component_ref idref="oc-507"/>
      </symbol>
      <symbol id="sm-140b">
         <name>__aeabi_dmul</name>
         <value>0x12c1f</value>
         <object_component_ref idref="oc-502"/>
      </symbol>
      <symbol id="sm-1415">
         <name>__aeabi_d2iz</name>
         <value>0x13bed</value>
         <object_component_ref idref="oc-511"/>
      </symbol>
      <symbol id="sm-141f">
         <name>__aeabi_i2d</name>
         <value>0x13e3d</value>
         <object_component_ref idref="oc-51c"/>
      </symbol>
      <symbol id="sm-1435">
         <name>__aeabi_errno_addr</name>
         <value>0x141a1</value>
         <object_component_ref idref="oc-4ce"/>
      </symbol>
      <symbol id="sm-1436">
         <name>errno</name>
         <value>0x200070f0</value>
         <object_component_ref idref="oc-55d"/>
      </symbol>
      <symbol id="sm-1440">
         <name>copysign</name>
         <value>0x1408d</value>
         <object_component_ref idref="oc-58b"/>
      </symbol>
      <symbol id="sm-1441">
         <name>copysignl</name>
         <value>0x1408d</value>
         <object_component_ref idref="oc-58b"/>
      </symbol>
      <symbol id="sm-1442">
         <name>__TI_static_base__</name>
         <value>0x0</value>
      </symbol>
      <symbol id="sm-1445">
         <name>__mpu_init</name>
         <value>0x0</value>
      </symbol>
      <symbol id="sm-1446">
         <name>_system_post_cinit</name>
         <value>0x0</value>
      </symbol>
      <symbol id="sm-1447">
         <name>NMI_Handler</name>
         <value>0x1413d</value>
      </symbol>
      <symbol id="sm-1448">
         <name>HardFault_Handler</name>
         <value>0x1413d</value>
      </symbol>
      <symbol id="sm-1449">
         <name>MemManage_Handler</name>
         <value>0x1413d</value>
      </symbol>
      <symbol id="sm-144a">
         <name>BusFault_Handler</name>
         <value>0x1413d</value>
      </symbol>
      <symbol id="sm-144b">
         <name>UsageFault_Handler</name>
         <value>0x1413d</value>
      </symbol>
      <symbol id="sm-144c">
         <name>SVC_Handler</name>
         <value>0x1413d</value>
      </symbol>
      <symbol id="sm-144d">
         <name>DebugMon_Handler</name>
         <value>0x1413d</value>
      </symbol>
      <symbol id="sm-144e">
         <name>PendSV_Handler</name>
         <value>0x139b1</value>
      </symbol>
      <symbol id="sm-144f">
         <name>SysTick_Handler</name>
         <value>0x11dcd</value>
      </symbol>
      <symbol id="sm-1450">
         <name>PSS_IRQHandler</name>
         <value>0x1413d</value>
      </symbol>
      <symbol id="sm-1451">
         <name>CS_IRQHandler</name>
         <value>0x1413d</value>
      </symbol>
      <symbol id="sm-1452">
         <name>PCM_IRQHandler</name>
         <value>0x1413d</value>
      </symbol>
      <symbol id="sm-1453">
         <name>WDT_A_IRQHandler</name>
         <value>0x1413d</value>
      </symbol>
      <symbol id="sm-1454">
         <name>FPU_IRQHandler</name>
         <value>0x1413d</value>
      </symbol>
      <symbol id="sm-1455">
         <name>FLCTL_IRQHandler</name>
         <value>0x1413d</value>
      </symbol>
      <symbol id="sm-1456">
         <name>COMP_E0_IRQHandler</name>
         <value>0x1413d</value>
      </symbol>
      <symbol id="sm-1457">
         <name>COMP_E1_IRQHandler</name>
         <value>0x1413d</value>
      </symbol>
      <symbol id="sm-1458">
         <name>TA0_0_IRQHandler</name>
         <value>0x1413d</value>
      </symbol>
      <symbol id="sm-1459">
         <name>TA0_N_IRQHandler</name>
         <value>0x1413d</value>
      </symbol>
      <symbol id="sm-145a">
         <name>TA1_0_IRQHandler</name>
         <value>0x1413d</value>
      </symbol>
      <symbol id="sm-145b">
         <name>TA1_N_IRQHandler</name>
         <value>0x1413d</value>
      </symbol>
      <symbol id="sm-145c">
         <name>TA2_0_IRQHandler</name>
         <value>0x1413d</value>
      </symbol>
      <symbol id="sm-145d">
         <name>TA2_N_IRQHandler</name>
         <value>0x1413d</value>
      </symbol>
      <symbol id="sm-145e">
         <name>TA3_0_IRQHandler</name>
         <value>0x1413d</value>
      </symbol>
      <symbol id="sm-145f">
         <name>TA3_N_IRQHandler</name>
         <value>0x1413d</value>
      </symbol>
      <symbol id="sm-1460">
         <name>EUSCIA0_IRQHandler</name>
         <value>0x1413d</value>
      </symbol>
      <symbol id="sm-1461">
         <name>EUSCIA1_IRQHandler</name>
         <value>0x1413d</value>
      </symbol>
      <symbol id="sm-1462">
         <name>EUSCIA2_IRQHandler</name>
         <value>0x1413d</value>
      </symbol>
      <symbol id="sm-1463">
         <name>EUSCIA3_IRQHandler</name>
         <value>0x1413d</value>
      </symbol>
      <symbol id="sm-1464">
         <name>EUSCIB0_IRQHandler</name>
         <value>0x1413d</value>
      </symbol>
      <symbol id="sm-1465">
         <name>EUSCIB1_IRQHandler</name>
         <value>0x10ec9</value>
      </symbol>
      <symbol id="sm-1466">
         <name>EUSCIB2_IRQHandler</name>
         <value>0x1413d</value>
      </symbol>
      <symbol id="sm-1467">
         <name>EUSCIB3_IRQHandler</name>
         <value>0x1413d</value>
      </symbol>
      <symbol id="sm-1468">
         <name>ADC14_IRQHandler</name>
         <value>0x1413d</value>
      </symbol>
      <symbol id="sm-1469">
         <name>T32_INT1_IRQHandler</name>
         <value>0x1413d</value>
      </symbol>
      <symbol id="sm-146a">
         <name>T32_INT2_IRQHandler</name>
         <value>0x1413d</value>
      </symbol>
      <symbol id="sm-146b">
         <name>T32_INTC_IRQHandler</name>
         <value>0x1413d</value>
      </symbol>
      <symbol id="sm-146c">
         <name>AES256_IRQHandler</name>
         <value>0x1413d</value>
      </symbol>
      <symbol id="sm-146d">
         <name>RTC_C_IRQHandler</name>
         <value>0x1413d</value>
      </symbol>
      <symbol id="sm-146e">
         <name>DMA_ERR_IRQHandler</name>
         <value>0x1413d</value>
      </symbol>
      <symbol id="sm-146f">
         <name>DMA_INT3_IRQHandler</name>
         <value>0x1413d</value>
      </symbol>
      <symbol id="sm-1470">
         <name>DMA_INT2_IRQHandler</name>
         <value>0x1413d</value>
      </symbol>
      <symbol id="sm-1471">
         <name>DMA_INT1_IRQHandler</name>
         <value>0x1413d</value>
      </symbol>
      <symbol id="sm-1472">
         <name>DMA_INT0_IRQHandler</name>
         <value>0x1413d</value>
      </symbol>
      <symbol id="sm-1473">
         <name>PORT1_IRQHandler</name>
         <value>0x1413d</value>
      </symbol>
      <symbol id="sm-1474">
         <name>PORT2_IRQHandler</name>
         <value>0x1413d</value>
      </symbol>
      <symbol id="sm-1475">
         <name>PORT3_IRQHandler</name>
         <value>0x1413d</value>
      </symbol>
      <symbol id="sm-1476">
         <name>PORT4_IRQHandler</name>
         <value>0x1413d</value>
      </symbol>
      <symbol id="sm-1477">
         <name>PORT5_IRQHandler</name>
         <value>0x1413d</value>
      </symbol>
      <symbol id="sm-1478">
         <name>PORT6_IRQHandler</name>
         <value>0x1413d</value>
      </symbol>
   </symbol_table>
   <title>Link successful</title>
</link_info>
