<?xml version="1.0" encoding="ISO-8859-1" ?>
<link_info>
   <banner>TI ARM Linker PC v18.1.4.LTS</banner>
   <copyright>Copyright (c) 1996-2018 Texas Instruments Incorporated</copyright>
   <link_time>0x5c998765</link_time>
   <link_errors>0x0</link_errors>
   <output_file>lab4.out</output_file>
   <entry_point>
      <name>_c_int00_noargs</name>
      <address>0x14a35</address>
   </entry_point>
   <input_file_list>
      <input_file id="fl-2">
         <path>.\</path>
         <kind>object</kind>
         <file>LCD_empty.obj</file>
         <name>LCD_empty.obj</name>
      </input_file>
      <input_file id="fl-3">
         <path>.\</path>
         <kind>object</kind>
         <file>Threads.obj</file>
         <name>Threads.obj</name>
      </input_file>
      <input_file id="fl-4">
         <path>.\</path>
         <kind>object</kind>
         <file>main.obj</file>
         <name>main.obj</name>
      </input_file>
      <input_file id="fl-5">
         <path>.\</path>
         <kind>object</kind>
         <file>startup_msp432p401r_ccs.obj</file>
         <name>startup_msp432p401r_ccs.obj</name>
      </input_file>
      <input_file id="fl-6">
         <path>.\</path>
         <kind>object</kind>
         <file>system_msp432p401r.obj</file>
         <name>system_msp432p401r.obj</name>
      </input_file>
      <input_file id="fl-7">
         <path>.\BoardSupportPackage\src\</path>
         <kind>object</kind>
         <file>AsciiLib.obj</file>
         <name>AsciiLib.obj</name>
      </input_file>
      <input_file id="fl-8">
         <path>.\BoardSupportPackage\src\</path>
         <kind>object</kind>
         <file>BSP.obj</file>
         <name>BSP.obj</name>
      </input_file>
      <input_file id="fl-9">
         <path>.\BoardSupportPackage\src\</path>
         <kind>object</kind>
         <file>BackChannelUart.obj</file>
         <name>BackChannelUart.obj</name>
      </input_file>
      <input_file id="fl-a">
         <path>.\BoardSupportPackage\src\</path>
         <kind>object</kind>
         <file>ClockSys.obj</file>
         <name>ClockSys.obj</name>
      </input_file>
      <input_file id="fl-b">
         <path>.\BoardSupportPackage\src\</path>
         <kind>object</kind>
         <file>Joystick.obj</file>
         <name>Joystick.obj</name>
      </input_file>
      <input_file id="fl-c">
         <path>.\BoardSupportPackage\src\</path>
         <kind>object</kind>
         <file>RGBLeds.obj</file>
         <name>RGBLeds.obj</name>
      </input_file>
      <input_file id="fl-d">
         <path>.\BoardSupportPackage\src\</path>
         <kind>object</kind>
         <file>bme280.obj</file>
         <name>bme280.obj</name>
      </input_file>
      <input_file id="fl-e">
         <path>.\BoardSupportPackage\src\</path>
         <kind>object</kind>
         <file>bme280_support.obj</file>
         <name>bme280_support.obj</name>
      </input_file>
      <input_file id="fl-f">
         <path>.\BoardSupportPackage\src\</path>
         <kind>object</kind>
         <file>bmi160.obj</file>
         <name>bmi160.obj</name>
      </input_file>
      <input_file id="fl-10">
         <path>.\BoardSupportPackage\src\</path>
         <kind>object</kind>
         <file>bmi160_support.obj</file>
         <name>bmi160_support.obj</name>
      </input_file>
      <input_file id="fl-11">
         <path>.\BoardSupportPackage\src\</path>
         <kind>object</kind>
         <file>demo_sysctl.obj</file>
         <name>demo_sysctl.obj</name>
      </input_file>
      <input_file id="fl-12">
         <path>.\BoardSupportPackage\src\</path>
         <kind>object</kind>
         <file>i2c_driver.obj</file>
         <name>i2c_driver.obj</name>
      </input_file>
      <input_file id="fl-13">
         <path>.\BoardSupportPackage\src\</path>
         <kind>object</kind>
         <file>opt3001.obj</file>
         <name>opt3001.obj</name>
      </input_file>
      <input_file id="fl-14">
         <path>.\BoardSupportPackage\src\</path>
         <kind>object</kind>
         <file>tmp007.obj</file>
         <name>tmp007.obj</name>
      </input_file>
      <input_file id="fl-15">
         <path>.\G8RTOS_Lab3\</path>
         <kind>object</kind>
         <file>G8RTOS_CriticalSection.obj</file>
         <name>G8RTOS_CriticalSection.obj</name>
      </input_file>
      <input_file id="fl-16">
         <path>.\G8RTOS_Lab3\</path>
         <kind>object</kind>
         <file>G8RTOS_IPC.obj</file>
         <name>G8RTOS_IPC.obj</name>
      </input_file>
      <input_file id="fl-17">
         <path>.\G8RTOS_Lab3\</path>
         <kind>object</kind>
         <file>G8RTOS_Scheduler.obj</file>
         <name>G8RTOS_Scheduler.obj</name>
      </input_file>
      <input_file id="fl-18">
         <path>.\G8RTOS_Lab3\</path>
         <kind>object</kind>
         <file>G8RTOS_SchedulerASM.obj</file>
         <name>G8RTOS_SchedulerASM.obj</name>
      </input_file>
      <input_file id="fl-19">
         <path>.\G8RTOS_Lab3\</path>
         <kind>object</kind>
         <file>G8RTOS_Semaphores.obj</file>
         <name>G8RTOS_Semaphores.obj</name>
      </input_file>
      <input_file id="fl-1e">
         <kind>object</kind>
         <file>&lt;internal&gt;</file>
         <name>&lt;internal&gt;</name>
      </input_file>
      <input_file id="fl-1f">
         <path>C:\Users\Ryan\workspace_v8\BoardSupportPackage\DriverLib\</path>
         <kind>archive</kind>
         <file>msp432p4xx_driverlib.lib</file>
         <name>cs.o</name>
      </input_file>
      <input_file id="fl-20">
         <path>C:\Users\Ryan\workspace_v8\BoardSupportPackage\DriverLib\</path>
         <kind>archive</kind>
         <file>msp432p4xx_driverlib.lib</file>
         <name>flash.o</name>
      </input_file>
      <input_file id="fl-21">
         <path>C:\Users\Ryan\workspace_v8\BoardSupportPackage\DriverLib\</path>
         <kind>archive</kind>
         <file>msp432p4xx_driverlib.lib</file>
         <name>gpio.o</name>
      </input_file>
      <input_file id="fl-22">
         <path>C:\Users\Ryan\workspace_v8\BoardSupportPackage\DriverLib\</path>
         <kind>archive</kind>
         <file>msp432p4xx_driverlib.lib</file>
         <name>i2c.o</name>
      </input_file>
      <input_file id="fl-23">
         <path>C:\Users\Ryan\workspace_v8\BoardSupportPackage\DriverLib\</path>
         <kind>archive</kind>
         <file>msp432p4xx_driverlib.lib</file>
         <name>interrupt.o</name>
      </input_file>
      <input_file id="fl-24">
         <path>C:\Users\Ryan\workspace_v8\BoardSupportPackage\DriverLib\</path>
         <kind>archive</kind>
         <file>msp432p4xx_driverlib.lib</file>
         <name>pcm.o</name>
      </input_file>
      <input_file id="fl-25">
         <path>C:\Users\Ryan\workspace_v8\BoardSupportPackage\DriverLib\</path>
         <kind>archive</kind>
         <file>msp432p4xx_driverlib.lib</file>
         <name>rtc_c.o</name>
      </input_file>
      <input_file id="fl-26">
         <path>C:\Users\Ryan\workspace_v8\BoardSupportPackage\DriverLib\</path>
         <kind>archive</kind>
         <file>msp432p4xx_driverlib.lib</file>
         <name>sysctl.o</name>
      </input_file>
      <input_file id="fl-27">
         <path>C:\Users\Ryan\workspace_v8\BoardSupportPackage\DriverLib\</path>
         <kind>archive</kind>
         <file>msp432p4xx_driverlib.lib</file>
         <name>uart.o</name>
      </input_file>
      <input_file id="fl-28">
         <path>C:\Users\Ryan\workspace_v8\BoardSupportPackage\DriverLib\</path>
         <kind>archive</kind>
         <file>msp432p4xx_driverlib.lib</file>
         <name>wdt_a.o</name>
      </input_file>
      <input_file id="fl-29">
         <path>C:\Users\Ryan\workspace_v8\BoardSupportPackage\DriverLib\</path>
         <kind>archive</kind>
         <file>msp432p4xx_driverlib.lib</file>
         <name>cpu.o</name>
      </input_file>
      <input_file id="fl-df">
         <path>C:\ti\ccsv8\tools\compiler\ti-cgt-arm_18.1.4.LTS\lib\</path>
         <kind>archive</kind>
         <file>rtsv7M4_T_le_v4SPD16_eabi.lib</file>
         <name>fd_div_t2.asm.obj</name>
      </input_file>
      <input_file id="fl-e0">
         <path>C:\ti\ccsv8\tools\compiler\ti-cgt-arm_18.1.4.LTS\lib\</path>
         <kind>archive</kind>
         <file>rtsv7M4_T_le_v4SPD16_eabi.lib</file>
         <name>fd_mul_t2.asm.obj</name>
      </input_file>
      <input_file id="fl-e1">
         <path>C:\ti\ccsv8\tools\compiler\ti-cgt-arm_18.1.4.LTS\lib\</path>
         <kind>archive</kind>
         <file>rtsv7M4_T_le_v4SPD16_eabi.lib</file>
         <name>fd_tos_t2.asm.obj</name>
      </input_file>
      <input_file id="fl-e2">
         <path>C:\ti\ccsv8\tools\compiler\ti-cgt-arm_18.1.4.LTS\lib\</path>
         <kind>archive</kind>
         <file>rtsv7M4_T_le_v4SPD16_eabi.lib</file>
         <name>ll_mul_t2.asm.obj</name>
      </input_file>
      <input_file id="fl-e3">
         <path>C:\ti\ccsv8\tools\compiler\ti-cgt-arm_18.1.4.LTS\lib\</path>
         <kind>archive</kind>
         <file>rtsv7M4_T_le_v4SPD16_eabi.lib</file>
         <name>memcpy_t2.asm.obj</name>
      </input_file>
      <input_file id="fl-e4">
         <path>C:\ti\ccsv8\tools\compiler\ti-cgt-arm_18.1.4.LTS\lib\</path>
         <kind>archive</kind>
         <file>rtsv7M4_T_le_v4SPD16_eabi.lib</file>
         <name>u_tofd_t2.asm.obj</name>
      </input_file>
      <input_file id="fl-e5">
         <path>C:\ti\ccsv8\tools\compiler\ti-cgt-arm_18.1.4.LTS\lib\</path>
         <kind>archive</kind>
         <file>rtsv7M4_T_le_v4SPD16_eabi.lib</file>
         <name>ll_div_t2.asm.obj</name>
      </input_file>
      <input_file id="fl-e6">
         <path>C:\ti\ccsv8\tools\compiler\ti-cgt-arm_18.1.4.LTS\lib\</path>
         <kind>archive</kind>
         <file>rtsv7M4_T_le_v4SPD16_eabi.lib</file>
         <name>ull_div_t2.asm.obj</name>
      </input_file>
      <input_file id="fl-e7">
         <path>C:\ti\ccsv8\tools\compiler\ti-cgt-arm_18.1.4.LTS\lib\</path>
         <kind>archive</kind>
         <file>rtsv7M4_T_le_v4SPD16_eabi.lib</file>
         <name>memset_t2.asm.obj</name>
      </input_file>
      <input_file id="fl-e8">
         <path>C:\ti\ccsv8\tools\compiler\ti-cgt-arm_18.1.4.LTS\lib\</path>
         <kind>archive</kind>
         <file>rtsv7M4_T_le_v4SPD16_eabi.lib</file>
         <name>copy_zero_init.c.obj</name>
      </input_file>
      <input_file id="fl-e9">
         <path>C:\ti\ccsv8\tools\compiler\ti-cgt-arm_18.1.4.LTS\lib\</path>
         <kind>archive</kind>
         <file>rtsv7M4_T_le_v4SPD16_eabi.lib</file>
         <name>copy_decompress_none.c.obj</name>
      </input_file>
      <input_file id="fl-ea">
         <path>C:\ti\ccsv8\tools\compiler\ti-cgt-arm_18.1.4.LTS\lib\</path>
         <kind>archive</kind>
         <file>rtsv7M4_T_le_v4SPD16_eabi.lib</file>
         <name>copy_decompress_lzss.c.obj</name>
      </input_file>
      <input_file id="fl-eb">
         <path>C:\ti\ccsv8\tools\compiler\ti-cgt-arm_18.1.4.LTS\lib\</path>
         <kind>archive</kind>
         <file>rtsv7M4_T_le_v4SPD16_eabi.lib</file>
         <name>boot_cortex_m.c.obj</name>
      </input_file>
      <input_file id="fl-ec">
         <path>C:\ti\ccsv8\tools\compiler\ti-cgt-arm_18.1.4.LTS\lib\</path>
         <kind>archive</kind>
         <file>rtsv7M4_T_le_v4SPD16_eabi.lib</file>
         <name>exit.c.obj</name>
      </input_file>
      <input_file id="fl-ed">
         <path>C:\ti\ccsv8\tools\compiler\ti-cgt-arm_18.1.4.LTS\lib\</path>
         <kind>archive</kind>
         <file>rtsv7M4_T_le_v4SPD16_eabi.lib</file>
         <name>_lock.c.obj</name>
      </input_file>
      <input_file id="fl-ee">
         <path>C:\ti\ccsv8\tools\compiler\ti-cgt-arm_18.1.4.LTS\lib\</path>
         <kind>archive</kind>
         <file>rtsv7M4_T_le_v4SPD16_eabi.lib</file>
         <name>args_main.c.obj</name>
      </input_file>
      <input_file id="fl-ef">
         <path>C:\ti\ccsv8\tools\compiler\ti-cgt-arm_18.1.4.LTS\lib\</path>
         <kind>archive</kind>
         <file>rtsv7M4_T_le_v4SPD16_eabi.lib</file>
         <name>rand.c.obj</name>
      </input_file>
      <input_file id="fl-f0">
         <path>C:\ti\ccsv8\tools\compiler\ti-cgt-arm_18.1.4.LTS\lib\</path>
         <kind>archive</kind>
         <file>rtsv7M4_T_le_v4SPD16_eabi.lib</file>
         <name>snprintf.c.obj</name>
      </input_file>
      <input_file id="fl-f1">
         <path>C:\ti\ccsv8\tools\compiler\ti-cgt-arm_18.1.4.LTS\lib\</path>
         <kind>archive</kind>
         <file>rtsv7M4_T_le_v4SPD16_eabi.lib</file>
         <name>strcpy.c.obj</name>
      </input_file>
      <input_file id="fl-f2">
         <path>C:\ti\ccsv8\tools\compiler\ti-cgt-arm_18.1.4.LTS\lib\</path>
         <kind>archive</kind>
         <file>rtsv7M4_T_le_v4SPD16_eabi.lib</file>
         <name>div0.asm.obj</name>
      </input_file>
      <input_file id="fl-f3">
         <path>C:\ti\ccsv8\tools\compiler\ti-cgt-arm_18.1.4.LTS\lib\</path>
         <kind>archive</kind>
         <file>rtsv7M4_T_le_v4SPD16_eabi.lib</file>
         <name>autoinit.c.obj</name>
      </input_file>
      <input_file id="fl-f4">
         <path>C:\ti\ccsv8\tools\compiler\ti-cgt-arm_18.1.4.LTS\lib\</path>
         <kind>archive</kind>
         <file>rtsv7M4_T_le_v4SPD16_eabi.lib</file>
         <name>pre_init.c.obj</name>
      </input_file>
      <input_file id="fl-f5">
         <path>C:\ti\ccsv8\tools\compiler\ti-cgt-arm_18.1.4.LTS\lib\</path>
         <kind>archive</kind>
         <file>rtsv7M4_T_le_v4SPD16_eabi.lib</file>
         <name>cpy_tbl.c.obj</name>
      </input_file>
      <input_file id="fl-f6">
         <path>C:\ti\ccsv8\tools\compiler\ti-cgt-arm_18.1.4.LTS\lib\</path>
         <kind>archive</kind>
         <file>rtsv7M4_T_le_v4SPD16_eabi.lib</file>
         <name>_printfi.c.obj</name>
      </input_file>
      <input_file id="fl-f7">
         <path>C:\ti\ccsv8\tools\compiler\ti-cgt-arm_18.1.4.LTS\lib\</path>
         <kind>archive</kind>
         <file>rtsv7M4_T_le_v4SPD16_eabi.lib</file>
         <name>atoi.c.obj</name>
      </input_file>
      <input_file id="fl-f8">
         <path>C:\ti\ccsv8\tools\compiler\ti-cgt-arm_18.1.4.LTS\lib\</path>
         <kind>archive</kind>
         <file>rtsv7M4_T_le_v4SPD16_eabi.lib</file>
         <name>ctype.c.obj</name>
      </input_file>
      <input_file id="fl-f9">
         <path>C:\ti\ccsv8\tools\compiler\ti-cgt-arm_18.1.4.LTS\lib\</path>
         <kind>archive</kind>
         <file>rtsv7M4_T_le_v4SPD16_eabi.lib</file>
         <name>ltoa.c.obj</name>
      </input_file>
      <input_file id="fl-fa">
         <path>C:\ti\ccsv8\tools\compiler\ti-cgt-arm_18.1.4.LTS\lib\</path>
         <kind>archive</kind>
         <file>rtsv7M4_T_le_v4SPD16_eabi.lib</file>
         <name>memccpy.c.obj</name>
      </input_file>
      <input_file id="fl-fb">
         <path>C:\ti\ccsv8\tools\compiler\ti-cgt-arm_18.1.4.LTS\lib\</path>
         <kind>archive</kind>
         <file>rtsv7M4_T_le_v4SPD16_eabi.lib</file>
         <name>strchr.c.obj</name>
      </input_file>
      <input_file id="fl-fc">
         <path>C:\ti\ccsv8\tools\compiler\ti-cgt-arm_18.1.4.LTS\lib\</path>
         <kind>archive</kind>
         <file>rtsv7M4_T_le_v4SPD16_eabi.lib</file>
         <name>strlen.c.obj</name>
      </input_file>
      <input_file id="fl-fd">
         <path>C:\ti\ccsv8\tools\compiler\ti-cgt-arm_18.1.4.LTS\lib\</path>
         <kind>archive</kind>
         <file>rtsv7M4_T_le_v4SPD16_eabi.lib</file>
         <name>wcslen.c.obj</name>
      </input_file>
      <input_file id="fl-fe">
         <path>C:\ti\ccsv8\tools\compiler\ti-cgt-arm_18.1.4.LTS\lib\</path>
         <kind>archive</kind>
         <file>rtsv7M4_T_le_v4SPD16_eabi.lib</file>
         <name>s_frexp.c.obj</name>
      </input_file>
      <input_file id="fl-ff">
         <path>C:\ti\ccsv8\tools\compiler\ti-cgt-arm_18.1.4.LTS\lib\</path>
         <kind>archive</kind>
         <file>rtsv7M4_T_le_v4SPD16_eabi.lib</file>
         <name>s_scalbn.c.obj</name>
      </input_file>
      <input_file id="fl-100">
         <path>C:\ti\ccsv8\tools\compiler\ti-cgt-arm_18.1.4.LTS\lib\</path>
         <kind>archive</kind>
         <file>rtsv7M4_T_le_v4SPD16_eabi.lib</file>
         <name>fd_add_t2.asm.obj</name>
      </input_file>
      <input_file id="fl-101">
         <path>C:\ti\ccsv8\tools\compiler\ti-cgt-arm_18.1.4.LTS\lib\</path>
         <kind>archive</kind>
         <file>rtsv7M4_T_le_v4SPD16_eabi.lib</file>
         <name>fd_cmp_t2.asm.obj</name>
      </input_file>
      <input_file id="fl-102">
         <path>C:\ti\ccsv8\tools\compiler\ti-cgt-arm_18.1.4.LTS\lib\</path>
         <kind>archive</kind>
         <file>rtsv7M4_T_le_v4SPD16_eabi.lib</file>
         <name>fd_toi_t2.asm.obj</name>
      </input_file>
      <input_file id="fl-103">
         <path>C:\ti\ccsv8\tools\compiler\ti-cgt-arm_18.1.4.LTS\lib\</path>
         <kind>archive</kind>
         <file>rtsv7M4_T_le_v4SPD16_eabi.lib</file>
         <name>i_tofd_t2.asm.obj</name>
      </input_file>
      <input_file id="fl-104">
         <path>C:\ti\ccsv8\tools\compiler\ti-cgt-arm_18.1.4.LTS\lib\</path>
         <kind>archive</kind>
         <file>rtsv7M4_T_le_v4SPD16_eabi.lib</file>
         <name>errno.c.obj</name>
      </input_file>
      <input_file id="fl-105">
         <path>C:\ti\ccsv8\tools\compiler\ti-cgt-arm_18.1.4.LTS\lib\</path>
         <kind>archive</kind>
         <file>rtsv7M4_T_le_v4SPD16_eabi.lib</file>
         <name>s_copysign.c.obj</name>
      </input_file>
   </input_file_list>
   <object_component_list>
      <object_component id="oc-23">
         <name>.intvecs:retain</name>
         <load_address>0x0</load_address>
         <run_address>0x0</run_address>
         <size>0xe4</size>
         <input_file_ref idref="fl-5"/>
      </object_component>
      <object_component id="oc-300">
         <name>.text</name>
         <load_address>0xe4</load_address>
         <run_address>0xe4</run_address>
         <size>0xd5e0</size>
         <input_file_ref idref="fl-f"/>
      </object_component>
      <object_component id="oc-37a">
         <name>.text</name>
         <load_address>0xd6c4</load_address>
         <run_address>0xd6c4</run_address>
         <size>0x1810</size>
         <input_file_ref idref="fl-d"/>
      </object_component>
      <object_component id="oc-242">
         <name>.text</name>
         <load_address>0xeed4</load_address>
         <run_address>0xeed4</run_address>
         <size>0xc28</size>
         <input_file_ref idref="fl-10"/>
      </object_component>
      <object_component id="oc-489">
         <name>.text:__TI_printfi</name>
         <load_address>0xfafc</load_address>
         <run_address>0xfafc</run_address>
         <size>0xa5e</size>
         <input_file_ref idref="fl-f6"/>
      </object_component>
      <object_component id="oc-426">
         <name>.text:_nop</name>
         <load_address>0x1055a</load_address>
         <run_address>0x1055a</run_address>
         <size>0x2</size>
         <input_file_ref idref="fl-ed"/>
      </object_component>
      <object_component id="oc-19a">
         <name>.text</name>
         <load_address>0x1055c</load_address>
         <run_address>0x1055c</run_address>
         <size>0x708</size>
         <input_file_ref idref="fl-2"/>
      </object_component>
      <object_component id="oc-6f">
         <name>.text</name>
         <load_address>0x10c64</load_address>
         <run_address>0x10c64</run_address>
         <size>0x6d0</size>
         <input_file_ref idref="fl-17"/>
      </object_component>
      <object_component id="oc-1ae">
         <name>.text</name>
         <load_address>0x11334</load_address>
         <run_address>0x11334</run_address>
         <size>0x40c</size>
         <input_file_ref idref="fl-3"/>
      </object_component>
      <object_component id="oc-75">
         <name>.text</name>
         <load_address>0x11740</load_address>
         <run_address>0x11740</run_address>
         <size>0x360</size>
         <input_file_ref idref="fl-12"/>
      </object_component>
      <object_component id="oc-b3">
         <name>.text</name>
         <load_address>0x11aa0</load_address>
         <run_address>0x11aa0</run_address>
         <size>0x334</size>
         <input_file_ref idref="fl-6"/>
      </object_component>
      <object_component id="oc-254">
         <name>.text</name>
         <load_address>0x11dd4</load_address>
         <run_address>0x11dd4</run_address>
         <size>0x2f8</size>
         <input_file_ref idref="fl-9"/>
      </object_component>
      <object_component id="oc-24e">
         <name>.text</name>
         <load_address>0x120cc</load_address>
         <run_address>0x120cc</run_address>
         <size>0x2e0</size>
         <input_file_ref idref="fl-e"/>
      </object_component>
      <object_component id="oc-576">
         <name>.text:_pconv_a</name>
         <load_address>0x123ac</load_address>
         <run_address>0x123ac</run_address>
         <size>0x270</size>
         <input_file_ref idref="fl-f6"/>
      </object_component>
      <object_component id="oc-23c">
         <name>.text</name>
         <load_address>0x1261c</load_address>
         <run_address>0x1261c</run_address>
         <size>0x234</size>
         <input_file_ref idref="fl-14"/>
      </object_component>
      <object_component id="oc-564">
         <name>.text:_pconv_g</name>
         <load_address>0x12850</load_address>
         <run_address>0x12850</run_address>
         <size>0x1d0</size>
         <input_file_ref idref="fl-f6"/>
      </object_component>
      <object_component id="oc-5d5">
         <name>.text</name>
         <load_address>0x12a20</load_address>
         <run_address>0x12a20</run_address>
         <size>0x1b6</size>
         <input_file_ref idref="fl-100"/>
      </object_component>
      <object_component id="oc-539">
         <name>.text</name>
         <load_address>0x12bd6</load_address>
         <run_address>0x12bd6</run_address>
         <size>0x2</size>
         <input_file_ref idref="fl-f2"/>
      </object_component>
      <object_component id="oc-248">
         <name>.text</name>
         <load_address>0x12bd8</load_address>
         <run_address>0x12bd8</run_address>
         <size>0x178</size>
         <input_file_ref idref="fl-b"/>
      </object_component>
      <object_component id="oc-1a0">
         <name>.text</name>
         <load_address>0x12d50</load_address>
         <run_address>0x12d50</run_address>
         <size>0x150</size>
         <input_file_ref idref="fl-16"/>
      </object_component>
      <object_component id="oc-25a">
         <name>.text</name>
         <load_address>0x12ea0</load_address>
         <run_address>0x12ea0</run_address>
         <size>0x140</size>
         <input_file_ref idref="fl-c"/>
      </object_component>
      <object_component id="oc-570">
         <name>.text:_pconv_e</name>
         <load_address>0x12fe0</load_address>
         <run_address>0x12fe0</run_address>
         <size>0x13c</size>
         <input_file_ref idref="fl-f6"/>
      </object_component>
      <object_component id="oc-2eb">
         <name>.text</name>
         <load_address>0x1311c</load_address>
         <run_address>0x1311c</run_address>
         <size>0x136</size>
         <input_file_ref idref="fl-df"/>
      </object_component>
      <object_component id="oc-5e7">
         <name>.text:fcvt</name>
         <load_address>0x13254</load_address>
         <run_address>0x13254</run_address>
         <size>0x124</size>
         <input_file_ref idref="fl-f6"/>
      </object_component>
      <object_component id="oc-5fb">
         <name>.text:scalbn</name>
         <load_address>0x13378</load_address>
         <run_address>0x13378</run_address>
         <size>0x110</size>
         <input_file_ref idref="fl-ff"/>
      </object_component>
      <object_component id="oc-3bd">
         <name>.text:CS_getDCOFrequency</name>
         <load_address>0x13488</load_address>
         <run_address>0x13488</run_address>
         <size>0x104</size>
         <input_file_ref idref="fl-1f"/>
      </object_component>
      <object_component id="oc-236">
         <name>.text</name>
         <load_address>0x1358c</load_address>
         <run_address>0x1358c</run_address>
         <size>0xfe</size>
         <input_file_ref idref="fl-13"/>
      </object_component>
      <object_component id="oc-2f0">
         <name>.text</name>
         <load_address>0x1368a</load_address>
         <run_address>0x1368a</run_address>
         <size>0xfc</size>
         <input_file_ref idref="fl-e0"/>
      </object_component>
      <object_component id="oc-2af">
         <name>.text:CS_initClockSignal</name>
         <load_address>0x13788</load_address>
         <run_address>0x13788</run_address>
         <size>0xe0</size>
         <input_file_ref idref="fl-1f"/>
      </object_component>
      <object_component id="oc-5a8">
         <name>.text:__PCM_setPowerModeAdvanced</name>
         <load_address>0x13868</load_address>
         <run_address>0x13868</run_address>
         <size>0xdc</size>
         <input_file_ref idref="fl-24"/>
      </object_component>
      <object_component id="oc-559">
         <name>.text:_ltostr</name>
         <load_address>0x13944</load_address>
         <run_address>0x13944</run_address>
         <size>0xb1</size>
         <input_file_ref idref="fl-f6"/>
      </object_component>
      <object_component id="oc-445">
         <name>.text:__PCM_setCoreVoltageLevelAdvanced</name>
         <load_address>0x139f8</load_address>
         <run_address>0x139f8</run_address>
         <size>0xb0</size>
         <input_file_ref idref="fl-24"/>
      </object_component>
      <object_component id="oc-2d1">
         <name>.text:PutChar</name>
         <load_address>0x13aa8</load_address>
         <run_address>0x13aa8</run_address>
         <size>0xa4</size>
         <input_file_ref idref="fl-2"/>
      </object_component>
      <object_component id="oc-44e">
         <name>.text:CS_startHFXTWithTimeout</name>
         <load_address>0x13b4c</load_address>
         <run_address>0x13b4c</run_address>
         <size>0x9c</size>
         <input_file_ref idref="fl-1f"/>
      </object_component>
      <object_component id="oc-272">
         <name>.text:_CSComputeCLKFrequency</name>
         <load_address>0x13be8</load_address>
         <run_address>0x13be8</run_address>
         <size>0x9c</size>
         <input_file_ref idref="fl-1f"/>
      </object_component>
      <object_component id="oc-34">
         <name>.text</name>
         <load_address>0x13c84</load_address>
         <run_address>0x13c84</run_address>
         <size>0x9c</size>
         <input_file_ref idref="fl-e3"/>
      </object_component>
      <object_component id="oc-a1">
         <name>.text</name>
         <load_address>0x13d20</load_address>
         <run_address>0x13d20</run_address>
         <size>0x98</size>
         <input_file_ref idref="fl-4"/>
      </object_component>
      <object_component id="oc-53e">
         <name>.text</name>
         <load_address>0x13db8</load_address>
         <run_address>0x13db8</run_address>
         <size>0x96</size>
         <input_file_ref idref="fl-e6"/>
      </object_component>
      <object_component id="oc-393">
         <name>.text:UART_initModule</name>
         <load_address>0x13e50</load_address>
         <run_address>0x13e50</run_address>
         <size>0x94</size>
         <input_file_ref idref="fl-27"/>
      </object_component>
      <object_component id="oc-1a6">
         <name>.text</name>
         <load_address>0x13ee4</load_address>
         <run_address>0x13ee4</run_address>
         <size>0x90</size>
         <input_file_ref idref="fl-19"/>
      </object_component>
      <object_component id="oc-55f">
         <name>.text:__aeabi_cdcmple</name>
         <load_address>0x13f74</load_address>
         <run_address>0x13f74</run_address>
         <size>0x86</size>
         <input_file_ref idref="fl-101"/>
      </object_component>
      <object_component id="oc-5c0">
         <name>.text:__aeabi_cdrcmple</name>
         <load_address>0x13ffa</load_address>
         <run_address>0x13ffa</run_address>
         <size>0x86</size>
         <input_file_ref idref="fl-101"/>
      </object_component>
      <object_component id="oc-230">
         <name>.text</name>
         <load_address>0x14080</load_address>
         <run_address>0x14080</run_address>
         <size>0x84</size>
         <input_file_ref idref="fl-a"/>
      </object_component>
      <object_component id="oc-95">
         <name>.text</name>
         <load_address>0x14104</load_address>
         <run_address>0x14104</run_address>
         <size>0x7a</size>
         <input_file_ref idref="fl-e7"/>
      </object_component>
      <object_component id="oc-527">
         <name>.text:_CSGetHFXTFrequency</name>
         <load_address>0x14180</load_address>
         <run_address>0x14180</run_address>
         <size>0x70</size>
         <input_file_ref idref="fl-1f"/>
      </object_component>
      <object_component id="oc-5e0">
         <name>.text:_mcpy</name>
         <load_address>0x141f0</load_address>
         <run_address>0x141f0</run_address>
         <size>0x6e</size>
         <input_file_ref idref="fl-f6"/>
      </object_component>
      <object_component id="oc-2f5">
         <name>.text</name>
         <load_address>0x1425e</load_address>
         <run_address>0x1425e</run_address>
         <size>0x6e</size>
         <input_file_ref idref="fl-e1"/>
      </object_component>
      <object_component id="oc-474">
         <name>.text</name>
         <load_address>0x142cc</load_address>
         <run_address>0x142cc</run_address>
         <size>0x6e</size>
         <input_file_ref idref="fl-e5"/>
      </object_component>
      <object_component id="oc-14">
         <name>.text:decompress:lzss:__TI_decompress_lzss</name>
         <load_address>0x1433a</load_address>
         <run_address>0x1433a</run_address>
         <size>0x68</size>
         <input_file_ref idref="fl-ea"/>
      </object_component>
      <object_component id="oc-141">
         <name>.text:Interrupt_disableInterrupt</name>
         <load_address>0x143a4</load_address>
         <run_address>0x143a4</run_address>
         <size>0x64</size>
         <input_file_ref idref="fl-23"/>
      </object_component>
      <object_component id="oc-135">
         <name>.text:Interrupt_enableInterrupt</name>
         <load_address>0x14408</load_address>
         <run_address>0x14408</run_address>
         <size>0x64</size>
         <input_file_ref idref="fl-23"/>
      </object_component>
      <object_component id="oc-5f5">
         <name>.text:frexp</name>
         <load_address>0x1446c</load_address>
         <run_address>0x1446c</run_address>
         <size>0x64</size>
         <input_file_ref idref="fl-fe"/>
      </object_component>
      <object_component id="oc-56a">
         <name>.text:_pconv_f</name>
         <load_address>0x144d0</load_address>
         <run_address>0x144d0</run_address>
         <size>0x56</size>
         <input_file_ref idref="fl-f6"/>
      </object_component>
      <object_component id="oc-5ca">
         <name>.text:ltoa</name>
         <load_address>0x14526</load_address>
         <run_address>0x14526</run_address>
         <size>0x54</size>
         <input_file_ref idref="fl-f9"/>
      </object_component>
      <object_component id="oc-5da">
         <name>.text:_ecpy</name>
         <load_address>0x1457a</load_address>
         <run_address>0x1457a</run_address>
         <size>0x52</size>
         <input_file_ref idref="fl-f6"/>
      </object_component>
      <object_component id="oc-6a">
         <name>.text</name>
         <load_address>0x145cc</load_address>
         <run_address>0x145cc</run_address>
         <size>0x50</size>
         <input_file_ref idref="fl-18"/>
      </object_component>
      <object_component id="oc-4c8">
         <name>.text:SysCtl_getTLVInfo</name>
         <load_address>0x1461c</load_address>
         <run_address>0x1461c</run_address>
         <size>0x50</size>
         <input_file_ref idref="fl-26"/>
      </object_component>
      <object_component id="oc-105">
         <name>.text:GPIO_setAsPeripheralModuleFunctionOutputPin</name>
         <load_address>0x1466c</load_address>
         <run_address>0x1466c</run_address>
         <size>0x4c</size>
         <input_file_ref idref="fl-21"/>
      </object_component>
      <object_component id="oc-4c2">
         <name>.text:_CSGetDOCFrequency</name>
         <load_address>0x146b8</load_address>
         <run_address>0x146b8</run_address>
         <size>0x4c</size>
         <input_file_ref idref="fl-1f"/>
      </object_component>
      <object_component id="oc-553">
         <name>.text:atoi</name>
         <load_address>0x14704</load_address>
         <run_address>0x14704</run_address>
         <size>0x4c</size>
         <input_file_ref idref="fl-f7"/>
      </object_component>
      <object_component id="oc-39f">
         <name>.text:snprintf</name>
         <load_address>0x14750</load_address>
         <run_address>0x14750</run_address>
         <size>0x4c</size>
         <input_file_ref idref="fl-f0"/>
      </object_component>
      <object_component id="oc-38d">
         <name>.text:GPIO_setAsPeripheralModuleFunctionInputPin</name>
         <load_address>0x1479c</load_address>
         <run_address>0x1479c</run_address>
         <size>0x48</size>
         <input_file_ref idref="fl-21"/>
      </object_component>
      <object_component id="oc-3f1">
         <name>.text:LCD_ReadData</name>
         <load_address>0x147e4</load_address>
         <run_address>0x147e4</run_address>
         <size>0x48</size>
         <input_file_ref idref="fl-2"/>
      </object_component>
      <object_component id="oc-3b7">
         <name>.text:_CSGetDividerValue</name>
         <load_address>0x1482c</load_address>
         <run_address>0x1482c</run_address>
         <size>0x48</size>
         <input_file_ref idref="fl-1f"/>
      </object_component>
      <object_component id="oc-5c5">
         <name>.text</name>
         <load_address>0x14874</load_address>
         <run_address>0x14874</run_address>
         <size>0x48</size>
         <input_file_ref idref="fl-102"/>
      </object_component>
      <object_component id="oc-1c1">
         <name>.text:__TI_auto_init_nobinit_nopinit:__TI_auto_init_nobinit_nopinit</name>
         <load_address>0x148bc</load_address>
         <run_address>0x148bc</run_address>
         <size>0x44</size>
         <input_file_ref idref="fl-f3"/>
      </object_component>
      <object_component id="oc-3eb">
         <name>.text</name>
         <load_address>0x14900</load_address>
         <run_address>0x14900</run_address>
         <size>0x40</size>
         <input_file_ref idref="fl-7"/>
      </object_component>
      <object_component id="oc-3e4">
         <name>.text:LCD_WriteData</name>
         <load_address>0x14940</load_address>
         <run_address>0x14940</run_address>
         <size>0x40</size>
         <input_file_ref idref="fl-2"/>
      </object_component>
      <object_component id="oc-117">
         <name>.text:I2C_initMaster</name>
         <load_address>0x14980</load_address>
         <run_address>0x14980</run_address>
         <size>0x3e</size>
         <input_file_ref idref="fl-22"/>
      </object_component>
      <object_component id="oc-5ed">
         <name>.text:_fcpy</name>
         <load_address>0x149be</load_address>
         <run_address>0x149be</run_address>
         <size>0x3e</size>
         <input_file_ref idref="fl-f6"/>
      </object_component>
      <object_component id="oc-12f">
         <name>.text:I2C_masterSendMultiByteStart</name>
         <load_address>0x149fc</load_address>
         <run_address>0x149fc</run_address>
         <size>0x38</size>
         <input_file_ref idref="fl-22"/>
      </object_component>
      <object_component id="oc-52">
         <name>.text:_c_int00_noargs:_c_int00_noargs</name>
         <load_address>0x14a34</load_address>
         <run_address>0x14a34</run_address>
         <size>0x38</size>
         <input_file_ref idref="fl-eb"/>
      </object_component>
      <object_component id="oc-c6">
         <name>.text</name>
         <load_address>0x14a6c</load_address>
         <run_address>0x14a6c</run_address>
         <size>0x34</size>
         <input_file_ref idref="fl-8"/>
      </object_component>
      <object_component id="oc-2bc">
         <name>.text:LCD_WriteIndex</name>
         <load_address>0x14aa0</load_address>
         <run_address>0x14aa0</run_address>
         <size>0x34</size>
         <input_file_ref idref="fl-2"/>
      </object_component>
      <object_component id="oc-309">
         <name>.text:rand</name>
         <load_address>0x14ad4</load_address>
         <run_address>0x14ad4</run_address>
         <size>0x34</size>
         <input_file_ref idref="fl-ef"/>
      </object_component>
      <object_component id="oc-15f">
         <name>.text:I2C_masterSendMultiByteStop</name>
         <load_address>0x14b08</load_address>
         <run_address>0x14b08</run_address>
         <size>0x30</size>
         <input_file_ref idref="fl-22"/>
      </object_component>
      <object_component id="oc-2df">
         <name>.text:SPISendRecvByte</name>
         <load_address>0x14b38</load_address>
         <run_address>0x14b38</run_address>
         <size>0x30</size>
         <input_file_ref idref="fl-2"/>
      </object_component>
      <object_component id="oc-48f">
         <name>.text:_outs</name>
         <load_address>0x14b68</load_address>
         <run_address>0x14b68</run_address>
         <size>0x30</size>
         <input_file_ref idref="fl-f0"/>
      </object_component>
      <object_component id="oc-5d0">
         <name>.text</name>
         <load_address>0x14b98</load_address>
         <run_address>0x14b98</run_address>
         <size>0x2e</size>
         <input_file_ref idref="fl-103"/>
      </object_component>
      <object_component id="oc-505">
         <name>.text:PCM_getCoreVoltageLevel</name>
         <load_address>0x14bc6</load_address>
         <run_address>0x14bc6</run_address>
         <size>0x2c</size>
         <input_file_ref idref="fl-24"/>
      </object_component>
      <object_component id="oc-4ff">
         <name>.text:PCM_getPowerMode</name>
         <load_address>0x14bf2</load_address>
         <run_address>0x14bf2</run_address>
         <size>0x2a</size>
         <input_file_ref idref="fl-24"/>
      </object_component>
      <object_component id="oc-33d">
         <name>.text:FlashCtl_setWaitState</name>
         <load_address>0x14c1c</load_address>
         <run_address>0x14c1c</run_address>
         <size>0x28</size>
         <input_file_ref idref="fl-20"/>
      </object_component>
      <object_component id="oc-35f">
         <name>.text</name>
         <load_address>0x14c44</load_address>
         <run_address>0x14c44</run_address>
         <size>0x26</size>
         <input_file_ref idref="fl-11"/>
      </object_component>
      <object_component id="oc-3c3">
         <name>.text:CS_clearInterruptFlag</name>
         <load_address>0x14c6c</load_address>
         <run_address>0x14c6c</run_address>
         <size>0x24</size>
         <input_file_ref idref="fl-1f"/>
      </object_component>
      <object_component id="oc-16b">
         <name>.text:I2C_masterSendMultiByteNext</name>
         <load_address>0x14c90</load_address>
         <run_address>0x14c90</run_address>
         <size>0x24</size>
         <input_file_ref idref="fl-22"/>
      </object_component>
      <object_component id="oc-370">
         <name>.text:Interrupt_setPriority</name>
         <load_address>0x14cb4</load_address>
         <run_address>0x14cb4</run_address>
         <size>0x24</size>
         <input_file_ref idref="fl-23"/>
      </object_component>
      <object_component id="oc-387">
         <name>.text:UART_transmitData</name>
         <load_address>0x14cd8</load_address>
         <run_address>0x14cd8</run_address>
         <size>0x24</size>
         <input_file_ref idref="fl-27"/>
      </object_component>
      <object_component id="oc-2ca">
         <name>.text:LCD_Write_Data_Only</name>
         <load_address>0x14cfc</load_address>
         <run_address>0x14cfc</run_address>
         <size>0x20</size>
         <input_file_ref idref="fl-2"/>
      </object_component>
      <object_component id="oc-2e6">
         <name>.text</name>
         <load_address>0x14d1c</load_address>
         <run_address>0x14d1c</run_address>
         <size>0x20</size>
         <input_file_ref idref="fl-e4"/>
      </object_component>
      <object_component id="oc-2b5">
         <name>.text:LCD_WriteReg</name>
         <load_address>0x14d3c</load_address>
         <run_address>0x14d3c</run_address>
         <size>0x1c</size>
         <input_file_ref idref="fl-2"/>
      </object_component>
      <object_component id="oc-57c">
         <name>.text:memccpy</name>
         <load_address>0x14d58</load_address>
         <run_address>0x14d58</run_address>
         <size>0x1c</size>
         <input_file_ref idref="fl-fa"/>
      </object_component>
      <object_component id="oc-349">
         <name>.text:CS_getMCLK</name>
         <load_address>0x14d74</load_address>
         <run_address>0x14d74</run_address>
         <size>0x18</size>
         <input_file_ref idref="fl-1f"/>
      </object_component>
      <object_component id="oc-ff">
         <name>.text:CS_getSMCLK</name>
         <load_address>0x14d8c</load_address>
         <run_address>0x14d8c</run_address>
         <size>0x18</size>
         <input_file_ref idref="fl-1f"/>
      </object_component>
      <object_component id="oc-224">
         <name>.text:WDT_A_clearTimer</name>
         <load_address>0x14da4</load_address>
         <run_address>0x14da4</run_address>
         <size>0x18</size>
         <input_file_ref idref="fl-28"/>
      </object_component>
      <object_component id="oc-22a">
         <name>.text:WDT_A_holdTimer</name>
         <load_address>0x14dbc</load_address>
         <run_address>0x14dbc</run_address>
         <size>0x18</size>
         <input_file_ref idref="fl-28"/>
      </object_component>
      <object_component id="oc-495">
         <name>.text:_outc</name>
         <load_address>0x14dd4</load_address>
         <run_address>0x14dd4</run_address>
         <size>0x18</size>
         <input_file_ref idref="fl-f0"/>
      </object_component>
      <object_component id="oc-46f">
         <name>.text</name>
         <load_address>0x14dec</load_address>
         <run_address>0x14dec</run_address>
         <size>0x18</size>
         <input_file_ref idref="fl-e2"/>
      </object_component>
      <object_component id="oc-601">
         <name>.text:strchr</name>
         <load_address>0x14e04</load_address>
         <run_address>0x14e04</run_address>
         <size>0x16</size>
         <input_file_ref idref="fl-fb"/>
      </object_component>
      <object_component id="oc-2a9">
         <name>.text:CS_setExternalClockSourceFrequency</name>
         <load_address>0x14e1c</load_address>
         <run_address>0x14e1c</run_address>
         <size>0x14</size>
         <input_file_ref idref="fl-1f"/>
      </object_component>
      <object_component id="oc-10b">
         <name>.text:I2C_isBusBusy</name>
         <load_address>0x14e30</load_address>
         <run_address>0x14e30</run_address>
         <size>0x14</size>
         <input_file_ref idref="fl-22"/>
      </object_component>
      <object_component id="oc-2d8">
         <name>.text:LCD_ReadReg</name>
         <load_address>0x14e44</load_address>
         <run_address>0x14e44</run_address>
         <size>0x14</size>
         <input_file_ref idref="fl-2"/>
      </object_component>
      <object_component id="oc-63d">
         <name>.text:copysign</name>
         <load_address>0x14e58</load_address>
         <run_address>0x14e58</run_address>
         <size>0x14</size>
         <input_file_ref idref="fl-105"/>
      </object_component>
      <object_component id="oc-d5">
         <name>.text:strcpy</name>
         <load_address>0x14e6c</load_address>
         <run_address>0x14e6c</run_address>
         <size>0x14</size>
         <input_file_ref idref="fl-f1"/>
      </object_component>
      <object_component id="oc-54d">
         <name>.text:strlen</name>
         <load_address>0x14e80</load_address>
         <run_address>0x14e80</run_address>
         <size>0x14</size>
         <input_file_ref idref="fl-fc"/>
      </object_component>
      <object_component id="oc-582">
         <name>.text:wcslen</name>
         <load_address>0x14e94</load_address>
         <run_address>0x14e94</run_address>
         <size>0x12</size>
         <input_file_ref idref="fl-fd"/>
      </object_component>
      <object_component id="oc-14d">
         <name>.text:I2C_masterReceiveStart</name>
         <load_address>0x14ea6</load_address>
         <run_address>0x14ea6</run_address>
         <size>0x10</size>
         <input_file_ref idref="fl-22"/>
      </object_component>
      <object_component id="oc-521">
         <name>.text:SysCtl_disableNMISource</name>
         <load_address>0x14eb8</load_address>
         <run_address>0x14eb8</run_address>
         <size>0x10</size>
         <input_file_ref idref="fl-26"/>
      </object_component>
      <object_component id="oc-52d">
         <name>.text:SysCtl_enableNMISource</name>
         <load_address>0x14ec8</load_address>
         <run_address>0x14ec8</run_address>
         <size>0x10</size>
         <input_file_ref idref="fl-26"/>
      </object_component>
      <object_component id="oc-cd">
         <name>.text</name>
         <load_address>0x14ed8</load_address>
         <run_address>0x14ed8</run_address>
         <size>0xe</size>
         <input_file_ref idref="fl-15"/>
      </object_component>
      <object_component id="oc-159">
         <name>.text:I2C_clearInterruptFlag</name>
         <load_address>0x14ee6</load_address>
         <run_address>0x14ee6</run_address>
         <size>0xe</size>
         <input_file_ref idref="fl-22"/>
      </object_component>
      <object_component id="oc-13b">
         <name>.text:I2C_disableInterrupt</name>
         <load_address>0x14ef4</load_address>
         <run_address>0x14ef4</run_address>
         <size>0xe</size>
         <input_file_ref idref="fl-22"/>
      </object_component>
      <object_component id="oc-1a">
         <name>.text:decompress:none:__TI_decompress_none</name>
         <load_address>0x14f02</load_address>
         <run_address>0x14f02</run_address>
         <size>0xe</size>
         <input_file_ref idref="fl-e9"/>
      </object_component>
      <object_component id="oc-64">
         <name>.text</name>
         <load_address>0x14f10</load_address>
         <run_address>0x14f10</run_address>
         <size>0xe</size>
         <input_file_ref idref="fl-5"/>
      </object_component>
      <object_component id="oc-111">
         <name>.text:I2C_disableModule</name>
         <load_address>0x14f1e</load_address>
         <run_address>0x14f1e</run_address>
         <size>0xc</size>
         <input_file_ref idref="fl-22"/>
      </object_component>
      <object_component id="oc-123">
         <name>.text:I2C_enableModule</name>
         <load_address>0x14f2a</load_address>
         <run_address>0x14f2a</run_address>
         <size>0xc</size>
         <input_file_ref idref="fl-22"/>
      </object_component>
      <object_component id="oc-50b">
         <name>.text:PCM_getPowerState</name>
         <load_address>0x14f38</load_address>
         <run_address>0x14f38</run_address>
         <size>0xc</size>
         <input_file_ref idref="fl-24"/>
      </object_component>
      <object_component id="oc-51b">
         <name>.text:SysCtl_getNMISourceStatus</name>
         <load_address>0x14f44</load_address>
         <run_address>0x14f44</run_address>
         <size>0xc</size>
         <input_file_ref idref="fl-26"/>
      </object_component>
      <object_component id="oc-399">
         <name>.text:UART_enableModule</name>
         <load_address>0x14f50</load_address>
         <run_address>0x14f50</run_address>
         <size>0xc</size>
         <input_file_ref idref="fl-27"/>
      </object_component>
      <object_component id="oc-46">
         <name>.text:decompress:ZI:__TI_zero_init</name>
         <load_address>0x14f5c</load_address>
         <run_address>0x14f5c</run_address>
         <size>0xc</size>
         <input_file_ref idref="fl-e8"/>
      </object_component>
      <object_component id="oc-2c3">
         <name>.text:LCD_Write_Data_Start</name>
         <load_address>0x14f68</load_address>
         <run_address>0x14f68</run_address>
         <size>0xa</size>
         <input_file_ref idref="fl-2"/>
      </object_component>
      <object_component id="oc-129">
         <name>.text:I2C_enableInterrupt</name>
         <load_address>0x14f72</load_address>
         <run_address>0x14f72</run_address>
         <size>0x8</size>
         <input_file_ref idref="fl-22"/>
      </object_component>
      <object_component id="oc-337">
         <name>.text:PCM_setCoreVoltageLevel</name>
         <load_address>0x14f7a</load_address>
         <run_address>0x14f7a</run_address>
         <size>0x8</size>
         <input_file_ref idref="fl-24"/>
      </object_component>
      <object_component id="oc-511">
         <name>.text:PCM_setPowerMode</name>
         <load_address>0x14f82</load_address>
         <run_address>0x14f82</run_address>
         <size>0x8</size>
         <input_file_ref idref="fl-24"/>
      </object_component>
      <object_component id="oc-588">
         <name>.text:__aeabi_errno_addr</name>
         <load_address>0x14f8c</load_address>
         <run_address>0x14f8c</run_address>
         <size>0x8</size>
         <input_file_ref idref="fl-104"/>
      </object_component>
      <object_component id="oc-343">
         <name>.text:CS_startHFXT</name>
         <load_address>0x14f94</load_address>
         <run_address>0x14f94</run_address>
         <size>0x6</size>
         <input_file_ref idref="fl-1f"/>
      </object_component>
      <object_component id="oc-153">
         <name>.text:I2C_getEnabledInterruptStatus</name>
         <load_address>0x14f9a</load_address>
         <run_address>0x14f9a</run_address>
         <size>0x6</size>
         <input_file_ref idref="fl-22"/>
      </object_component>
      <object_component id="oc-147">
         <name>.text:I2C_getInterruptStatus</name>
         <load_address>0x14fa0</load_address>
         <run_address>0x14fa0</run_address>
         <size>0x6</size>
         <input_file_ref idref="fl-22"/>
      </object_component>
      <object_component id="oc-165">
         <name>.text:I2C_masterReceiveMultiByteNext</name>
         <load_address>0x14fa6</load_address>
         <run_address>0x14fa6</run_address>
         <size>0x6</size>
         <input_file_ref idref="fl-22"/>
      </object_component>
      <object_component id="oc-464">
         <name>.text:SysCtlDelay</name>
         <load_address>0x14fac</load_address>
         <run_address>0x14fac</run_address>
         <size>0x6</size>
         <input_file_ref idref="fl-11"/>
      </object_component>
      <object_component id="oc-11d">
         <name>.text:I2C_setSlaveAddress</name>
         <load_address>0x14fb2</load_address>
         <run_address>0x14fb2</run_address>
         <size>0x4</size>
         <input_file_ref idref="fl-22"/>
      </object_component>
      <object_component id="oc-9b">
         <name>.text:_system_pre_init</name>
         <load_address>0x14fb6</load_address>
         <run_address>0x14fb6</run_address>
         <size>0x4</size>
         <input_file_ref idref="fl-f4"/>
      </object_component>
      <object_component id="oc-1b5">
         <name>.text:abort:abort</name>
         <load_address>0x14fba</load_address>
         <run_address>0x14fba</run_address>
         <size>0x4</size>
         <input_file_ref idref="fl-ec"/>
      </object_component>
      <object_component id="oc-4d7">
         <name>.const:AsciiLib</name>
         <load_address>0x14fc0</load_address>
         <run_address>0x14fc0</run_address>
         <size>0x5f0</size>
         <input_file_ref idref="fl-7"/>
      </object_component>
      <object_component id="oc-5b9">
         <name>.const:.string:_ctypes_</name>
         <load_address>0x155b0</load_address>
         <run_address>0x155b0</run_address>
         <size>0x101</size>
         <input_file_ref idref="fl-f8"/>
      </object_component>
      <object_component id="oc-415">
         <name>.const:.string:INVALID_OFFSET</name>
         <load_address>0x156b1</load_address>
         <run_address>0x156b1</run_address>
         <size>0x3</size>
         <input_file_ref idref="fl-f"/>
      </object_component>
      <object_component id="oc-466">
         <name>.const:g_pulRegs</name>
         <load_address>0x156b4</load_address>
         <run_address>0x156b4</run_address>
         <size>0x50</size>
         <input_file_ref idref="fl-23"/>
      </object_component>
      <object_component id="oc-28b">
         <name>.const</name>
         <load_address>0x15704</load_address>
         <run_address>0x15704</run_address>
         <size>0x40</size>
         <input_file_ref idref="fl-23"/>
      </object_component>
      <object_component id="oc-3a5">
         <name>.const:backChannelUart115200Config</name>
         <load_address>0x15744</load_address>
         <run_address>0x15744</run_address>
         <size>0x24</size>
         <input_file_ref idref="fl-9"/>
      </object_component>
      <object_component id="oc-418">
         <name>.const:yas532_version_ac_coef</name>
         <load_address>0x15768</load_address>
         <run_address>0x15768</run_address>
         <size>0xc</size>
         <input_file_ref idref="fl-f"/>
      </object_component>
      <object_component id="oc-41c">
         <name>.const:v_calib_data$2</name>
         <load_address>0x15774</load_address>
         <run_address>0x15774</run_address>
         <size>0x8</size>
         <input_file_ref idref="fl-f"/>
      </object_component>
      <object_component id="oc-383">
         <name>.const:.string:$P$T0$1</name>
         <load_address>0x1577c</load_address>
         <run_address>0x1577c</run_address>
         <size>0x5</size>
         <input_file_ref idref="fl-e"/>
      </object_component>
      <object_component id="oc-41b">
         <name>.const:.string:v_correct_u8$1</name>
         <load_address>0x15781</load_address>
         <run_address>0x15781</run_address>
         <size>0x5</size>
         <input_file_ref idref="fl-f"/>
      </object_component>
      <object_component id="oc-698">
         <name>.cinit..data.load</name>
         <load_address>0x15788</load_address>
         <run_address>0x15788</run_address>
         <size>0x4c</size>
      </object_component>
      <object_component id="oc-696">
         <name>__TI_handler_table</name>
         <load_address>0x157d4</load_address>
         <run_address>0x157d4</run_address>
         <size>0xc</size>
      </object_component>
      <object_component id="oc-699">
         <name>.cinit..bss.load</name>
         <load_address>0x157e0</load_address>
         <run_address>0x157e0</run_address>
         <size>0x8</size>
      </object_component>
      <object_component id="oc-697">
         <name>__TI_cinit_table</name>
         <load_address>0x157e8</load_address>
         <run_address>0x157e8</run_address>
         <size>0x10</size>
      </object_component>
      <object_component id="oc-66b">
         <name>.binit</name>
         <load_address>0x0</load_address>
         <run_address>0x0</run_address>
         <size>0x0</size>
      </object_component>
      <object_component id="oc-306">
         <name>.data</name>
         <load_address>0x2000d114</load_address>
         <run_address>0x2000d114</run_address>
         <size>0x1</size>
         <input_file_ref idref="fl-3"/>
      </object_component>
      <object_component id="oc-1f3">
         <name>.data</name>
         <load_address>0x2000d110</load_address>
         <run_address>0x2000d110</run_address>
         <size>0x4</size>
         <input_file_ref idref="fl-6"/>
      </object_component>
      <object_component id="oc-409">
         <name>.data</name>
         <load_address>0x2000d100</load_address>
         <run_address>0x2000d100</run_address>
         <size>0x8</size>
         <input_file_ref idref="fl-f"/>
      </object_component>
      <object_component id="oc-401">
         <name>.data:v_fifo_data_u8</name>
         <load_address>0x2000ccb4</load_address>
         <run_address>0x2000ccb4</run_address>
         <size>0x400</size>
         <input_file_ref idref="fl-f"/>
      </object_component>
      <object_component id="oc-179">
         <name>.data</name>
         <load_address>0x2000d115</load_address>
         <run_address>0x2000d115</run_address>
         <size>0x1</size>
         <input_file_ref idref="fl-12"/>
      </object_component>
      <object_component id="oc-171">
         <name>.data:i2cConfig</name>
         <load_address>0x2000d0e4</load_address>
         <run_address>0x2000d0e4</run_address>
         <size>0x14</size>
         <input_file_ref idref="fl-12"/>
      </object_component>
      <object_component id="oc-27e">
         <name>.data:GPIO_PORT_TO_BASE</name>
         <load_address>0x2000d0b4</load_address>
         <run_address>0x2000d0b4</run_address>
         <size>0x30</size>
         <input_file_ref idref="fl-21"/>
      </object_component>
      <object_component id="oc-317">
         <name>.data:$O1$$</name>
         <load_address>0x2000d0f8</load_address>
         <run_address>0x2000d0f8</run_address>
         <size>0x8</size>
         <input_file_ref idref="fl-ed"/>
      </object_component>
      <object_component id="oc-420">
         <name>.data</name>
         <load_address>0x2000d10c</load_address>
         <run_address>0x2000d10c</run_address>
         <size>0x4</size>
         <input_file_ref idref="fl-ef"/>
      </object_component>
      <object_component id="oc-611">
         <name>.data</name>
         <load_address>0x2000d108</load_address>
         <run_address>0x2000d108</run_address>
         <size>0x4</size>
         <input_file_ref idref="fl-104"/>
      </object_component>
      <object_component id="oc-3a8">
         <name>.bss:backChannelStringBuff</name>
         <uninitialized>true</uninitialized>
         <run_address>0x2000ca18</run_address>
         <size>0x100</size>
         <input_file_ref idref="fl-9"/>
      </object_component>
      <object_component id="oc-46c">
         <name>.bss</name>
         <uninitialized>true</uninitialized>
         <run_address>0x2000cc78</run_address>
         <size>0x4</size>
         <input_file_ref idref="fl-d"/>
      </object_component>
      <object_component id="oc-3fe">
         <name>.bss</name>
         <uninitialized>true</uninitialized>
         <run_address>0x2000cc7c</run_address>
         <size>0x4</size>
         <input_file_ref idref="fl-f"/>
      </object_component>
      <object_component id="oc-40c">
         <name>.bss:mag_trim</name>
         <uninitialized>true</uninitialized>
         <run_address>0x2000cc50</run_address>
         <size>0x10</size>
         <input_file_ref idref="fl-f"/>
      </object_component>
      <object_component id="oc-40f">
         <name>.bss:akm_asa_data</name>
         <uninitialized>true</uninitialized>
         <run_address>0x2000cca8</run_address>
         <size>0x3</size>
         <input_file_ref idref="fl-f"/>
      </object_component>
      <object_component id="oc-412">
         <name>.bss:yas532_data</name>
         <uninitialized>true</uninitialized>
         <run_address>0x2000cb90</run_address>
         <size>0x70</size>
         <input_file_ref idref="fl-f"/>
      </object_component>
      <object_component id="oc-355">
         <name>.bss:buf</name>
         <uninitialized>true</uninitialized>
         <run_address>0x2000cc80</run_address>
         <size>0x4</size>
         <input_file_ref idref="fl-14"/>
      </object_component>
      <object_component id="oc-352">
         <name>.bss</name>
         <uninitialized>true</uninitialized>
         <run_address>0x2000cc76</run_address>
         <size>0x2</size>
         <input_file_ref idref="fl-14"/>
      </object_component>
      <object_component id="oc-2fb">
         <name>.bss:FIFOs</name>
         <uninitialized>true</uninitialized>
         <run_address>0x2000c638</run_address>
         <size>0x250</size>
         <input_file_ref idref="fl-16"/>
      </object_component>
      <object_component id="oc-df">
         <name>.bss:threadControlBlocks</name>
         <uninitialized>true</uninitialized>
         <run_address>0x2000b800</run_address>
         <size>0x3f4</size>
         <input_file_ref idref="fl-17"/>
      </object_component>
      <object_component id="oc-e2">
         <name>.bss:threadStacks</name>
         <uninitialized>true</uninitialized>
         <run_address>0x20000000</run_address>
         <size>0xb800</size>
         <input_file_ref idref="fl-17"/>
      </object_component>
      <object_component id="oc-dc">
         <name>.bss:Pthread</name>
         <uninitialized>true</uninitialized>
         <run_address>0x2000cb18</run_address>
         <size>0x78</size>
         <input_file_ref idref="fl-17"/>
      </object_component>
      <object_component id="oc-d2">
         <name>.bss</name>
         <uninitialized>true</uninitialized>
         <run_address>0x2000cc60</run_address>
         <size>0xa</size>
         <input_file_ref idref="fl-17"/>
      </object_component>
      <object_component id="oc-ba">
         <name>.common:CurrentlyRunningThread</name>
         <uninitialized>true</uninitialized>
         <run_address>0x2000cc88</run_address>
         <size>0x4</size>
      </object_component>
      <object_component id="oc-311">
         <name>.common:balls</name>
         <uninitialized>true</uninitialized>
         <run_address>0x2000c888</run_address>
         <size>0x190</size>
      </object_component>
      <object_component id="oc-1ac">
         <name>.common:sensorMutex</name>
         <uninitialized>true</uninitialized>
         <run_address>0x2000cca4</run_address>
         <size>0x4</size>
      </object_component>
      <object_component id="oc-1ad">
         <name>.common:LCDMutex</name>
         <uninitialized>true</uninitialized>
         <run_address>0x2000cc8c</run_address>
         <size>0x4</size>
      </object_component>
      <object_component id="oc-30f">
         <name>.common:accelerometerX</name>
         <uninitialized>true</uninitialized>
         <run_address>0x2000ccac</run_address>
         <size>0x2</size>
      </object_component>
      <object_component id="oc-310">
         <name>.common:accelerometerY</name>
         <uninitialized>true</uninitialized>
         <run_address>0x2000ccae</run_address>
         <size>0x2</size>
      </object_component>
      <object_component id="oc-376">
         <name>.common:ButtonFunction</name>
         <uninitialized>true</uninitialized>
         <run_address>0x2000cc84</run_address>
         <size>0x4</size>
      </object_component>
      <object_component id="oc-380">
         <name>.common:bme280</name>
         <uninitialized>true</uninitialized>
         <run_address>0x2000cc00</run_address>
         <size>0x3c</size>
      </object_component>
      <object_component id="oc-404">
         <name>.common:accel_fifo</name>
         <uninitialized>true</uninitialized>
         <run_address>0x2000bbf4</run_address>
         <size>0x36c</size>
      </object_component>
      <object_component id="oc-407">
         <name>.common:gyro_fifo</name>
         <uninitialized>true</uninitialized>
         <run_address>0x2000bf60</run_address>
         <size>0x36c</size>
      </object_component>
      <object_component id="oc-408">
         <name>.common:mag_fifo</name>
         <uninitialized>true</uninitialized>
         <run_address>0x2000c2cc</run_address>
         <size>0x36c</size>
      </object_component>
      <object_component id="oc-35a">
         <name>.common:s_bmi160</name>
         <uninitialized>true</uninitialized>
         <run_address>0x2000cc3c</run_address>
         <size>0x14</size>
      </object_component>
      <object_component id="oc-35d">
         <name>.common:gyroxyz</name>
         <uninitialized>true</uninitialized>
         <run_address>0x2000cc70</run_address>
         <size>0x6</size>
      </object_component>
      <object_component id="oc-35e">
         <name>.common:accelxyz</name>
         <uninitialized>true</uninitialized>
         <run_address>0x2000cc6a</run_address>
         <size>0x6</size>
      </object_component>
      <object_component id="oc-177">
         <name>.common:ui8Status</name>
         <uninitialized>true</uninitialized>
         <run_address>0x2000ccb1</run_address>
         <size>0x1</size>
      </object_component>
      <object_component id="oc-174">
         <name>.common:pData</name>
         <uninitialized>true</uninitialized>
         <run_address>0x2000cca0</run_address>
         <size>0x4</size>
      </object_component>
      <object_component id="oc-17c">
         <name>.common:ui8DummyRead</name>
         <uninitialized>true</uninitialized>
         <run_address>0x2000ccb0</run_address>
         <size>0x1</size>
      </object_component>
      <object_component id="oc-178">
         <name>.common:g_ui32ByteCount</name>
         <uninitialized>true</uninitialized>
         <run_address>0x2000cc94</run_address>
         <size>0x4</size>
      </object_component>
      <object_component id="oc-db">
         <name>.common:SystemTime</name>
         <uninitialized>true</uninitialized>
         <run_address>0x2000cc90</run_address>
         <size>0x4</size>
      </object_component>
      <object_component id="oc-cc">
         <name>.common:currentMaxPriority</name>
         <uninitialized>true</uninitialized>
         <run_address>0x2000ccab</run_address>
         <size>0x1</size>
      </object_component>
      <object_component id="oc-3c9">
         <name>.common:hfxtFreq</name>
         <uninitialized>true</uninitialized>
         <run_address>0x2000cc98</run_address>
         <size>0x4</size>
      </object_component>
      <object_component id="oc-3cc">
         <name>.common:lfxtFreq</name>
         <uninitialized>true</uninitialized>
         <run_address>0x2000cc9c</run_address>
         <size>0x4</size>
      </object_component>
      <object_component id="oc-26">
         <name>.stack</name>
         <uninitialized>true</uninitialized>
         <run_address>0x2000fe00</run_address>
         <size>0x4</size>
         <input_file_ref idref="fl-eb"/>
      </object_component>
      <object_component id="oc-69a">
         <name>.stack</name>
         <uninitialized>true</uninitialized>
         <run_address>0x2000fe00</run_address>
         <size>0x0</size>
      </object_component>
      <object_component id="oc-271">
         <name>.debug_info</name>
         <load_address>0x0</load_address>
         <run_address>0x0</run_address>
         <size>0x60d</size>
         <input_file_ref idref="fl-2"/>
      </object_component>
      <object_component id="oc-2d2">
         <name>.debug_info</name>
         <load_address>0x60d</load_address>
         <run_address>0x60d</run_address>
         <size>0x207</size>
         <input_file_ref idref="fl-2"/>
      </object_component>
      <object_component id="oc-2cc">
         <name>.debug_info</name>
         <load_address>0x814</load_address>
         <run_address>0x814</run_address>
         <size>0x163</size>
         <input_file_ref idref="fl-2"/>
      </object_component>
      <object_component id="oc-3e6">
         <name>.debug_info</name>
         <load_address>0x977</load_address>
         <run_address>0x977</run_address>
         <size>0x16d</size>
         <input_file_ref idref="fl-2"/>
      </object_component>
      <object_component id="oc-2d9">
         <name>.debug_info</name>
         <load_address>0xae4</load_address>
         <run_address>0xae4</run_address>
         <size>0x15f</size>
         <input_file_ref idref="fl-2"/>
      </object_component>
      <object_component id="oc-2bd">
         <name>.debug_info</name>
         <load_address>0xc43</load_address>
         <run_address>0xc43</run_address>
         <size>0x173</size>
         <input_file_ref idref="fl-2"/>
      </object_component>
      <object_component id="oc-2e0">
         <name>.debug_info</name>
         <load_address>0xdb6</load_address>
         <run_address>0xdb6</run_address>
         <size>0x133</size>
         <input_file_ref idref="fl-2"/>
      </object_component>
      <object_component id="oc-2c4">
         <name>.debug_info</name>
         <load_address>0xee9</load_address>
         <run_address>0xee9</run_address>
         <size>0x12c</size>
         <input_file_ref idref="fl-2"/>
      </object_component>
      <object_component id="oc-3f2">
         <name>.debug_info</name>
         <load_address>0x1015</load_address>
         <run_address>0x1015</run_address>
         <size>0x176</size>
         <input_file_ref idref="fl-2"/>
      </object_component>
      <object_component id="oc-2b6">
         <name>.debug_info</name>
         <load_address>0x118b</load_address>
         <run_address>0x118b</run_address>
         <size>0x1a1</size>
         <input_file_ref idref="fl-2"/>
      </object_component>
      <object_component id="oc-19b">
         <name>.debug_info</name>
         <load_address>0x132c</load_address>
         <run_address>0x132c</run_address>
         <size>0xe41</size>
         <input_file_ref idref="fl-2"/>
      </object_component>
      <object_component id="oc-f5">
         <name>.debug_info</name>
         <load_address>0x216d</load_address>
         <run_address>0x216d</run_address>
         <size>0x37e2</size>
         <input_file_ref idref="fl-2"/>
      </object_component>
      <object_component id="oc-185">
         <name>.debug_info</name>
         <load_address>0x594f</load_address>
         <run_address>0x594f</run_address>
         <size>0x26b</size>
         <input_file_ref idref="fl-2"/>
      </object_component>
      <object_component id="oc-1f9">
         <name>.debug_info</name>
         <load_address>0x5bba</load_address>
         <run_address>0x5bba</run_address>
         <size>0x1055</size>
         <input_file_ref idref="fl-2"/>
      </object_component>
      <object_component id="oc-2a2">
         <name>.debug_info</name>
         <load_address>0x6c0f</load_address>
         <run_address>0x6c0f</run_address>
         <size>0x9a</size>
         <input_file_ref idref="fl-2"/>
      </object_component>
      <object_component id="oc-212">
         <name>.debug_info</name>
         <load_address>0x6ca9</load_address>
         <run_address>0x6ca9</run_address>
         <size>0x62</size>
         <input_file_ref idref="fl-2"/>
      </object_component>
      <object_component id="oc-eb">
         <name>.debug_info</name>
         <load_address>0x6d0b</load_address>
         <run_address>0x6d0b</run_address>
         <size>0x8b</size>
         <input_file_ref idref="fl-2"/>
      </object_component>
      <object_component id="oc-26c">
         <name>.debug_info</name>
         <load_address>0x6d96</load_address>
         <run_address>0x6d96</run_address>
         <size>0x297</size>
         <input_file_ref idref="fl-2"/>
      </object_component>
      <object_component id="oc-17e">
         <name>.debug_info</name>
         <load_address>0x702d</load_address>
         <run_address>0x702d</run_address>
         <size>0xef</size>
         <input_file_ref idref="fl-2"/>
      </object_component>
      <object_component id="oc-e6">
         <name>.debug_info</name>
         <load_address>0x711c</load_address>
         <run_address>0x711c</run_address>
         <size>0xbb</size>
         <input_file_ref idref="fl-2"/>
      </object_component>
      <object_component id="oc-191">
         <name>.debug_info</name>
         <load_address>0x71d7</load_address>
         <run_address>0x71d7</run_address>
         <size>0x2c</size>
         <input_file_ref idref="fl-2"/>
      </object_component>
      <object_component id="oc-4b2">
         <name>.debug_info</name>
         <load_address>0x7203</load_address>
         <run_address>0x7203</run_address>
         <size>0xee</size>
         <input_file_ref idref="fl-2"/>
      </object_component>
      <object_component id="oc-bb">
         <name>.debug_info</name>
         <load_address>0x72f1</load_address>
         <run_address>0x72f1</run_address>
         <size>0x9cd</size>
         <input_file_ref idref="fl-3"/>
      </object_component>
      <object_component id="oc-307">
         <name>.debug_info</name>
         <load_address>0x7cbe</load_address>
         <run_address>0x7cbe</run_address>
         <size>0xc9</size>
         <input_file_ref idref="fl-3"/>
      </object_component>
      <object_component id="oc-1af">
         <name>.debug_info</name>
         <load_address>0x7d87</load_address>
         <run_address>0x7d87</run_address>
         <size>0x684</size>
         <input_file_ref idref="fl-3"/>
      </object_component>
      <object_component id="oc-f0">
         <name>.debug_info</name>
         <load_address>0x840b</load_address>
         <run_address>0x840b</run_address>
         <size>0x1e0</size>
         <input_file_ref idref="fl-3"/>
      </object_component>
      <object_component id="oc-3ad">
         <name>.debug_info</name>
         <load_address>0x85eb</load_address>
         <run_address>0x85eb</run_address>
         <size>0x51</size>
         <input_file_ref idref="fl-3"/>
      </object_component>
      <object_component id="oc-1fe">
         <name>.debug_info</name>
         <load_address>0x863c</load_address>
         <run_address>0x863c</run_address>
         <size>0x338</size>
         <input_file_ref idref="fl-3"/>
      </object_component>
      <object_component id="oc-203">
         <name>.debug_info</name>
         <load_address>0x8974</load_address>
         <run_address>0x8974</run_address>
         <size>0x2c</size>
         <input_file_ref idref="fl-3"/>
      </object_component>
      <object_component id="oc-fa">
         <name>.debug_info</name>
         <load_address>0x89a0</load_address>
         <run_address>0x89a0</run_address>
         <size>0x2c</size>
         <input_file_ref idref="fl-3"/>
      </object_component>
      <object_component id="oc-208">
         <name>.debug_info</name>
         <load_address>0x89cc</load_address>
         <run_address>0x89cc</run_address>
         <size>0x35</size>
         <input_file_ref idref="fl-3"/>
      </object_component>
      <object_component id="oc-20d">
         <name>.debug_info</name>
         <load_address>0x8a01</load_address>
         <run_address>0x8a01</run_address>
         <size>0xc6</size>
         <input_file_ref idref="fl-3"/>
      </object_component>
      <object_component id="oc-4b7">
         <name>.debug_info</name>
         <load_address>0x8ac7</load_address>
         <run_address>0x8ac7</run_address>
         <size>0x661</size>
         <input_file_ref idref="fl-3"/>
      </object_component>
      <object_component id="oc-bd">
         <name>.debug_info</name>
         <load_address>0x9128</load_address>
         <run_address>0x9128</run_address>
         <size>0x843</size>
         <input_file_ref idref="fl-4"/>
      </object_component>
      <object_component id="oc-a2">
         <name>.debug_info</name>
         <load_address>0x996b</load_address>
         <run_address>0x996b</run_address>
         <size>0x1dd</size>
         <input_file_ref idref="fl-4"/>
      </object_component>
      <object_component id="oc-7d">
         <name>.debug_info</name>
         <load_address>0x9b48</load_address>
         <run_address>0x9b48</run_address>
         <size>0x2b9</size>
         <input_file_ref idref="fl-5"/>
      </object_component>
      <object_component id="oc-24">
         <name>.debug_info</name>
         <load_address>0x9e01</load_address>
         <run_address>0x9e01</run_address>
         <size>0xe5</size>
         <input_file_ref idref="fl-5"/>
      </object_component>
      <object_component id="oc-67">
         <name>.debug_info</name>
         <load_address>0x9ee6</load_address>
         <run_address>0x9ee6</run_address>
         <size>0x1ac</size>
         <input_file_ref idref="fl-5"/>
      </object_component>
      <object_component id="oc-2f">
         <name>.debug_info</name>
         <load_address>0xa092</load_address>
         <run_address>0xa092</run_address>
         <size>0x84</size>
         <input_file_ref idref="fl-5"/>
      </object_component>
      <object_component id="oc-1f4">
         <name>.debug_info</name>
         <load_address>0xa116</load_address>
         <run_address>0xa116</run_address>
         <size>0xde</size>
         <input_file_ref idref="fl-6"/>
      </object_component>
      <object_component id="oc-b4">
         <name>.debug_info</name>
         <load_address>0xa1f4</load_address>
         <run_address>0xa1f4</run_address>
         <size>0x250</size>
         <input_file_ref idref="fl-6"/>
      </object_component>
      <object_component id="oc-4db">
         <name>.debug_info</name>
         <load_address>0xa444</load_address>
         <run_address>0xa444</run_address>
         <size>0x299</size>
         <input_file_ref idref="fl-7"/>
      </object_component>
      <object_component id="oc-4d8">
         <name>.debug_info</name>
         <load_address>0xa6dd</load_address>
         <run_address>0xa6dd</run_address>
         <size>0xf5</size>
         <input_file_ref idref="fl-7"/>
      </object_component>
      <object_component id="oc-3ed">
         <name>.debug_info</name>
         <load_address>0xa7d2</load_address>
         <run_address>0xa7d2</run_address>
         <size>0x1f5</size>
         <input_file_ref idref="fl-7"/>
      </object_component>
      <object_component id="oc-c7">
         <name>.debug_info</name>
         <load_address>0xa9c7</load_address>
         <run_address>0xa9c7</run_address>
         <size>0x298</size>
         <input_file_ref idref="fl-8"/>
      </object_component>
      <object_component id="oc-29d">
         <name>.debug_info</name>
         <load_address>0xac5f</load_address>
         <run_address>0xac5f</run_address>
         <size>0x6c</size>
         <input_file_ref idref="fl-8"/>
      </object_component>
      <object_component id="oc-3ac">
         <name>.debug_info</name>
         <load_address>0xaccb</load_address>
         <run_address>0xaccb</run_address>
         <size>0x7b9</size>
         <input_file_ref idref="fl-9"/>
      </object_component>
      <object_component id="oc-3a6">
         <name>.debug_info</name>
         <load_address>0xb484</load_address>
         <run_address>0xb484</run_address>
         <size>0x122</size>
         <input_file_ref idref="fl-9"/>
      </object_component>
      <object_component id="oc-3a9">
         <name>.debug_info</name>
         <load_address>0xb5a6</load_address>
         <run_address>0xb5a6</run_address>
         <size>0x116</size>
         <input_file_ref idref="fl-9"/>
      </object_component>
      <object_component id="oc-256">
         <name>.debug_info</name>
         <load_address>0xb6bc</load_address>
         <run_address>0xb6bc</run_address>
         <size>0xda6</size>
         <input_file_ref idref="fl-9"/>
      </object_component>
      <object_component id="oc-4bc">
         <name>.debug_info</name>
         <load_address>0xc462</load_address>
         <run_address>0xc462</run_address>
         <size>0xcc</size>
         <input_file_ref idref="fl-9"/>
      </object_component>
      <object_component id="oc-4a7">
[...]
      </symbol>
      <symbol id="sm-106c">
         <name>I2C_getInterruptStatus</name>
         <value>0x14fa1</value>
         <object_component_ref idref="oc-147"/>
      </symbol>
      <symbol id="sm-106d">
         <name>I2C_isBusBusy</name>
         <value>0x14e31</value>
         <object_component_ref idref="oc-10b"/>
      </symbol>
      <symbol id="sm-106e">
         <name>I2C_enableModule</name>
         <value>0x14f2b</value>
         <object_component_ref idref="oc-123"/>
      </symbol>
      <symbol id="sm-106f">
         <name>I2C_masterReceiveStart</name>
         <value>0x14ea7</value>
         <object_component_ref idref="oc-14d"/>
      </symbol>
      <symbol id="sm-1070">
         <name>I2C_clearInterruptFlag</name>
         <value>0x14ee7</value>
         <object_component_ref idref="oc-159"/>
      </symbol>
      <symbol id="sm-1071">
         <name>I2C_setSlaveAddress</name>
         <value>0x14fb3</value>
         <object_component_ref idref="oc-11d"/>
      </symbol>
      <symbol id="sm-1072">
         <name>I2C_initMaster</name>
         <value>0x14981</value>
         <object_component_ref idref="oc-117"/>
      </symbol>
      <symbol id="sm-1073">
         <name>I2C_enableInterrupt</name>
         <value>0x14f73</value>
         <object_component_ref idref="oc-129"/>
      </symbol>
      <symbol id="sm-1074">
         <name>I2C_disableModule</name>
         <value>0x14f1f</value>
         <object_component_ref idref="oc-111"/>
      </symbol>
      <symbol id="sm-10bf">
         <name>Interrupt_disableInterrupt</name>
         <value>0x143a5</value>
         <object_component_ref idref="oc-141"/>
      </symbol>
      <symbol id="sm-10c0">
         <name>Interrupt_setPriority</name>
         <value>0x14cb5</value>
         <object_component_ref idref="oc-370"/>
      </symbol>
      <symbol id="sm-10c1">
         <name>Interrupt_enableInterrupt</name>
         <value>0x14409</value>
         <object_component_ref idref="oc-135"/>
      </symbol>
      <symbol id="sm-1127">
         <name>PCM_setCoreVoltageLevel</name>
         <value>0x14f7b</value>
         <object_component_ref idref="oc-337"/>
      </symbol>
      <symbol id="sm-1128">
         <name>PCM_getCoreVoltageLevel</name>
         <value>0x14bc7</value>
         <object_component_ref idref="oc-505"/>
      </symbol>
      <symbol id="sm-1129">
         <name>PCM_getPowerMode</name>
         <value>0x14bf3</value>
         <object_component_ref idref="oc-4ff"/>
      </symbol>
      <symbol id="sm-112a">
         <name>PCM_getPowerState</name>
         <value>0x14f39</value>
         <object_component_ref idref="oc-50b"/>
      </symbol>
      <symbol id="sm-112b">
         <name>PCM_setPowerMode</name>
         <value>0x14f83</value>
         <object_component_ref idref="oc-511"/>
      </symbol>
      <symbol id="sm-115f">
         <name>SysCtl_getNMISourceStatus</name>
         <value>0x14f45</value>
         <object_component_ref idref="oc-51b"/>
      </symbol>
      <symbol id="sm-1160">
         <name>SysCtl_enableNMISource</name>
         <value>0x14ec9</value>
         <object_component_ref idref="oc-52d"/>
      </symbol>
      <symbol id="sm-1161">
         <name>SysCtl_disableNMISource</name>
         <value>0x14eb9</value>
         <object_component_ref idref="oc-521"/>
      </symbol>
      <symbol id="sm-1162">
         <name>SysCtl_getTLVInfo</name>
         <value>0x1461d</value>
         <object_component_ref idref="oc-4c8"/>
      </symbol>
      <symbol id="sm-1191">
         <name>UART_enableModule</name>
         <value>0x14f51</value>
         <object_component_ref idref="oc-399"/>
      </symbol>
      <symbol id="sm-1192">
         <name>UART_transmitData</name>
         <value>0x14cd9</value>
         <object_component_ref idref="oc-387"/>
      </symbol>
      <symbol id="sm-1193">
         <name>UART_initModule</name>
         <value>0x13e51</value>
         <object_component_ref idref="oc-393"/>
      </symbol>
      <symbol id="sm-11a9">
         <name>WDT_A_clearTimer</name>
         <value>0x14da5</value>
         <object_component_ref idref="oc-224"/>
      </symbol>
      <symbol id="sm-11aa">
         <name>WDT_A_holdTimer</name>
         <value>0x14dbd</value>
         <object_component_ref idref="oc-22a"/>
      </symbol>
      <symbol id="sm-11bf">
         <name>__aeabi_ddiv</name>
         <value>0x1311d</value>
         <object_component_ref idref="oc-2eb"/>
      </symbol>
      <symbol id="sm-11ca">
         <name>__aeabi_dmul</name>
         <value>0x1368b</value>
         <object_component_ref idref="oc-2f0"/>
      </symbol>
      <symbol id="sm-11d6">
         <name>__aeabi_d2f</name>
         <value>0x1425f</value>
         <object_component_ref idref="oc-2f5"/>
      </symbol>
      <symbol id="sm-11df">
         <name>__aeabi_lmul</name>
         <value>0x14ded</value>
         <object_component_ref idref="oc-46f"/>
      </symbol>
      <symbol id="sm-11fa">
         <name>memcpy</name>
         <value>0x13c85</value>
         <object_component_ref idref="oc-34"/>
      </symbol>
      <symbol id="sm-11fb">
         <name>__aeabi_memcpy</name>
         <value>0x13c85</value>
         <object_component_ref idref="oc-34"/>
      </symbol>
      <symbol id="sm-11fc">
         <name>__aeabi_memcpy8</name>
         <value>0x13c85</value>
         <object_component_ref idref="oc-34"/>
      </symbol>
      <symbol id="sm-11fd">
         <name>__aeabi_memcpy4</name>
         <value>0x13c85</value>
         <object_component_ref idref="oc-34"/>
      </symbol>
      <symbol id="sm-1207">
         <name>__aeabi_ui2d</name>
         <value>0x14d1d</value>
         <object_component_ref idref="oc-2e6"/>
      </symbol>
      <symbol id="sm-1215">
         <name>__aeabi_ldivmod</name>
         <value>0x142cd</value>
         <object_component_ref idref="oc-474"/>
      </symbol>
      <symbol id="sm-1222">
         <name>__aeabi_uldivmod</name>
         <value>0x13db9</value>
         <object_component_ref idref="oc-53e"/>
      </symbol>
      <symbol id="sm-1231">
         <name>__aeabi_memset</name>
         <value>0x14107</value>
         <object_component_ref idref="oc-95"/>
      </symbol>
      <symbol id="sm-1232">
         <name>memset</name>
         <value>0x1410d</value>
         <object_component_ref idref="oc-95"/>
      </symbol>
      <symbol id="sm-1233">
         <name>__aeabi_memset8</name>
         <value>0x14107</value>
         <object_component_ref idref="oc-95"/>
      </symbol>
      <symbol id="sm-1234">
         <name>__aeabi_memset4</name>
         <value>0x14107</value>
         <object_component_ref idref="oc-95"/>
      </symbol>
      <symbol id="sm-1235">
         <name>__aeabi_memclr8</name>
         <value>0x14105</value>
         <object_component_ref idref="oc-95"/>
      </symbol>
      <symbol id="sm-1236">
         <name>__aeabi_memclr4</name>
         <value>0x14105</value>
         <object_component_ref idref="oc-95"/>
      </symbol>
      <symbol id="sm-1237">
         <name>__aeabi_memclr</name>
         <value>0x14105</value>
         <object_component_ref idref="oc-95"/>
      </symbol>
      <symbol id="sm-1249">
         <name>__TI_zero_init</name>
         <value>0x14f5d</value>
         <object_component_ref idref="oc-46"/>
      </symbol>
      <symbol id="sm-1260">
         <name>__TI_decompress_none</name>
         <value>0x14f03</value>
         <object_component_ref idref="oc-1a"/>
      </symbol>
      <symbol id="sm-1283">
         <name>__TI_decompress_lzss</name>
         <value>0x1433b</value>
         <object_component_ref idref="oc-14"/>
      </symbol>
      <symbol id="sm-1296">
         <name>__stack</name>
         <value>0x2000fe00</value>
         <object_component_ref idref="oc-26"/>
      </symbol>
      <symbol id="sm-1297">
         <name>_c_int00_noargs</name>
         <value>0x14a35</value>
         <object_component_ref idref="oc-52"/>
      </symbol>
      <symbol id="sm-12a2">
         <name>C$$EXIT</name>
         <value>0x14fbb</value>
         <object_component_ref idref="oc-1b5"/>
      </symbol>
      <symbol id="sm-12a3">
         <name>abort</name>
         <value>0x14fbb</value>
         <object_component_ref idref="oc-1b5"/>
      </symbol>
      <symbol id="sm-12b8">
         <name>_nop</name>
         <value>0x1055b</value>
         <object_component_ref idref="oc-426"/>
      </symbol>
      <symbol id="sm-12b9">
         <name>_lock</name>
         <value>0x2000d0f8</value>
         <object_component_ref idref="oc-317"/>
      </symbol>
      <symbol id="sm-12ba">
         <name>_unlock</name>
         <value>0x2000d0fc</value>
         <object_component_ref idref="oc-317"/>
      </symbol>
      <symbol id="sm-12d1">
         <name>rand</name>
         <value>0x14ad5</value>
         <object_component_ref idref="oc-309"/>
      </symbol>
      <symbol id="sm-1300">
         <name>snprintf</name>
         <value>0x14751</value>
         <object_component_ref idref="oc-39f"/>
      </symbol>
      <symbol id="sm-130e">
         <name>strcpy</name>
         <value>0x14e6d</value>
         <object_component_ref idref="oc-d5"/>
      </symbol>
      <symbol id="sm-1318">
         <name>__aeabi_idiv0</name>
         <value>0x12bd7</value>
         <object_component_ref idref="oc-539"/>
      </symbol>
      <symbol id="sm-1319">
         <name>__aeabi_ldiv0</name>
         <value>0x12bd7</value>
         <object_component_ref idref="oc-539"/>
      </symbol>
      <symbol id="sm-1341">
         <name>__TI_auto_init_nobinit_nopinit</name>
         <value>0x148bd</value>
         <object_component_ref idref="oc-1c1"/>
      </symbol>
      <symbol id="sm-134b">
         <name>_system_pre_init</name>
         <value>0x14fb7</value>
         <object_component_ref idref="oc-9b"/>
      </symbol>
      <symbol id="sm-14b1">
         <name>__TI_printfi</name>
         <value>0xfafd</value>
         <object_component_ref idref="oc-489"/>
      </symbol>
      <symbol id="sm-14c7">
         <name>atoi</name>
         <value>0x14705</value>
         <object_component_ref idref="oc-553"/>
      </symbol>
      <symbol id="sm-14d2">
         <name>_ctypes_</name>
         <value>0x155b0</value>
         <object_component_ref idref="oc-5b9"/>
      </symbol>
      <symbol id="sm-14e1">
         <name>ltoa</name>
         <value>0x14527</value>
         <object_component_ref idref="oc-5ca"/>
      </symbol>
      <symbol id="sm-14f1">
         <name>memccpy</name>
         <value>0x14d59</value>
         <object_component_ref idref="oc-57c"/>
      </symbol>
      <symbol id="sm-1501">
         <name>strchr</name>
         <value>0x14e05</value>
         <object_component_ref idref="oc-601"/>
      </symbol>
      <symbol id="sm-150f">
         <name>strlen</name>
         <value>0x14e81</value>
         <object_component_ref idref="oc-54d"/>
      </symbol>
      <symbol id="sm-1528">
         <name>wcslen</name>
         <value>0x14e95</value>
         <object_component_ref idref="oc-582"/>
      </symbol>
      <symbol id="sm-1548">
         <name>frexpl</name>
         <value>0x1446d</value>
         <object_component_ref idref="oc-5f5"/>
      </symbol>
      <symbol id="sm-1549">
         <name>frexp</name>
         <value>0x1446d</value>
         <object_component_ref idref="oc-5f5"/>
      </symbol>
      <symbol id="sm-1566">
         <name>scalbn</name>
         <value>0x13379</value>
         <object_component_ref idref="oc-5fb"/>
      </symbol>
      <symbol id="sm-1567">
         <name>scalbnl</name>
         <value>0x13379</value>
         <object_component_ref idref="oc-5fb"/>
      </symbol>
      <symbol id="sm-1568">
         <name>ldexpl</name>
         <value>0x13379</value>
         <object_component_ref idref="oc-5fb"/>
      </symbol>
      <symbol id="sm-1569">
         <name>ldexp</name>
         <value>0x13379</value>
         <object_component_ref idref="oc-5fb"/>
      </symbol>
      <symbol id="sm-1580">
         <name>__aeabi_dsub</name>
         <value>0x12a21</value>
         <object_component_ref idref="oc-5d5"/>
      </symbol>
      <symbol id="sm-1581">
         <name>__aeabi_dadd</name>
         <value>0x12a2b</value>
         <object_component_ref idref="oc-5d5"/>
      </symbol>
      <symbol id="sm-15a3">
         <name>__aeabi_cdcmpeq</name>
         <value>0x13f75</value>
         <object_component_ref idref="oc-55f"/>
      </symbol>
      <symbol id="sm-15a4">
         <name>__aeabi_cdcmple</name>
         <value>0x13f75</value>
         <object_component_ref idref="oc-55f"/>
      </symbol>
      <symbol id="sm-15a5">
         <name>__aeabi_cdrcmple</name>
         <value>0x13ffb</value>
         <object_component_ref idref="oc-5c0"/>
      </symbol>
      <symbol id="sm-15af">
         <name>__aeabi_d2iz</name>
         <value>0x14875</value>
         <object_component_ref idref="oc-5c5"/>
      </symbol>
      <symbol id="sm-15b9">
         <name>__aeabi_i2d</name>
         <value>0x14b99</value>
         <object_component_ref idref="oc-5d0"/>
      </symbol>
      <symbol id="sm-15cf">
         <name>__aeabi_errno_addr</name>
         <value>0x14f8d</value>
         <object_component_ref idref="oc-588"/>
      </symbol>
      <symbol id="sm-15d0">
         <name>errno</name>
         <value>0x2000d108</value>
         <object_component_ref idref="oc-611"/>
      </symbol>
      <symbol id="sm-15da">
         <name>copysign</name>
         <value>0x14e59</value>
         <object_component_ref idref="oc-63d"/>
      </symbol>
      <symbol id="sm-15db">
         <name>copysignl</name>
         <value>0x14e59</value>
         <object_component_ref idref="oc-63d"/>
      </symbol>
      <symbol id="sm-15dc">
         <name>__TI_static_base__</name>
         <value>0x0</value>
      </symbol>
      <symbol id="sm-15df">
         <name>__mpu_init</name>
         <value>0x0</value>
      </symbol>
      <symbol id="sm-15e0">
         <name>_system_post_cinit</name>
         <value>0x0</value>
      </symbol>
      <symbol id="sm-15e1">
         <name>NMI_Handler</name>
         <value>0x14f1d</value>
      </symbol>
      <symbol id="sm-15e2">
         <name>HardFault_Handler</name>
         <value>0x14f1d</value>
      </symbol>
      <symbol id="sm-15e3">
         <name>MemManage_Handler</name>
         <value>0x14f1d</value>
      </symbol>
      <symbol id="sm-15e4">
         <name>BusFault_Handler</name>
         <value>0x14f1d</value>
      </symbol>
      <symbol id="sm-15e5">
         <name>UsageFault_Handler</name>
         <value>0x14f1d</value>
      </symbol>
      <symbol id="sm-15e6">
         <name>SVC_Handler</name>
         <value>0x14f1d</value>
      </symbol>
      <symbol id="sm-15e7">
         <name>DebugMon_Handler</name>
         <value>0x14f1d</value>
      </symbol>
      <symbol id="sm-15e8">
         <name>PendSV_Handler</name>
         <value>0x145f1</value>
      </symbol>
      <symbol id="sm-15e9">
         <name>SysTick_Handler</name>
         <value>0x10daf</value>
      </symbol>
      <symbol id="sm-15ea">
         <name>PSS_IRQHandler</name>
         <value>0x14f1d</value>
      </symbol>
      <symbol id="sm-15eb">
         <name>CS_IRQHandler</name>
         <value>0x14f1d</value>
      </symbol>
      <symbol id="sm-15ec">
         <name>PCM_IRQHandler</name>
         <value>0x14f1d</value>
      </symbol>
      <symbol id="sm-15ed">
         <name>WDT_A_IRQHandler</name>
         <value>0x14f1d</value>
      </symbol>
      <symbol id="sm-15ee">
         <name>FPU_IRQHandler</name>
         <value>0x14f1d</value>
      </symbol>
      <symbol id="sm-15ef">
         <name>FLCTL_IRQHandler</name>
         <value>0x14f1d</value>
      </symbol>
      <symbol id="sm-15f0">
         <name>COMP_E0_IRQHandler</name>
         <value>0x14f1d</value>
      </symbol>
      <symbol id="sm-15f1">
         <name>COMP_E1_IRQHandler</name>
         <value>0x14f1d</value>
      </symbol>
      <symbol id="sm-15f2">
         <name>TA0_0_IRQHandler</name>
         <value>0x14f1d</value>
      </symbol>
      <symbol id="sm-15f3">
         <name>TA0_N_IRQHandler</name>
         <value>0x14f1d</value>
      </symbol>
      <symbol id="sm-15f4">
         <name>TA1_0_IRQHandler</name>
         <value>0x14f1d</value>
      </symbol>
      <symbol id="sm-15f5">
         <name>TA1_N_IRQHandler</name>
         <value>0x14f1d</value>
      </symbol>
      <symbol id="sm-15f6">
         <name>TA2_0_IRQHandler</name>
         <value>0x14f1d</value>
      </symbol>
      <symbol id="sm-15f7">
         <name>TA2_N_IRQHandler</name>
         <value>0x14f1d</value>
      </symbol>
      <symbol id="sm-15f8">
         <name>TA3_0_IRQHandler</name>
         <value>0x14f1d</value>
      </symbol>
      <symbol id="sm-15f9">
         <name>TA3_N_IRQHandler</name>
         <value>0x14f1d</value>
      </symbol>
      <symbol id="sm-15fa">
         <name>EUSCIA0_IRQHandler</name>
         <value>0x14f1d</value>
      </symbol>
      <symbol id="sm-15fb">
         <name>EUSCIA1_IRQHandler</name>
         <value>0x14f1d</value>
      </symbol>
      <symbol id="sm-15fc">
         <name>EUSCIA2_IRQHandler</name>
         <value>0x14f1d</value>
      </symbol>
      <symbol id="sm-15fd">
         <name>EUSCIA3_IRQHandler</name>
         <value>0x14f1d</value>
      </symbol>
      <symbol id="sm-15fe">
         <name>EUSCIB0_IRQHandler</name>
         <value>0x14f1d</value>
      </symbol>
      <symbol id="sm-15ff">
         <name>EUSCIB1_IRQHandler</name>
         <value>0x119d9</value>
      </symbol>
      <symbol id="sm-1600">
         <name>EUSCIB2_IRQHandler</name>
         <value>0x14f1d</value>
      </symbol>
      <symbol id="sm-1601">
         <name>EUSCIB3_IRQHandler</name>
         <value>0x14f1d</value>
      </symbol>
      <symbol id="sm-1602">
         <name>ADC14_IRQHandler</name>
         <value>0x14f1d</value>
      </symbol>
      <symbol id="sm-1603">
         <name>T32_INT1_IRQHandler</name>
         <value>0x14f1d</value>
      </symbol>
      <symbol id="sm-1604">
         <name>T32_INT2_IRQHandler</name>
         <value>0x14f1d</value>
      </symbol>
      <symbol id="sm-1605">
         <name>T32_INTC_IRQHandler</name>
         <value>0x14f1d</value>
      </symbol>
      <symbol id="sm-1606">
         <name>AES256_IRQHandler</name>
         <value>0x14f1d</value>
      </symbol>
      <symbol id="sm-1607">
         <name>RTC_C_IRQHandler</name>
         <value>0x14f1d</value>
      </symbol>
      <symbol id="sm-1608">
         <name>DMA_ERR_IRQHandler</name>
         <value>0x14f1d</value>
      </symbol>
      <symbol id="sm-1609">
         <name>DMA_INT3_IRQHandler</name>
         <value>0x14f1d</value>
      </symbol>
      <symbol id="sm-160a">
         <name>DMA_INT2_IRQHandler</name>
         <value>0x14f1d</value>
      </symbol>
      <symbol id="sm-160b">
         <name>DMA_INT1_IRQHandler</name>
         <value>0x14f1d</value>
      </symbol>
      <symbol id="sm-160c">
         <name>DMA_INT0_IRQHandler</name>
         <value>0x14f1d</value>
      </symbol>
      <symbol id="sm-160d">
         <name>PORT1_IRQHandler</name>
         <value>0x14f1d</value>
      </symbol>
      <symbol id="sm-160e">
         <name>PORT2_IRQHandler</name>
         <value>0x14f1d</value>
      </symbol>
      <symbol id="sm-160f">
         <name>PORT3_IRQHandler</name>
         <value>0x14f1d</value>
      </symbol>
      <symbol id="sm-1610">
         <name>PORT4_IRQHandler</name>
         <value>0x14f1d</value>
      </symbol>
      <symbol id="sm-1611">
         <name>PORT5_IRQHandler</name>
         <value>0x14f1d</value>
      </symbol>
      <symbol id="sm-1612">
         <name>PORT6_IRQHandler</name>
         <value>0x14f1d</value>
      </symbol>
   </symbol_table>
   <title>Link successful</title>
</link_info>
