******************************************************************************
                  TI ARM Linker PC v18.1.4                     
******************************************************************************
>> Linked Thu May  2 02:35:34 2019

OUTPUT FILE NAME:   <lab6.out>
ENTRY POINT SYMBOL: "_c_int00_noargs"  address: 0001b575


MEMORY CONFIGURATION

         name            origin    length      used     unused   attr    fill
----------------------  --------  ---------  --------  --------  ----  --------
  MAIN                  00000000   00040000  0001c620  000239e0  R  X
  INFO                  00200000   00004000  00000000  00004000  R  X
  SRAM_CODE             01000000   00010000  0000d1bc  00002e44  RW X
  SRAM_DATA             20000000   00010000  0000d1bc  00002e44  RW  


SEGMENT ALLOCATION MAP

run origin  load origin   length   init length attrs members
----------  ----------- ---------- ----------- ----- -------
00000000    00000000    0001c628   0001c628    r-x
  00000000    00000000    000000e4   000000e4    r-- .intvecs
  000000e4    000000e4    0001baea   0001baea    r-x .text
  0001bbd0    0001bbd0    000009c2   000009c2    r-- .const
  0001c598    0001c598    00000090   00000090    r-- .cinit
20000000    20000000    0000cfbc   00000000    rw-
  20000000    20000000    0000cb24   00000000    rw- .bss
  2000cb24    2000cb24    00000498   00000000    rw- .data
2000fe00    2000fe00    00000200   00000000    rw-
  2000fe00    2000fe00    00000200   00000000    rw- .stack


SECTION ALLOCATION MAP

 output                                  attributes/
section   page    origin      length       input sections
--------  ----  ----------  ----------   ----------------
.intvecs   0    00000000    000000e4     
                  00000000    000000e4     startup_msp432p401r_ccs.obj (.intvecs:retain)

.text      0    000000e4    0001baea     
                  000000e4    0000d5e0     bmi160.obj (.text)
                  0000d6c4    00002024     driver.obj (.text)
                  0000f6e8    00001810     bme280.obj (.text)
                  00010ef8    00000fcc     Game.obj (.text)
                  00011ec4    00000ed4     socket.obj (.text)
                  00012d98    00000c28     bmi160_support.obj (.text)
                  000139c0    00000b44     netapp.obj (.text)
                  00014504    00000ac0     wlan.obj (.text)
                  00014fc4    00000a5e     rtsv7M4_T_le_v4SPD16_eabi.lib : _printfi.c.obj (.text:__TI_printfi)
                  00015a22    00000002                                   : div0.asm.obj (.text)
                  00015a24    00000960     G8RTOS_Scheduler.obj (.text)
                  00016384    00000760     LCD.obj (.text)
                  00016ae4    00000694     cc3100_usage.obj (.text)
                  00017178    000005b8     device.obj (.text)
                  00017730    00000360     i2c_driver.obj (.text)
                  00017a90    00000350     board.obj (.text)
                  00017de0    00000334     system_msp432p401r.obj (.text)
                  00018114    000002f8     BackChannelUart.obj (.text)
                  0001840c    000002e0     bme280_support.obj (.text)
                  000186ec    00000270     rtsv7M4_T_le_v4SPD16_eabi.lib : _printfi.c.obj (.text:_pconv_a)
                  0001895c    0000023c     RGBLeds.obj (.text)
                  00018b98    00000234     tmp007.obj (.text)
                  00018dcc    00000210     spi_cc3100.obj (.text)
                  00018fdc    000001d0     rtsv7M4_T_le_v4SPD16_eabi.lib : _printfi.c.obj (.text:_pconv_g)
                  000191ac    000001b6                                   : fd_add_t2.asm.obj (.text)
                  00019362    000001a0     msp432p4xx_driverlib.lib : pcm.o (.text:__PCM_setPowerStateAdvanced)
                  00019502    00000002     --HOLE-- [fill = 0]
                  00019504    00000178     Joystick.obj (.text)
                  0001967c    0000013c     rtsv7M4_T_le_v4SPD16_eabi.lib : _printfi.c.obj (.text:_pconv_e)
                  000197b8    00000136                                   : fd_div_t2.asm.obj (.text)
                  000198ee    00000002     --HOLE-- [fill = 0]
                  000198f0    00000130     nonos.obj (.text)
                  00019a20    00000124     rtsv7M4_T_le_v4SPD16_eabi.lib : _printfi.c.obj (.text:fcvt)
                  00019b44    00000110     main.obj (.text)
                  00019c54    00000110     netcfg.obj (.text)
                  00019d64    00000110     rtsv7M4_T_le_v4SPD16_eabi.lib : s_scalbn.c.obj (.text:scalbn)
                  00019e74    00000104     msp432p4xx_driverlib.lib : cs.o (.text:CS_getDCOFrequency)
                  00019f78    000000fe     opt3001.obj (.text)
                  0001a076    000000fc     rtsv7M4_T_le_v4SPD16_eabi.lib : fd_mul_t2.asm.obj (.text)
                  0001a172    00000002     --HOLE-- [fill = 0]
                  0001a174    000000e0     msp432p4xx_driverlib.lib : cs.o (.text:CS_initClockSignal)
                  0001a254    000000dc                              : pcm.o (.text:__PCM_setPowerModeAdvanced)
                  0001a330    000000b1     rtsv7M4_T_le_v4SPD16_eabi.lib : _printfi.c.obj (.text:_ltostr)
                  0001a3e1    00000003     --HOLE-- [fill = 0]
                  0001a3e4    000000b0     msp432p4xx_driverlib.lib : pcm.o (.text:__PCM_setCoreVoltageLevelAdvanced)
                  0001a494    000000a4     LCD.obj (.text:PutChar)
                  0001a538    0000009c     msp432p4xx_driverlib.lib : cs.o (.text:CS_startHFXTWithTimeout)
                  0001a5d4    0000009c                              : cs.o (.text:_CSComputeCLKFrequency)
                  0001a670    0000009c     rtsv7M4_T_le_v4SPD16_eabi.lib : memcpy_t2.asm.obj (.text)
                  0001a70c    00000096                                   : ull_div_t2.asm.obj (.text)
                  0001a7a2    00000002     --HOLE-- [fill = 0]
                  0001a7a4    00000094     msp432p4xx_driverlib.lib : uart.o (.text:UART_initModule)
                  0001a838    00000090     G8RTOS_Semaphores.obj (.text)
                  0001a8c8    00000086     rtsv7M4_T_le_v4SPD16_eabi.lib : fd_cmp_t2.asm.obj (.text:__aeabi_cdcmple)
                  0001a94e    00000086                                   : fd_cmp_t2.asm.obj (.text:__aeabi_cdrcmple)
                  0001a9d4    00000084     ClockSys.obj (.text)
                  0001aa58    00000080     flowcont.obj (.text)
                  0001aad8    0000007c     msp432p4xx_driverlib.lib : pcm.o (.text:PCM_gotoLPM3)
                  0001ab54    0000007a     rtsv7M4_T_le_v4SPD16_eabi.lib : memset_t2.asm.obj (.text)
                  0001abce    00000002     --HOLE-- [fill = 0]
                  0001abd0    00000070     msp432p4xx_driverlib.lib : cs.o (.text:_CSGetHFXTFrequency)
                  0001ac40    0000006e     rtsv7M4_T_le_v4SPD16_eabi.lib : _printfi.c.obj (.text:_mcpy)
                  0001acae    0000006e                                   : fd_tos_t2.asm.obj (.text)
                  0001ad1c    0000006e                                   : ll_div_t2.asm.obj (.text)
                  0001ad8a    00000002     --HOLE-- [fill = 0]
                  0001ad8c    00000068     LCD.obj (.text:LCD_ReadData2)
                  0001adf4    00000068     rtsv7M4_T_le_v4SPD16_eabi.lib : copy_decompress_lzss.c.obj (.text:decompress:lzss:__TI_decompress_lzss)
                  0001ae5c    00000064     msp432p4xx_driverlib.lib : interrupt.o (.text:Interrupt_disableInterrupt)
                  0001aec0    00000064                              : interrupt.o (.text:Interrupt_enableInterrupt)
                  0001af24    00000064     rtsv7M4_T_le_v4SPD16_eabi.lib : s_frexp.c.obj (.text:frexp)
                  0001af88    00000056                                   : _printfi.c.obj (.text:_pconv_f)
                  0001afde    00000054                                   : ltoa.c.obj (.text:ltoa)
                  0001b032    00000052                                   : _printfi.c.obj (.text:_ecpy)
                  0001b084    00000050     msp432p4xx_driverlib.lib : pcm.o (.text:PCM_shutdownDevice)
                  0001b0d4    00000050                              : sysctl.o (.text:SysCtl_getTLVInfo)
                  0001b124    0000004c     G8RTOS_SchedulerASM.obj (.text)
                  0001b170    0000004c     msp432p4xx_driverlib.lib : gpio.o (.text:GPIO_setAsPeripheralModuleFunctionOutputPin)
                  0001b1bc    0000004c                              : cs.o (.text:_CSGetDOCFrequency)
                  0001b208    0000004c     rtsv7M4_T_le_v4SPD16_eabi.lib : atoi.c.obj (.text:atoi)
                  0001b254    0000004c                                   : snprintf.c.obj (.text:snprintf)
                  0001b2a0    00000048     msp432p4xx_driverlib.lib : gpio.o (.text:GPIO_setAsPeripheralModuleFunctionInputPin)
                  0001b2e8    00000048     LCD.obj (.text:LCD_ReadData)
                  0001b330    00000048     msp432p4xx_driverlib.lib : cs.o (.text:_CSGetDividerValue)
                  0001b378    00000048     rtsv7M4_T_le_v4SPD16_eabi.lib : fd_toi_t2.asm.obj (.text)
                  0001b3c0    00000044                                   : autoinit.c.obj (.text:__TI_auto_init_nobinit_nopinit:__TI_auto_init_nobinit_nopinit)
                  0001b404    00000040     AsciiLib.obj (.text)
                  0001b444    00000040     LCD.obj (.text:LCD_WriteData)
                  0001b484    0000003e     msp432p4xx_driverlib.lib : i2c.o (.text:I2C_initMaster)
                  0001b4c2    0000003e     rtsv7M4_T_le_v4SPD16_eabi.lib : _printfi.c.obj (.text:_fcpy)
                  0001b500    0000003a     BSP.obj (.text)
                  0001b53a    00000002     --HOLE-- [fill = 0]
                  0001b53c    00000038     msp432p4xx_driverlib.lib : i2c.o (.text:I2C_masterSendMultiByteStart)
                  0001b574    00000038     rtsv7M4_T_le_v4SPD16_eabi.lib : boot_cortex_m.c.obj (.text:_c_int00_noargs:_c_int00_noargs)
                  0001b5ac    00000034     LCD.obj (.text:LCD_WriteIndex)
                  0001b5e0    00000030     msp432p4xx_driverlib.lib : gpio.o (.text:GPIO_getEnabledInterruptStatus)
                  0001b610    00000030                              : i2c.o (.text:I2C_masterSendMultiByteStop)
                  0001b640    00000030     LCD.obj (.text:SPISendRecvByte)
                  0001b670    00000030     rtsv7M4_T_le_v4SPD16_eabi.lib : snprintf.c.obj (.text:_outs)
                  0001b6a0    0000002e                                   : i_tofd_t2.asm.obj (.text)
                  0001b6ce    0000002c     msp432p4xx_driverlib.lib : pcm.o (.text:PCM_getCoreVoltageLevel)
                  0001b6fa    0000002a                              : pcm.o (.text:PCM_getPowerMode)
                  0001b724    00000028                              : flash.o (.text:FlashCtl_setWaitState)
                  0001b74c    00000028                              : pcm.o (.text:PCM_gotoLPM0)
                  0001b774    00000026     demo_sysctl.obj (.text)
                  0001b79a    00000002     --HOLE-- [fill = 0]
                  0001b79c    00000024     msp432p4xx_driverlib.lib : cs.o (.text:CS_clearInterruptFlag)
                  0001b7c0    00000024                              : cs.o (.text:CS_setDCOCenteredFrequency)
                  0001b7e4    00000024                              : i2c.o (.text:I2C_masterSendMultiByteNext)
                  0001b808    00000024                              : interrupt.o (.text:Interrupt_setPriority)
                  0001b82c    00000024                              : rtc_c.o (.text:RTC_C_holdClock)
                  0001b850    00000024                              : uart.o (.text:UART_transmitData)
                  0001b874    00000020     LCD.obj (.text:LCD_SetCursor)
                  0001b894    00000020     LCD.obj (.text:LCD_Write_Data_Only)
                  0001b8b4    00000020     rtsv7M4_T_le_v4SPD16_eabi.lib : u_tofd_t2.asm.obj (.text)
                  0001b8d4    0000001c     LCD.obj (.text:LCD_WriteReg)
                  0001b8f0    0000001c     rtsv7M4_T_le_v4SPD16_eabi.lib : memccpy.c.obj (.text:memccpy)
                  0001b90c    00000018     msp432p4xx_driverlib.lib : cs.o (.text:CS_getMCLK)
                  0001b924    00000018                              : cs.o (.text:CS_getSMCLK)
                  0001b93c    00000018                              : gpio.o (.text:GPIO_clearInterruptFlag)
                  0001b954    00000018                              : gpio.o (.text:GPIO_getInputPinValue)
                  0001b96c    00000018                              : wdt_a.o (.text:WDT_A_clearTimer)
                  0001b984    00000018                              : wdt_a.o (.text:WDT_A_holdTimer)
                  0001b99c    00000018     rtsv7M4_T_le_v4SPD16_eabi.lib : snprintf.c.obj (.text:_outc)
                  0001b9b4    00000018                                   : ll_mul_t2.asm.obj (.text)
                  0001b9cc    00000016                                   : strchr.c.obj (.text:strchr)
                  0001b9e2    00000002     --HOLE-- [fill = 0]
                  0001b9e4    00000014     msp432p4xx_driverlib.lib : cs.o (.text:CS_setExternalClockSourceFrequency)
                  0001b9f8    00000014                              : i2c.o (.text:I2C_isBusBusy)
                  0001ba0c    00000014     LCD.obj (.text:LCD_ReadReg)
                  0001ba20    00000014     rtsv7M4_T_le_v4SPD16_eabi.lib : s_copysign.c.obj (.text:copysign)
                  0001ba34    00000014                                   : strcpy.c.obj (.text:strcpy)
                  0001ba48    00000014                                   : strlen.c.obj (.text:strlen)
                  0001ba5c    00000012                                   : wcslen.c.obj (.text:wcslen)
                  0001ba6e    00000002     --HOLE-- [fill = 0]
                  0001ba70    00000010     msp432p4xx_driverlib.lib : gpio.o (.text:GPIO_getInterruptStatus)
                  0001ba80    00000010                              : i2c.o (.text:I2C_masterReceiveStart)
                  0001ba90    00000010                              : interrupt.o (.text:Interrupt_enableMaster)
                  0001baa0    00000010                              : pcm.o (.text:PCM_gotoLPM4)
                  0001bab0    00000010                              : sysctl.o (.text:SysCtl_disableNMISource)
                  0001bac0    00000010                              : sysctl.o (.text:SysCtl_enableNMISource)
                  0001bad0    0000000e     G8RTOS_CriticalSection.obj (.text)
                  0001bade    0000000e     msp432p4xx_driverlib.lib : i2c.o (.text:I2C_clearInterruptFlag)
                  0001baec    0000000e                              : i2c.o (.text:I2C_disableInterrupt)
                  0001bafa    0000000e     rtsv7M4_T_le_v4SPD16_eabi.lib : copy_decompress_none.c.obj (.text:decompress:none:__TI_decompress_none)
                  0001bb08    0000000e     startup_msp432p401r_ccs.obj (.text)
                  0001bb16    0000000c     msp432p4xx_driverlib.lib : cpu.o (.text:CPU_cpsie)
                  0001bb22    0000000c                              : i2c.o (.text:I2C_disableModule)
                  0001bb2e    0000000c                              : i2c.o (.text:I2C_enableModule)
                  0001bb3a    00000002     --HOLE-- [fill = 0]
                  0001bb3c    0000000c                              : pcm.o (.text:PCM_getPowerState)
                  0001bb48    0000000c                              : sysctl.o (.text:SysCtl_getNMISourceStatus)
                  0001bb54    0000000c                              : uart.o (.text:UART_enableModule)
                  0001bb60    0000000c     rtsv7M4_T_le_v4SPD16_eabi.lib : copy_zero_init.c.obj (.text:decompress:ZI:__TI_zero_init)
                  0001bb6c    0000000a     LCD.obj (.text:LCD_Write_Data_Start)
                  0001bb76    00000008     msp432p4xx_driverlib.lib : i2c.o (.text:I2C_enableInterrupt)
                  0001bb7e    00000008                              : pcm.o (.text:PCM_setCoreVoltageLevel)
                  0001bb86    00000008                              : pcm.o (.text:PCM_setPowerMode)
                  0001bb8e    00000008                              : pcm.o (.text:PCM_setPowerState)
                  0001bb96    00000002     --HOLE-- [fill = 0]
                  0001bb98    00000008     rtsv7M4_T_le_v4SPD16_eabi.lib : errno.c.obj (.text:__aeabi_errno_addr)
                  0001bba0    00000006     msp432p4xx_driverlib.lib : cs.o (.text:CS_startHFXT)
                  0001bba6    00000006                              : i2c.o (.text:I2C_getEnabledInterruptStatus)
                  0001bbac    00000006                              : i2c.o (.text:I2C_getInterruptStatus)
                  0001bbb2    00000006                              : i2c.o (.text:I2C_masterReceiveMultiByteNext)
                  0001bbb8    00000006     demo_sysctl.obj (.text:SysCtlDelay)
                  0001bbbe    00000004     msp432p4xx_driverlib.lib : cpu.o (.text:CPU_wfi)
                  0001bbc2    00000004                              : i2c.o (.text:I2C_setSlaveAddress)
                  0001bbc6    00000004     rtsv7M4_T_le_v4SPD16_eabi.lib : pre_init.c.obj (.text:_system_pre_init)
                  0001bbca    00000004                                   : exit.c.obj (.text:abort:abort)

.const     0    0001bbd0    000009c2     
                  0001bbd0    000005f0     AsciiLib.obj (.const:AsciiLib)
                  0001c1c0    00000101     rtsv7M4_T_le_v4SPD16_eabi.lib : ctype.c.obj (.const:.string:_ctypes_)
                  0001c2c1    00000003     bmi160.obj (.const:.string:INVALID_OFFSET)
                  0001c2c4    000000b0     wlan.obj (.const:$P$T0$1)
                  0001c374    00000050     msp432p4xx_driverlib.lib : interrupt.o (.const:g_pulRegs)
                  0001c3c4    00000040                              : interrupt.o (.const)
                  0001c404    00000038     driver.obj (.const:_SlActionLookupTable)
                  0001c43c    0000002c     cc3100_usage.obj (.const:$P$T0$1)
                  0001c468    00000024     BackChannelUart.obj (.const:backChannelUart115200Config)
                  0001c48c    00000014     cc3100_usage.obj (.const:$P$T1$2)
                  0001c4a0    0000000c     cc3100_usage.obj (.const:$P$T2$3)
                  0001c4ac    0000000c     bmi160.obj (.const:yas532_version_ac_coef)
                  0001c4b8    00000008     driver.obj (.const:g_H2NCnysPattern)
                  0001c4c0    00000008     driver.obj (.const:g_H2NSyncPattern)
                  0001c4c8    00000008     bmi160.obj (.const:v_calib_data$2)
                  0001c4d0    00000005     bme280_support.obj (.const:.string:$P$T0$1)
                  0001c4d5    00000005     bmi160.obj (.const:.string:v_correct_u8$1)
                  0001c4da    00000004     driver.obj (.const:$P$T0$1)
                  0001c4de    00000004     netapp.obj (.const:$P$T0$1)
                  0001c4e2    00000004     socket.obj (.const:$P$T0$1)
                  0001c4e6    00000004     socket.obj (.const:$P$T1$2)
                  0001c4ea    00000004     wlan.obj (.const:$P$T1$2)
                  0001c4ee    00000004     socket.obj (.const:$P$T2$3)
                  0001c4f2    00000004     wlan.obj (.const:$P$T2$3)
                  0001c4f6    00000004     wlan.obj (.const:$P$T3$4)
                  0001c4fa    00000004     socket.obj (.const:_SlAcceptCmdCtrl)
                  0001c4fe    00000004     device.obj (.const:_SlDeviceGetCmdCtrl)
                  0001c502    00000004     device.obj (.const:_SlDeviceSetCmdCtrl)
                  0001c506    00000004     device.obj (.const:_SlEventMaskGetCmdCtrl)
                  0001c50a    00000004     device.obj (.const:_SlEventMaskSetCmdCtrl)
                  0001c50e    00000004     netapp.obj (.const:_SlGetHostByNameCtrl)
                  0001c512    00000004     netapp.obj (.const:_SlGetHostByServiceCtrl)
                  0001c516    00000004     netapp.obj (.const:_SlGetServiceListeCtrl)
                  0001c51a    00000004     socket.obj (.const:_SlGetSockOptCmdCtrl)
                  0001c51e    00000004     socket.obj (.const:_SlListenCmdCtrl)
                  0001c522    00000004     netapp.obj (.const:_SlNetAppGetCmdCtrl)
                  0001c526    00000004     netapp.obj (.const:_SlNetAppSendTokenValueCmdCtrl)
                  0001c52a    00000004     netapp.obj (.const:_SlNetAppSetCmdCtrl)
                  0001c52e    00000004     netapp.obj (.const:_SlNetAppStartCtrl)
                  0001c532    00000004     netapp.obj (.const:_SlNetAppStopCtrl)
                  0001c536    00000004     netcfg.obj (.const:_SlNetCfgGetCmdCtrl)
                  0001c53a    00000004     netcfg.obj (.const:_SlNetCfgSetCmdCtrl)
                  0001c53e    00000004     wlan.obj (.const:_SlPolicyGetCmdCtrl)
                  0001c542    00000004     wlan.obj (.const:_SlPolicySetCmdCtrl)
                  0001c546    00000004     wlan.obj (.const:_SlProfileDelCmdCtrl)
                  0001c54a    00000004     wlan.obj (.const:_SlProfileGetCmdCtrl)
                  0001c54e    00000004     socket.obj (.const:_SlRecvCmdCtrl)
                  0001c552    00000004     socket.obj (.const:_SlRecvfomCmdCtrl)
                  0001c556    00000004     netapp.obj (.const:_SlRegisterServiceCtrl)
                  0001c55a    00000004     wlan.obj (.const:_SlRxFilterAddtCmdCtrl)
                  0001c55e    00000004     wlan.obj (.const:_SlRxFilterGetCmdCtrl)
                  0001c562    00000004     wlan.obj (.const:_SlRxFilterSetCmdCtrl)
                  0001c566    00000004     socket.obj (.const:_SlSelectCmdCtrl)
                  0001c56a    00000004     socket.obj (.const:_SlSendCmdCtrl)
                  0001c56e    00000004     socket.obj (.const:_SlSetSockOptCmdCtrl)
                  0001c572    00000004     wlan.obj (.const:_SlSmartConfigStartCmdCtrl)
                  0001c576    00000004     socket.obj (.const:_SlSockCloseCmdCtrl)
                  0001c57a    00000004     socket.obj (.const:_SlSockSocketCmdCtrl)
                  0001c57e    00000004     device.obj (.const:_SlStopCmdCtrl)
                  0001c582    00000004     wlan.obj (.const:_SlWlanCfgGetCmdCtrl)
                  0001c586    00000004     wlan.obj (.const:_SlWlanCfgSetCmdCtrl)
                  0001c58a    00000004     wlan.obj (.const:_SlWlanGetNetworkListCtrl)
                  0001c58e    00000004     wlan.obj (.const:_SlWlanSetModeCmdCtrl)

.cinit     0    0001c598    00000090     
                  0001c598    00000067     (.cinit..data.load) [load image, compression = lzss]
                  0001c5ff    00000001     --HOLE-- [fill = 0]
                  0001c600    0000000c     (__TI_handler_table)
                  0001c60c    00000004     --HOLE-- [fill = 0]
                  0001c610    00000008     (.cinit..bss.load) [load image, compression = zero_init]
                  0001c618    00000010     (__TI_cinit_table)

.init_array 
*          0    00000000    00000000     UNINITIALIZED

.binit     0    00000000    00000000     

.bss       0    20000000    0000cb24     UNINITIALIZED
                  20000000    0000b800     G8RTOS_Scheduler.obj (.bss:threadStacks)
                  2000b800    00000450     G8RTOS_Scheduler.obj (.bss:threadControlBlocks)
                  2000bc50    0000036c     (.common:accel_fifo)
                  2000bfbc    0000036c     (.common:gyro_fifo)
                  2000c328    0000036c     (.common:mag_fifo)
                  2000c694    00000164     (.common:g_StatMem)
                  2000c7f8    00000100     BackChannelUart.obj (.bss:backChannelStringBuff)
                  2000c8f8    00000078     G8RTOS_Scheduler.obj (.bss:periodicThreadControlBlocks)
                  2000c970    00000070     bmi160.obj (.bss:yas532_data)
                  2000c9e0    0000003c     (.common:bme280)
                  2000ca1c    0000003a     (.common:game)
                  2000ca56    00000002     tmp007.obj (.bss)
                  2000ca58    00000028     (.common:g__SlNonOsCB)
                  2000ca80    00000014     (.common:clients)
                  2000ca94    00000014     (.common:s_bmi160)
                  2000caa8    00000010     bmi160.obj (.bss:mag_trim)
                  2000cab8    0000000a     (.common:client)
                  2000cac2    00000001     (.common:IntIsMasked)
                  2000cac3    00000001     (.common:ui8DummyRead)
                  2000cac4    00000008     G8RTOS_Scheduler.obj (.bss)
                  2000cacc    00000006     (.common:accelxyz)
                  2000cad2    00000006     (.common:gyroxyz)
                  2000cad8    00000004     bme280.obj (.bss)
                  2000cadc    00000004     bmi160.obj (.bss)
                  2000cae0    00000004     tmp007.obj (.bss:buf)
                  2000cae4    00000004     cc3100_usage.obj (.bss)
                  2000cae8    00000004     (.common:ButtonFunction)
                  2000caec    00000004     (.common:CurrentlyRunningThread)
                  2000caf0    00000004     (.common:LCD)
                  2000caf4    00000004     (.common:LED)
                  2000caf8    00000004     (.common:PLAYER)
                  2000cafc    00000004     (.common:SystemTime)
                  2000cb00    00000004     (.common:Wifi)
                  2000cb04    00000004     (.common:flag)
                  2000cb08    00000004     (.common:g_ui32ByteCount)
                  2000cb0c    00000004     (.common:hfxtFreq)
                  2000cb10    00000004     (.common:lfxtFreq)
                  2000cb14    00000004     (.common:pData)
                  2000cb18    00000004     (.common:restart)
                  2000cb1c    00000004     (.common:tp)
                  2000cb20    00000003     bmi160.obj (.bss:akm_asa_data)
                  2000cb23    00000001     (.common:ui8Status)

.data      0    2000cb24    00000498     UNINITIALIZED
                  2000cb24    00000400     bmi160.obj (.data:v_fifo_data_u8)
                  2000cf24    00000030     msp432p4xx_driverlib.lib : gpio.o (.data:GPIO_PORT_TO_BASE)
                  2000cf54    00000014     cc3100_usage.obj (.data)
                  2000cf68    00000014     i2c_driver.obj (.data:i2cConfig)
                  2000cf7c    00000009     driver.obj (.data)
                  2000cf85    00000001     i2c_driver.obj (.data)
                  2000cf86    00000002     --HOLE--
                  2000cf88    00000008     bmi160.obj (.data)
                  2000cf90    00000008     Game.obj (.data:initialX)
                  2000cf98    00000008     Game.obj (.data:initialY)
                  2000cfa0    00000008     Game.obj (.data:playerColors)
                  2000cfa8    00000004     board.obj (.data)
                  2000cfac    00000004     Game.obj (.data:initialVeloX)
                  2000cfb0    00000004     Game.obj (.data:initialVeloY)
                  2000cfb4    00000004     rtsv7M4_T_le_v4SPD16_eabi.lib : errno.c.obj (.data)
                  2000cfb8    00000004     system_msp432p401r.obj (.data)

.stack     0    2000fe00    00000200     UNINITIALIZED
                  2000fe00    00000004     rtsv7M4_T_le_v4SPD16_eabi.lib : boot_cortex_m.c.obj (.stack)
                  2000fe04    000001fc     --HOLE--

MODULE SUMMARY

       Module                        code     ro data   rw data
       ------                        ----     -------   -------
    .\
       Game.obj                      4044     0         304    
       system_msp432p401r.obj        820      0         8      
       main.obj                      272      0         0      
       startup_msp432p401r_ccs.obj   14       228       0      
    +--+-----------------------------+--------+---------+---------+
       Total:                        5150     228       312    
                                                               
    .\BoardSupportPackage\src\
       bmi160.obj                    54752    28        7590   
       bme280.obj                    6160     0         8      
       bmi160_support.obj            3112     0         64     
       LCD.obj                       2514     0         0      
       AsciiLib.obj                  64       1520      0      
       BackChannelUart.obj           760      36        512    
       i2c_driver.obj                864      0         62     
       bme280_support.obj            736      5         120    
       tmp007.obj                    564      0         12     
       RGBLeds.obj                   572      0         0      
       Joystick.obj                  376      0         8      
       opt3001.obj                   254      0         0      
       ClockSys.obj                  132      0         0      
       BSP.obj                       58       0         0      
       demo_sysctl.obj               44       0         0      
    +--+-----------------------------+--------+---------+---------+
       Total:                        70962    1589      8376   
                                                               
    .\CC3100SupportPackage\board\
       board.obj                     848      0         10     
    +--+-----------------------------+--------+---------+---------+
       Total:                        848      0         10     
                                                               
    .\CC3100SupportPackage\cc3100_usage\
       cc3100_usage.obj              1684     76        48     
    +--+-----------------------------+--------+---------+---------+
       Total:                        1684     76        48     
                                                               
    .\CC3100SupportPackage\simplelink\source\
       driver.obj                    8228     76        730    
       socket.obj                    3796     52        0      
       wlan.obj                      2752     236       0      
       netapp.obj                    2884     40        0      
       device.obj                    1464     20        0      
       nonos.obj                     304      0         80     
       netcfg.obj                    272      8         0      
       flowcont.obj                  128      0         0      
    +--+-----------------------------+--------+---------+---------+
       Total:                        19828    432       810    
                                                               
    .\CC3100SupportPackage\spi_cc3100\
       spi_cc3100.obj                528      0         0      
    +--+-----------------------------+--------+---------+---------+
       Total:                        528      0         0      
                                                               
    .\G8RTOS\
       G8RTOS_Scheduler.obj          2400     0         96680  
       G8RTOS_Semaphores.obj         144      0         0      
       G8RTOS_SchedulerASM.obj       76       0         0      
       G8RTOS_CriticalSection.obj    14       0         0      
    +--+-----------------------------+--------+---------+---------+
       Total:                        2634     0         96680  
                                                               
    ../BoardSupportPackage/DriverLib/msp432p4xx_driverlib.lib
       cs.o                          1202     0         16     
       pcm.o                         1194     0         0      
       interrupt.o                   252      144       0      
       gpio.o                        260      0         96     
       i2c.o                         320      0         0      
       uart.o                        196      0         0      
       sysctl.o                      124      0         0      
       wdt_a.o                       48       0         0      
       flash.o                       40       0         0      
       rtc_c.o                       36       0         0      
       cpu.o                         16       0         0      
    +--+-----------------------------+--------+---------+---------+
       Total:                        3688     144       112    
                                                               
    C:\ti\ccsv8\tools\compiler\ti-cgt-arm_18.1.4.LTS\lib\rtsv7M4_T_le_v4SPD16_eabi.lib
       _printfi.c.obj                4867     0         0      
       fd_add_t2.asm.obj             438      0         0      
       fd_div_t2.asm.obj             310      0         0      
       s_scalbn.c.obj                272      0         0      
       fd_cmp_t2.asm.obj             268      0         0      
       ctype.c.obj                   0        257       0      
       fd_mul_t2.asm.obj             252      0         0      
       memcpy_t2.asm.obj             156      0         0      
       ull_div_t2.asm.obj            150      0         0      
       snprintf.c.obj                148      0         0      
       memset_t2.asm.obj             122      0         0      
       fd_tos_t2.asm.obj             110      0         0      
       ll_div_t2.asm.obj             110      0         0      
       copy_decompress_lzss.c.obj    104      0         0      
       s_frexp.c.obj                 100      0         0      
       ltoa.c.obj                    84       0         0      
       atoi.c.obj                    76       0         0      
       fd_toi_t2.asm.obj             72       0         0      
       autoinit.c.obj                68       0         0      
       boot_cortex_m.c.obj           56       0         0      
       i_tofd_t2.asm.obj             46       0         0      
       u_tofd_t2.asm.obj             32       0         0      
       memccpy.c.obj                 28       0         0      
       ll_mul_t2.asm.obj             24       0         0      
       strchr.c.obj                  22       0         0      
       s_copysign.c.obj              20       0         0      
       strcpy.c.obj                  20       0         0      
       strlen.c.obj                  20       0         0      
       wcslen.c.obj                  18       0         0      
       errno.c.obj                   8        0         8      
       copy_decompress_none.c.obj    14       0         0      
       copy_zero_init.c.obj          12       0         0      
       exit.c.obj                    4        0         0      
       pre_init.c.obj                4        0         0      
       div0.asm.obj                  2        0         0      
    +--+-----------------------------+--------+---------+---------+
       Total:                        8037     257       8      
                                                               
       Stack:                        0        0         1024   
       Linker Generated:             0        139       0      
    +--+-----------------------------+--------+---------+---------+
       Grand Total:                  113359   2865      107380 


LINKER GENERATED COPY TABLES

__TI_cinit_table @ 0001c618 records: 2, size/record: 8, table size: 16
	.data: load addr=0001c598, load size=00000067 bytes, run addr=2000cb24, run size=00000498 bytes, compression=lzss
	.bss: load addr=0001c610, load size=00000008 bytes, run addr=20000000, run size=0000cb24 bytes, compression=zero_init


LINKER GENERATED HANDLER TABLE

__TI_handler_table @ 0001c600 records: 3, size/record: 4, table size: 12
	index: 0, handler: __TI_decompress_lzss
	index: 1, handler: __TI_decompress_none
	index: 2, handler: __TI_zero_init


GLOBAL SYMBOLS: SORTED ALPHABETICALLY BY Name 

address   name                                                  
-------   ----                                                  
0001bb15  ADC14_IRQHandler                                      
0001bb15  AES256_IRQHandler                                     
000185ad  BME280_I2C_bus_read                                   
00018581  BME280_I2C_bus_write                                  
000185d9  BME280_SPI_bus_read                                   
0001863f  BME280_SPI_bus_write                                  
000186af  BME280_delay_msek                                     
0001b501  BSP_InitBoard                                         
000181b9  BackChannelEventTrigger                               
00018133  BackChannelInit                                       
000181d1  BackChannelOpt3001PrintRaw                            
0001814f  BackChannelPrint                                      
0001819b  BackChannelPrintIntVariable                           
00018213  BackupChannelBmi160PrintAccel                         
0001823f  BackupChannelBmi160PrintGyro                          
0001826b  BackupChannelBmi160PrintMag                           
000181ed  BackupChannelTmp007PrintRaw                           
0001bb15  BusFault_Handler                                      
2000cae8  ButtonFunction                                        
0001bbcb  C$$EXIT                                               
00017ae7  CC3100_InterruptDisable                               
00017abd  CC3100_InterruptEnable                                
00017aa5  CC3100_disable                                        
00017ab1  CC3100_enable                                         
0001bb15  COMP_E0_IRQHandler                                    
0001bb15  COMP_E1_IRQHandler                                    
0001bb17  CPU_cpsie                                             
0001bbbf  CPU_wfi                                               
0001bb15  CS_IRQHandler                                         
0001b79d  CS_clearInterruptFlag                                 
00019e75  CS_getDCOFrequency                                    
0001b90d  CS_getMCLK                                            
0001b925  CS_getSMCLK                                           
0001a175  CS_initClockSignal                                    
0001b7c1  CS_setDCOCenteredFrequency                            
0001b9e5  CS_setExternalClockSourceFrequency                    
0001bba1  CS_startHFXT                                          
0001a539  CS_startHFXTWithTimeout                               
0001aa43  ClockSys_GetSysFreq                                   
0001a9d5  ClockSys_SetMaxFreq                                   
00014021  CopyPingResultsToReport                               
0001149d  CreateGame                                            
2000caec  CurrentlyRunningThread                                
0001bb15  DMA_ERR_IRQHandler                                    
0001bb15  DMA_INT0_IRQHandler                                   
0001bb15  DMA_INT1_IRQHandler                                   
0001bb15  DMA_INT2_IRQHandler                                   
0001bb15  DMA_INT3_IRQHandler                                   
0001bb15  DebugMon_Handler                                      
0001bb15  Default_Handler                                       
00017d43  Delay                                                 
0001b775  DelayMs                                               
000195e5  Disable_Joystick_Interrupt                            
0001137f  DrawClient                                            
00011bd9  DrawHost                                              
00017d91  EUSCIA0_IRQHandler                                    
00017d91  EUSCIA0_IRQHandler                                    
0001bb15  EUSCIA1_IRQHandler                                    
0001bb15  EUSCIA2_IRQHandler                                    
0001bb15  EUSCIA3_IRQHandler                                    
0001bb15  EUSCIB0_IRQHandler                                    
000179c9  EUSCIB1_IRQHandler                                    
000179c9  EUSCIB1_IRQHandler                                    
0001bb15  EUSCIB2_IRQHandler                                    
0001bb15  EUSCIB3_IRQHandler                                    
0001bad9  EndCriticalSection                                    
00011221  EndOfGameClient                                       
00011979  EndOfGameHost                                         
0001bb15  FLCTL_IRQHandler                                      
0001bb15  FPU_IRQHandler                                        
0001b725  FlashCtl_setWaitState                                 
00016279  G8RTOS_AddAPeriodicEvent                              
00016183  G8RTOS_AddPeriodicThread                              
00015cb9  G8RTOS_AddThread                                      
00015ff9  G8RTOS_GetThreadId                                    
00015c1f  G8RTOS_Init                                           
0001a839  G8RTOS_InitSemaphore                                  
00016301  G8RTOS_KillAllThreads                                 
00016119  G8RTOS_KillSelf                                       
0001600d  G8RTOS_KillThread                                     
00015c51  G8RTOS_Launch                                         
00015af3  G8RTOS_Scheduler                                      
0001a881  G8RTOS_SignalSemaphore                                
0001b129  G8RTOS_Start                                          
0001a853  G8RTOS_WaitSemaphore                                  
0001b93d  GPIO_clearInterruptFlag                               
0001b5e1  GPIO_getEnabledInterruptStatus                        
0001b955  GPIO_getInputPinValue                                 
0001ba71  GPIO_getInterruptStatus                               
0001b2a1  GPIO_setAsPeripheralModuleFunctionInputPin            
0001b171  GPIO_setAsPeripheralModuleFunctionOutputPin           
0001b405  GetASCIICode                                          
000195fb  GetJoystickCoordinates                                
00017c8f  GetLEDStatus                                          
00011d75  GetPlayerRole                                         
0001bb15  HardFault_Handler                                     
0001badf  I2C_clearInterruptFlag                                
0001baed  I2C_disableInterrupt                                  
0001bb23  I2C_disableModule                                     
0001bb77  I2C_enableInterrupt                                   
0001bb2f  I2C_enableModule                                      
0001bba7  I2C_getEnabledInterruptStatus                         
0001bbad  I2C_getInterruptStatus                                
0001b485  I2C_initMaster                                        
0001b9f9  I2C_isBusBusy                                         
0001bbb3  I2C_masterReceiveMultiByteNext                        
0001ba81  I2C_masterReceiveStart                                
0001b7e5  I2C_masterSendMultiByteNext                           
0001b53d  I2C_masterSendMultiByteStart                          
0001b611  I2C_masterSendMultiByteStop                           
0001854f  I2C_routine                                           
0001bbc3  I2C_setSlaveAddress                                   
00011d67  IdleThread                                            
00011d85  InitBoardState                                        
2000cac2  IntIsMasked                                           
0001ae5d  Interrupt_disableInterrupt                            
0001aec1  Interrupt_enableInterrupt                             
0001ba91  Interrupt_enableMaster                                
0001b809  Interrupt_setPriority                                 
00010ef9  JoinGame                                              
00019531  Joystick_Init_Without_Interrupt                       
0001958f  Joystick_Push_Button_Init_With_Interrupt              
2000caf0  LCD                                                   
00016679  LCD_Clear                                             
00016483  LCD_DrawRectangle                                     
00016785  LCD_Init                                              
0001b2e9  LCD_ReadData                                          
0001ad8d  LCD_ReadData2                                         
00016751  LCD_ReadPixelColor                                    
0001ba0d  LCD_ReadReg                                           
0001b875  LCD_SetCursor                                         
000166f9  LCD_SetPoint                                          
000165df  LCD_Text                                              
0001b445  LCD_WriteData                                         
0001b5ad  LCD_WriteIndex                                        
0001b8d5  LCD_WriteReg                                          
0001b895  LCD_Write_Data_Only                                   
0001bb6d  LCD_Write_Data_Start                                  
2000caf4  LED                                                   
000189bd  LP3943_LedModeSet                                     
00017b05  MaskIntHdlr                                           
0001bb15  MemManage_Handler                                     
0001bb15  NMI_Handler                                           
000162e1  OS_Sleep                                              
0001bb15  PCM_IRQHandler                                        
0001b6cf  PCM_getCoreVoltageLevel                               
0001b6fb  PCM_getPowerMode                                      
0001bb3d  PCM_getPowerState                                     
0001b74d  PCM_gotoLPM0                                          
0001aad9  PCM_gotoLPM3                                          
0001baa1  PCM_gotoLPM4                                          
0001bb7f  PCM_setCoreVoltageLevel                               
0001bb87  PCM_setPowerMode                                      
0001bb8f  PCM_setPowerState                                     
0001b085  PCM_shutdownDevice                                    
2000caf8  PLAYER                                                
00017d41  PORT1_IRQHandler                                      
00017d41  PORT1_IRQHandler                                      
00017d6b  PORT2_IRQHandler                                      
00017d6b  PORT2_IRQHandler                                      
0001bb15  PORT3_IRQHandler                                      
00019b45  PORT4_IRQHandler                                      
00019b45  PORT4_IRQHandler                                      
0001bb15  PORT5_IRQHandler                                      
0001bb15  PORT6_IRQHandler                                      
0001bb15  PSS_IRQHandler                                        
0001b147  PendSV_Handler                                        
0001b147  PendSV_Handler                                        
0001a495  PutChar                                               
0001bb15  RTC_C_IRQHandler                                      
0001b82d  RTC_C_holdClock                                       
000110b9  ReadJoystickClient                                    
00011849  ReadJoystickHost                                      
00017065  ReceiveData                                           
00011779  ReceiveDataFromClient                                 
00011057  ReceiveDataFromHost                                   
0001bb09  Reset_Handler                                         
00012c9b  SL_FD_CLR                                             
00012cc1  SL_FD_ISSET                                           
00012c79  SL_FD_SET                                             
00012ce9  SL_FD_ZERO                                            
0001b641  SPISendRecvByte                                       
0001856b  SPI_routine                                           
0001bb15  SVC_Handler                                           
00017cfd  SelAntenna                                            
00017045  SendData                                              
00011707  SendDataToClient                                      
00011099  SendDataToHost                                        
00017127  SimpleLinkGeneralEventHandler                         
0001711b  SimpleLinkHttpServerCallback                          
000170e3  SimpleLinkNetAppEventHandler                          
00017131  SimpleLinkSockEventHandler                            
0001708f  SimpleLinkWlanEventHandler                            
2000cf64  SockIDRx                                              
2000cf66  SockIDTx                                              
0001bad1  StartCriticalSection                                  
0001bbb9  SysCtlDelay                                           
0001bab1  SysCtl_disableNMISource                               
0001bac1  SysCtl_enableNMISource                                
0001bb49  SysCtl_getNMISourceStatus                             
0001b0d5  SysCtl_getTLVInfo                                     
00015b71  SysTick_Handler                                       
00015b71  SysTick_Handler                                       
2000cfb8  SystemCoreClock                                       
00017de1  SystemCoreClockUpdate                                 
00018059  SystemInit                                            
2000cafc  SystemTime                                            
0001bb15  T32_INT1_IRQHandler                                   
0001bb15  T32_INT2_IRQHandler                                   
0001bb15  T32_INTC_IRQHandler                                   
0001bb15  TA0_0_IRQHandler                                      
0001bb15  TA0_N_IRQHandler                                      
0001bb15  TA1_0_IRQHandler                                      
0001bb15  TA1_N_IRQHandler                                      
0001bb15  TA2_0_IRQHandler                                      
0001bb15  TA2_N_IRQHandler                                      
0001bb15  TA3_0_IRQHandler                                      
0001bb15  TA3_N_IRQHandler                                      
000169bd  TP_ReadXY                                             
0001bb55  UART_enableModule                                     
0001a7a5  UART_initModule                                       
0001b851  UART_transmitData                                     
00017b0d  UnMaskIntHdlr                                         
0001bb15  UsageFault_Handler                                    
2000cf88  V_bmm150_maual_auto_condition_u8                      
2000cf8c  V_fifo_time_U32                                       
4000480c  WDTCTL_SYM                                            
0001bb15  WDT_A_IRQHandler                                      
0001b96d  WDT_A_clearTimer                                      
0001b985  WDT_A_holdTimer                                       
2000cb00  Wifi                                                  
0001c4fa  _SlAcceptCmdCtrl                                      
0001c404  _SlActionLookupTable                                  
0000e591  _SlAsyncEventGenericHandler                           
0001c4fe  _SlDeviceGetCmdCtrl                                   
0001c502  _SlDeviceSetCmdCtrl                                   
0000efa3  _SlDrvBasicCmd                                        
0000ec57  _SlDrvClassifyRxMsg                                   
0000d88f  _SlDrvCmdOp                                           
0000d93f  _SlDrvCmdSend                                         
0000d995  _SlDrvDataReadOp                                      
0000db99  _SlDrvDataWriteOp                                     
000176af  _SlDrvDeviceEventHandler                              
0000d7a9  _SlDrvDriverCBDeinit                                  
0000d6c5  _SlDrvDriverCBInit                                    
0001aa97  _SlDrvFlowContDeinit                                  
0001aa59  _SlDrvFlowContInit                                    
0000df5d  _SlDrvMsgRead                                         
0000ea75  _SlDrvMsgReadCmdCtx                                   
0000eb6f  _SlDrvMsgReadSpawnCtx                                 
0000dd69  _SlDrvMsgWrite                                        
000143f1  _SlDrvNetAppEventHandler                              
0000f497  _SlDrvObjDeInit                                       
0000f41b  _SlDrvObjInit                                         
0000f211  _SlDrvReleasePoolObj                                  
0000ed9d  _SlDrvRxHdrRead                                       
0000d84d  _SlDrvRxIrqHandler                                    
0000ed55  _SlDrvShiftDWord                                      
0000f009  _SlDrvWaitForPoolObj                                  
0001c506  _SlEventMaskGetCmdCtrl                                
0001c50a  _SlEventMaskSetCmdCtrl                                
0000f579  _SlFindAndSetActiveObj                                
0001c50e  _SlGetHostByNameCtrl                                  
0001c512  _SlGetHostByServiceCtrl                               
0001c516  _SlGetServiceListeCtrl                                
0001c51a  _SlGetSockOptCmdCtrl                                  
0001c51e  _SlListenCmdCtrl                                      
0001c522  _SlNetAppGetCmdCtrl                                   
0001c526  _SlNetAppSendTokenValueCmdCtrl                        
0001c52a  _SlNetAppSetCmdCtrl                                   
0001c52e  _SlNetAppStartCtrl                                    
0001c532  _SlNetAppStopCtrl                                     
0001c536  _SlNetCfgGetCmdCtrl                                   
0001c53a  _SlNetCfgSetCmdCtrl                                   
000199b5  _SlNonOsMainLoopTask                                  
00019909  _SlNonOsSemGet                                        
000198f1  _SlNonOsSemSet                                        
00019965  _SlNonOsSpawn                                         
0001c53e  _SlPolicyGetCmdCtrl                                   
0001c542  _SlPolicySetCmdCtrl                                   
0001c546  _SlProfileDelCmdCtrl                                  
0001c54a  _SlProfileGetCmdCtrl                                  
0001c54e  _SlRecvCmdCtrl                                        
0001c552  _SlRecvfomCmdCtrl                                     
0001c556  _SlRegisterServiceCtrl                                
0000f4b7  _SlRemoveFromList                                     
0001c55a  _SlRxFilterAddtCmdCtrl                                
0001c55e  _SlRxFilterGetCmdCtrl                                 
0001c562  _SlRxFilterSetCmdCtrl                                 
0001c566  _SlSelectCmdCtrl                                      
0001c56a  _SlSendCmdCtrl                                        
0001c56e  _SlSetSockOptCmdCtrl                                  
0001c572  _SlSmartConfigStartCmdCtrl                            
0001c576  _SlSockCloseCmdCtrl                                   
0001c57a  _SlSockSocketCmdCtrl                                  
0001c57e  _SlStopCmdCtrl                                        
0001c582  _SlWlanCfgGetCmdCtrl                                  
0001c586  _SlWlanCfgSetCmdCtrl                                  
0001c58a  _SlWlanGetNetworkListCtrl                             
0001c58e  _SlWlanSetModeCmdCtrl                                 
20010000  __STACK_END                                           
00000200  __STACK_SIZE                                          
0001c618  __TI_CINIT_Base                                       
0001c628  __TI_CINIT_Limit                                      
0001c600  __TI_Handler_Table_Base                               
0001c60c  __TI_Handler_Table_Limit                              
0001b3c1  __TI_auto_init_nobinit_nopinit                        
0001adf5  __TI_decompress_lzss                                  
0001bafb  __TI_decompress_none                                  
ffffffff  __TI_pprof_out_hndl                                   
00014fc5  __TI_printfi                                          
ffffffff  __TI_prof_data_size                                   
ffffffff  __TI_prof_data_start                                  
00000000  __TI_static_base__                                    
0001bb61  __TI_zero_init                                        
0001a8c9  __aeabi_cdcmpeq                                       
0001a8c9  __aeabi_cdcmple                                       
0001a94f  __aeabi_cdrcmple                                      
0001acaf  __aeabi_d2f                                           
0001b379  __aeabi_d2iz                                          
000191b7  __aeabi_dadd                                          
000197b9  __aeabi_ddiv                                          
0001a077  __aeabi_dmul                                          
000191ad  __aeabi_dsub                                          
0001bb99  __aeabi_errno_addr                                    
0001b6a1  __aeabi_i2d                                           
00015a23  __aeabi_idiv0                                         
00015a23  __aeabi_ldiv0                                         
0001ad1d  __aeabi_ldivmod                                       
0001b9b5  __aeabi_lmul                                          
0001ab55  __aeabi_memclr                                        
0001ab55  __aeabi_memclr4                                       
0001ab55  __aeabi_memclr8                                       
0001a671  __aeabi_memcpy                                        
0001a671  __aeabi_memcpy4                                       
0001a671  __aeabi_memcpy8                                       
0001ab57  __aeabi_memset                                        
0001ab57  __aeabi_memset4                                       
0001ab57  __aeabi_memset8                                       
0001b8b5  __aeabi_ui2d                                          
0001a70d  __aeabi_uldivmod                                      
ffffffff  __binit__                                             
ffffffff  __c_args__                                            
UNDEFED   __mpu_init                                            
2000fe00  __stack                                               
0001b575  _c_int00_noargs                                       
0001c1c0  _ctypes_                                              
00011ec5  _sl_BuildAddress                                      
00017179  _sl_GetStartResponseConvert                           
000128d9  _sl_HandleAsync_Accept                                
000124d3  _sl_HandleAsync_Connect                               
00013e09  _sl_HandleAsync_DnsGetHostByAddr                      
00013f5d  _sl_HandleAsync_DnsGetHostByName                      
00013d39  _sl_HandleAsync_DnsGetHostByService                   
000172dd  _sl_HandleAsync_InitComplete                          
0001405d  _sl_HandleAsync_PingResponse                          
00012d01  _sl_HandleAsync_Select                                
0001738f  _sl_HandleAsync_Stop                                  
00011fdd  _sl_ParseAddress                                      
00011f15  _sl_TruncatePayloadByProtocol                         
UNDEFED   _system_post_cinit                                    
0001bbc7  _system_pre_init                                      
0001bbcb  abort                                                 
2000bc50  accel_fifo                                            
2000cacc  accelxyz                                              
0001b209  atoi                                                  
ffffffff  binit                                                 
2000c9e0  bme280                                                
0000fa27  bme280_compensate_humidity_int32                      
0000fadd  bme280_compensate_humidity_int32_sixteen_bit_output   
0000f8a1  bme280_compensate_pressure_int32                      
00010c65  bme280_compensate_pressure_int64                      
00010e67  bme280_compensate_pressure_int64_twentyfour_bit_output
0000f79f  bme280_compensate_temperature_int32                   
0000f817  bme280_compensate_temperature_int32_sixteen_bit_output
00010e81  bme280_compute_wait_time                              
0001840d  bme280_data_readout_template                          
0000fbf7  bme280_get_calib_param                                
000106b7  bme280_get_filter                                     
00010a1b  bme280_get_forced_uncomp_pressure_temperature_humidity
00010113  bme280_get_oversamp_humidity                          
0000ff5b  bme280_get_oversamp_pressure                          
0000fd99  bme280_get_oversamp_temperature                       
00010301  bme280_get_power_mode                                 
00010509  bme280_get_spi3                                       
0001086b  bme280_get_standby_durn                               
0000f6e9  bme280_init                                           
000184f9  bme280_initialize_sensor                              
0000fb97  bme280_read_pressure_temperature_humidity             
00010c1f  bme280_read_register                                  
0000f9d1  bme280_read_uncomp_humidity                           
0000f841  bme280_read_uncomp_pressure                           
0000fb05  bme280_read_uncomp_pressure_temperature_humidity      
0000f73f  bme280_read_uncomp_temperature                        
00010707  bme280_set_filter                                     
0001016d  bme280_set_oversamp_humidity                          
0000ffb7  bme280_set_oversamp_pressure                          
0000fdf5  bme280_set_oversamp_temperature                       
0001034f  bme280_set_power_mode                                 
000104c9  bme280_set_soft_rst                                   
00010557  bme280_set_spi3                                       
000108bb  bme280_set_standby_durn                               
00010bd9  bme280_write_register                                 
00007511  bmi160_accel_foc_trigger_xyz                          
0000ac11  bmi160_bmm150_mag_compensate_X                        
0000acbb  bmi160_bmm150_mag_compensate_Y                        
0000ad65  bmi160_bmm150_mag_compensate_Z                        
0000abb5  bmi160_bmm150_mag_compensate_xyz                      
0000ae05  bmi160_bmm150_mag_interface_init                      
0000b2a7  bmi160_bmm150_mag_set_power_mode                      
0000b0b1  bmi160_bmm150_mag_wakeup                              
0000c00d  bmi160_bst_akm_compensate_X                           
0000c03f  bmi160_bst_akm_compensate_Y                           
0000c071  bmi160_bst_akm_compensate_Z                           
0000c0a3  bmi160_bst_akm_compensate_xyz                         
0000bc05  bmi160_bst_akm_mag_interface_init                     
0000c0f1  bmi160_bst_akm_set_powermode                          
0000caa1  bmi160_bst_yamaha_yas532_calib_values                 
0000c47b  bmi160_bst_yamaha_yas532_mag_interface_init           
0000d4e1  bmi160_bst_yas532_acquisition_command_register        
0000c911  bmi160_bst_yas532_magnetic_measure_set_offset         
0000d069  bmi160_bst_yas532_measurement_xyz_data                
0000cef5  bmi160_bst_yas532_normal_measurement_data             
0000c7b1  bmi160_bst_yas532_set_initial_values                  
0000d5a5  bmi160_bst_yas532_set_offset                          
0000ce59  bmi160_bst_yas532_xy1y2_to_linear                     
000095c1  bmi160_clear_step_counter                             
00012dd5  bmi160_config_running_mode                            
00013985  bmi160_delay_ms                                       
00001805  bmi160_fifo_data                                      
000017a5  bmi160_fifo_length                                    
0000191d  bmi160_get_accel_bw                                   
00000e21  bmi160_get_accel_data_rdy                             
000021f7  bmi160_get_accel_fifo_filter_data                     
000086ab  bmi160_get_accel_offset_compensation_xaxis            
00008791  bmi160_get_accel_offset_compensation_yaxis            
0000887b  bmi160_get_accel_offset_compensation_zaxis            
00008edb  bmi160_get_accel_offset_enable                        
0000183f  bmi160_get_accel_output_data_rate                     
00000481  bmi160_get_accel_power_mode_stat                      
00001ad9  bmi160_get_accel_range                                
0000829d  bmi160_get_accel_selftest_amp                         
000080e7  bmi160_get_accel_selftest_axis                        
000081bf  bmi160_get_accel_selftest_sign                        
000019ff  bmi160_get_accel_under_sampling_parameter             
00000d85  bmi160_get_data_rdy_mag                               
000002b5  bmi160_get_drop_cmd_err                               
00000219  bmi160_get_err_code                                   
00000351  bmi160_get_error_status                               
000001cd  bmi160_get_fatal_err                                  
000028a5  bmi160_get_fifo_accel_enable                          
0000212f  bmi160_get_fifo_down_accel                            
00001f87  bmi160_get_fifo_down_gyro                             
00002985  bmi160_get_fifo_gyro_enable                           
000026f1  bmi160_get_fifo_header_enable                         
000027cb  bmi160_get_fifo_mag_enable                            
0000235f  bmi160_get_fifo_stop_on_full                          
000025ff  bmi160_get_fifo_tag_intr1_enable                      
00002511  bmi160_get_fifo_tag_intr2_enable                      
00002437  bmi160_get_fifo_time_enable                           
000022d1  bmi160_get_fifo_wm                                    
000070db  bmi160_get_foc_accel_x                                
00007001  bmi160_get_foc_accel_y                                
00006f3b  bmi160_get_foc_accel_z                                
0000775b  bmi160_get_foc_gyro_enable                            
00000ce5  bmi160_get_foc_rdy                                    
00001ce5  bmi160_get_gyro_bw                                    
00000dd3  bmi160_get_gyro_data_rdy                              
00002055  bmi160_get_gyro_fifo_filter_data                      
00008961  bmi160_get_gyro_offset_compensation_xaxis             
00008b31  bmi160_get_gyro_offset_compensation_yaxis             
00008d09  bmi160_get_gyro_offset_compensation_zaxis             
00008fab  bmi160_get_gyro_offset_enable                         
00001bc9  bmi160_get_gyro_output_data_rate                      
00000433  bmi160_get_gyro_power_mode_stat                       
00001dbf  bmi160_get_gyro_range                                 
00000c49  bmi160_get_gyro_selftest                              
00008377  bmi160_get_gyro_selftest_start                        
00007f33  bmi160_get_gyro_sleep_state                           
00007d7b  bmi160_get_gyro_sleep_trigger                         
0000800d  bmi160_get_gyro_wakeup_intr                           
00007e53  bmi160_get_gyro_wakeup_trigger                        
00002a5f  bmi160_get_i2c_device_addr                            
00000267  bmi160_get_i2c_fail_err                               
00007bc7  bmi160_get_i2c_wdt_enable                             
00007ae7  bmi160_get_i2c_wdt_select                             
00007ca1  bmi160_get_if_mode                                    
000041f3  bmi160_get_input_enable                               
000046ed  bmi160_get_intr_any_motion                            
00005dbf  bmi160_get_intr_any_motion_durn                       
00005f53  bmi160_get_intr_any_motion_thres                      
00005519  bmi160_get_intr_data_rdy                              
00004a31  bmi160_get_intr_double_tap                            
00003ae5  bmi160_get_intr_edge_ctrl                             
00002f23  bmi160_get_intr_enable_0                              
00003393  bmi160_get_intr_enable_1                              
000037fb  bmi160_get_intr_enable_2                              
000051fd  bmi160_get_intr_fifo_full                             
00005389  bmi160_get_intr_fifo_wm                               
00004ee1  bmi160_get_intr_flat                                  
00006d83  bmi160_get_intr_flat_hold                             
00006e63  bmi160_get_intr_flat_hyst                             
00006cab  bmi160_get_intr_flat_theta                            
00004561  bmi160_get_intr_high_g                                
00005cb3  bmi160_get_intr_high_g_durn                           
00005beb  bmi160_get_intr_high_g_hyst                           
00005d39  bmi160_get_intr_high_g_thres                          
00003c6d  bmi160_get_intr_level                                 
0000437f  bmi160_get_intr_low_g                                 
00005937  bmi160_get_intr_low_g_durn                            
00005a43  bmi160_get_intr_low_g_hyst                            
00005b11  bmi160_get_intr_low_g_mode                            
000059bd  bmi160_get_intr_low_g_thres                           
0000577f  bmi160_get_intr_low_high_source                       
0000585d  bmi160_get_intr_motion_source                         
000048a5  bmi160_get_intr_nomotion                              
00004d4f  bmi160_get_intr_orient                                
00006bd1  bmi160_get_intr_orient_axes_enable                    
00006879  bmi160_get_intr_orient_blocking                       
00006953  bmi160_get_intr_orient_hyst                           
0000679b  bmi160_get_intr_orient_mode                           
00006a1b  bmi160_get_intr_orient_theta                          
00006af3  bmi160_get_intr_orient_ud_enable                      
00003dff  bmi160_get_intr_output_type                           
0000506d  bmi160_get_intr_pmu_trig                              
000062f1  bmi160_get_intr_significant_motion_proof              
0000613d  bmi160_get_intr_significant_motion_select             
00006217  bmi160_get_intr_significant_motion_skip               
00004bc3  bmi160_get_intr_single_tap                            
00005e8b  bmi160_get_intr_slow_no_motion_durn                   
0000605f  bmi160_get_intr_slow_no_motion_select                 
00005fd9  bmi160_get_intr_slow_no_motion_thres                  
000063cb  bmi160_get_intr_tap_durn                              
000065fb  bmi160_get_intr_tap_quiet                             
00006521  bmi160_get_intr_tap_shock                             
000056a5  bmi160_get_intr_tap_source                            
000066d5  bmi160_get_intr_tap_thres                             
0000411b  bmi160_get_latch_intr                                 
00002b27  bmi160_get_mag_burst                                  
00000303  bmi160_get_mag_dada_rdy_err                           
00002cb9  bmi160_get_mag_manual_enable                          
00000c97  bmi160_get_mag_manual_operation_stat                  
00002bed  bmi160_get_mag_offset                                 
00001e97  bmi160_get_mag_output_data_rate                       
000003e1  bmi160_get_mag_power_mode_stat                        
00002d91  bmi160_get_mag_read_addr                              
00002e17  bmi160_get_mag_write_addr                             
00002e9d  bmi160_get_mag_write_data                             
000085e3  bmi160_get_nvm_counter                                
00007935  bmi160_get_nvm_prog_enable                            
00000d33  bmi160_get_nvm_rdy                                    
00003f8b  bmi160_get_output_enable                              
00009701  bmi160_get_paging_enable                              
0000d6ab  bmi160_get_ptr                                        
000097db  bmi160_get_pullup_configuration                       
00000bed  bmi160_get_sensor_time                                
00008517  bmi160_get_spare0_trim                                
00007a0f  bmi160_get_spi3                                       
00008451  bmi160_get_spi_enable                                 
00000f09  bmi160_get_stat0_any_motion_intr                      
00000fa5  bmi160_get_stat0_double_tap_intr                      
00001095  bmi160_get_stat0_flat_intr                            
00001041  bmi160_get_stat0_orient_intr                          
00000f57  bmi160_get_stat0_pmu_trigger_intr                     
00000ebb  bmi160_get_stat0_significant_intr                     
00000ff3  bmi160_get_stat0_single_tap_intr                      
00000e6f  bmi160_get_stat0_step_intr                            
0000117f  bmi160_get_stat1_data_rdy_intr                        
000011cd  bmi160_get_stat1_fifo_full_intr                       
0000121b  bmi160_get_stat1_fifo_wm_intr                         
000010e3  bmi160_get_stat1_high_g_intr                          
00001131  bmi160_get_stat1_low_g_intr                           
00001269  bmi160_get_stat1_nomotion_intr                        
000012b7  bmi160_get_stat2_any_motion_first_x                   
00001303  bmi160_get_stat2_any_motion_first_y                   
00001351  bmi160_get_stat2_any_motion_first_z                   
000013a5  bmi160_get_stat2_any_motion_sign                      
000013f3  bmi160_get_stat2_tap_first_x                          
00001441  bmi160_get_stat2_tap_first_y                          
0000148f  bmi160_get_stat2_tap_first_z                          
000014dd  bmi160_get_stat2_tap_sign                             
00001703  bmi160_get_stat3_flat                                 
0000152b  bmi160_get_stat3_high_g_first_x                       
00001577  bmi160_get_stat3_high_g_first_y                       
000015c5  bmi160_get_stat3_high_g_first_z                       
00001613  bmi160_get_stat3_high_g_sign                          
00001661  bmi160_get_stat3_orient_xy                            
000016b5  bmi160_get_stat3_orient_z                             
000090c7  bmi160_get_step_config                                
00009299  bmi160_get_step_counter_enable                        
00003a15  bmi160_get_step_detector_enable                       
00009627  bmi160_get_target_page                                
00001751  bmi160_get_temp                                       
000138eb  bmi160_i2c_burst_read                                 
000138bf  bmi160_i2c_bus_read                                   
0001391d  bmi160_i2c_bus_write                                  
000000e5  bmi160_init                                           
00012d99  bmi160_initialize_sensor                              
0001380d  bmi160_interrupt_configuration                        
000093f1  bmi160_map_significant_motion_intr                    
000094d9  bmi160_map_step_detector_intr                         
00000a7d  bmi160_read_accel_x                                   
00000b79  bmi160_read_accel_xyz                                 
00000ad1  bmi160_read_accel_y                                   
00000b25  bmi160_read_accel_z                                   
0000b761  bmi160_read_bmm150_mag_trim                           
0000bf25  bmi160_read_bst_akm_sensitivity_data                  
000098b9  bmi160_read_fifo_header_data                          
0000a289  bmi160_read_fifo_headerless_mode                      
00000909  bmi160_read_gyro_x                                    
00000a05  bmi160_read_gyro_xyz                                  
0000095d  bmi160_read_gyro_y                                    
000009b1  bmi160_read_gyro_z                                    
000006d9  bmi160_read_mag_r                                     
000004cf  bmi160_read_mag_x                                     
00000743  bmi160_read_mag_xyz                                   
0000084d  bmi160_read_mag_xyzr                                  
0000057d  bmi160_read_mag_y                                     
0000062b  bmi160_read_mag_z                                     
00000189  bmi160_read_reg                                       
00009073  bmi160_read_step_count                                
0000196b  bmi160_set_accel_bw                                   
00002245  bmi160_set_accel_fifo_filter_data                     
000071b9  bmi160_set_accel_foc_trigger                          
000086f7  bmi160_set_accel_offset_compensation_xaxis            
000087dd  bmi160_set_accel_offset_compensation_yaxis            
000088c7  bmi160_set_accel_offset_compensation_zaxis            
00008f29  bmi160_set_accel_offset_enable                        
0000188b  bmi160_set_accel_output_data_rate                     
00001b25  bmi160_set_accel_range                                
000082eb  bmi160_set_accel_selftest_amp                         
00008133  bmi160_set_accel_selftest_axis                        
00008211  bmi160_set_accel_selftest_sign                        
00001a4d  bmi160_set_accel_under_sampling_parameter             
0000b181  bmi160_set_bmm150_mag_and_secondary_if_power_mode     
0000b405  bmi160_set_bmm150_mag_presetmode                      
0000c315  bmi160_set_bst_akm_and_secondary_if_powermode         
000095ed  bmi160_set_command_register                           
000028f3  bmi160_set_fifo_accel_enable                          
0000217d  bmi160_set_fifo_down_accel                            
00001fd3  bmi160_set_fifo_down_gyro                             
000029d3  bmi160_set_fifo_gyro_enable                           
0000273f  bmi160_set_fifo_header_enable                         
00002819  bmi160_set_fifo_mag_enable                            
000023ab  bmi160_set_fifo_stop_on_full                          
00002651  bmi160_set_fifo_tag_intr1_enable                      
0000255f  bmi160_set_fifo_tag_intr2_enable                      
00002485  bmi160_set_fifo_time_enable                           
00002325  bmi160_set_fifo_wm                                    
00007129  bmi160_set_foc_accel_x                                
0000704f  bmi160_set_foc_accel_y                                
00006f87  bmi160_set_foc_accel_z                                
000077a9  bmi160_set_foc_gyro_enable                            
00001d33  bmi160_set_gyro_bw                                    
000020a3  bmi160_set_gyro_fifo_filter_data                      
00008a15  bmi160_set_gyro_offset_compensation_xaxis             
00008bed  bmi160_set_gyro_offset_compensation_yaxis             
00008dbf  bmi160_set_gyro_offset_compensation_zaxis             
00008ff9  bmi160_set_gyro_offset_enable                         
00001c15  bmi160_set_gyro_output_data_rate                      
00001e0b  bmi160_set_gyro_range                                 
000083c5  bmi160_set_gyro_selftest_start                        
00007f81  bmi160_set_gyro_sleep_state                           
00007dc7  bmi160_set_gyro_sleep_trigger                         
0000805b  bmi160_set_gyro_wakeup_intr                           
00007ea1  bmi160_set_gyro_wakeup_trigger                        
00002aad  bmi160_set_i2c_device_addr                            
00007c15  bmi160_set_i2c_wdt_enable                             
00007b35  bmi160_set_i2c_wdt_select                             
00007cef  bmi160_set_if_mode                                    
0000428d  bmi160_set_input_enable                               
00004787  bmi160_set_intr_any_motion                            
00005e0b  bmi160_set_intr_any_motion_durn                       
00005f9f  bmi160_set_intr_any_motion_thres                      
000055b3  bmi160_set_intr_data_rdy                              
[...]
00018d15  sensorTmp007Test                                      
00018dcd  spi_Close                                             
00018dd9  spi_Open                                              
00018ec9  spi_Write                                             
00018f23  spi_Read                                              
000191ad  __aeabi_dsub                                          
000191b7  __aeabi_dadd                                          
00019531  Joystick_Init_Without_Interrupt                       
0001958f  Joystick_Push_Button_Init_With_Interrupt              
000195e5  Disable_Joystick_Interrupt                            
000195fb  GetJoystickCoordinates                                
000197b9  __aeabi_ddiv                                          
000198f1  _SlNonOsSemSet                                        
00019909  _SlNonOsSemGet                                        
00019965  _SlNonOsSpawn                                         
000199b5  _SlNonOsMainLoopTask                                  
00019b45  PORT4_IRQHandler                                      
00019b45  PORT4_IRQHandler                                      
00019b9f  main                                                  
00019c55  sl_NetCfgSet                                          
00019cbb  sl_NetCfgGet                                          
00019d65  ldexp                                                 
00019d65  ldexpl                                                
00019d65  scalbn                                                
00019d65  scalbnl                                               
00019e75  CS_getDCOFrequency                                    
00019f79  sensorOpt3001Init                                     
00019f85  sensorOpt3001Enable                                   
00019fb1  sensorOpt3001Read                                     
0001a015  sensorOpt3001Test                                     
0001a077  __aeabi_dmul                                          
0001a175  CS_initClockSignal                                    
0001a495  PutChar                                               
0001a539  CS_startHFXTWithTimeout                               
0001a671  __aeabi_memcpy                                        
0001a671  __aeabi_memcpy4                                       
0001a671  __aeabi_memcpy8                                       
0001a671  memcpy                                                
0001a70d  __aeabi_uldivmod                                      
0001a7a5  UART_initModule                                       
0001a839  G8RTOS_InitSemaphore                                  
0001a853  G8RTOS_WaitSemaphore                                  
0001a881  G8RTOS_SignalSemaphore                                
0001a8c9  __aeabi_cdcmpeq                                       
0001a8c9  __aeabi_cdcmple                                       
0001a94f  __aeabi_cdrcmple                                      
0001a9d5  ClockSys_SetMaxFreq                                   
0001aa43  ClockSys_GetSysFreq                                   
0001aa59  _SlDrvFlowContInit                                    
0001aa97  _SlDrvFlowContDeinit                                  
0001aad9  PCM_gotoLPM3                                          
0001ab55  __aeabi_memclr                                        
0001ab55  __aeabi_memclr4                                       
0001ab55  __aeabi_memclr8                                       
0001ab57  __aeabi_memset                                        
0001ab57  __aeabi_memset4                                       
0001ab57  __aeabi_memset8                                       
0001ab5d  memset                                                
0001acaf  __aeabi_d2f                                           
0001ad1d  __aeabi_ldivmod                                       
0001ad8d  LCD_ReadData2                                         
0001adf5  __TI_decompress_lzss                                  
0001ae5d  Interrupt_disableInterrupt                            
0001aec1  Interrupt_enableInterrupt                             
0001af25  frexp                                                 
0001af25  frexpl                                                
0001afdf  ltoa                                                  
0001b085  PCM_shutdownDevice                                    
0001b0d5  SysCtl_getTLVInfo                                     
0001b129  G8RTOS_Start                                          
0001b147  PendSV_Handler                                        
0001b147  PendSV_Handler                                        
0001b171  GPIO_setAsPeripheralModuleFunctionOutputPin           
0001b209  atoi                                                  
0001b255  snprintf                                              
0001b2a1  GPIO_setAsPeripheralModuleFunctionInputPin            
0001b2e9  LCD_ReadData                                          
0001b379  __aeabi_d2iz                                          
0001b3c1  __TI_auto_init_nobinit_nopinit                        
0001b405  GetASCIICode                                          
0001b445  LCD_WriteData                                         
0001b485  I2C_initMaster                                        
0001b501  BSP_InitBoard                                         
0001b53d  I2C_masterSendMultiByteStart                          
0001b575  _c_int00_noargs                                       
0001b5ad  LCD_WriteIndex                                        
0001b5e1  GPIO_getEnabledInterruptStatus                        
0001b611  I2C_masterSendMultiByteStop                           
0001b641  SPISendRecvByte                                       
0001b6a1  __aeabi_i2d                                           
0001b6cf  PCM_getCoreVoltageLevel                               
0001b6fb  PCM_getPowerMode                                      
0001b725  FlashCtl_setWaitState                                 
0001b74d  PCM_gotoLPM0                                          
0001b775  DelayMs                                               
0001b79d  CS_clearInterruptFlag                                 
0001b7c1  CS_setDCOCenteredFrequency                            
0001b7e5  I2C_masterSendMultiByteNext                           
0001b809  Interrupt_setPriority                                 
0001b82d  RTC_C_holdClock                                       
0001b851  UART_transmitData                                     
0001b875  LCD_SetCursor                                         
0001b895  LCD_Write_Data_Only                                   
0001b8b5  __aeabi_ui2d                                          
0001b8d5  LCD_WriteReg                                          
0001b8f1  memccpy                                               
0001b90d  CS_getMCLK                                            
0001b925  CS_getSMCLK                                           
0001b93d  GPIO_clearInterruptFlag                               
0001b955  GPIO_getInputPinValue                                 
0001b96d  WDT_A_clearTimer                                      
0001b985  WDT_A_holdTimer                                       
0001b9b5  __aeabi_lmul                                          
0001b9cd  strchr                                                
0001b9e5  CS_setExternalClockSourceFrequency                    
0001b9f9  I2C_isBusBusy                                         
0001ba0d  LCD_ReadReg                                           
0001ba21  copysign                                              
0001ba21  copysignl                                             
0001ba35  strcpy                                                
0001ba49  strlen                                                
0001ba5d  wcslen                                                
0001ba71  GPIO_getInterruptStatus                               
0001ba81  I2C_masterReceiveStart                                
0001ba91  Interrupt_enableMaster                                
0001baa1  PCM_gotoLPM4                                          
0001bab1  SysCtl_disableNMISource                               
0001bac1  SysCtl_enableNMISource                                
0001bad1  StartCriticalSection                                  
0001bad9  EndCriticalSection                                    
0001badf  I2C_clearInterruptFlag                                
0001baed  I2C_disableInterrupt                                  
0001bafb  __TI_decompress_none                                  
0001bb09  Reset_Handler                                         
0001bb15  ADC14_IRQHandler                                      
0001bb15  AES256_IRQHandler                                     
0001bb15  BusFault_Handler                                      
0001bb15  COMP_E0_IRQHandler                                    
0001bb15  COMP_E1_IRQHandler                                    
0001bb15  CS_IRQHandler                                         
0001bb15  DMA_ERR_IRQHandler                                    
0001bb15  DMA_INT0_IRQHandler                                   
0001bb15  DMA_INT1_IRQHandler                                   
0001bb15  DMA_INT2_IRQHandler                                   
0001bb15  DMA_INT3_IRQHandler                                   
0001bb15  DebugMon_Handler                                      
0001bb15  Default_Handler                                       
0001bb15  EUSCIA1_IRQHandler                                    
0001bb15  EUSCIA2_IRQHandler                                    
0001bb15  EUSCIA3_IRQHandler                                    
0001bb15  EUSCIB0_IRQHandler                                    
0001bb15  EUSCIB2_IRQHandler                                    
0001bb15  EUSCIB3_IRQHandler                                    
0001bb15  FLCTL_IRQHandler                                      
0001bb15  FPU_IRQHandler                                        
0001bb15  HardFault_Handler                                     
0001bb15  MemManage_Handler                                     
0001bb15  NMI_Handler                                           
0001bb15  PCM_IRQHandler                                        
0001bb15  PORT3_IRQHandler                                      
0001bb15  PORT5_IRQHandler                                      
0001bb15  PORT6_IRQHandler                                      
0001bb15  PSS_IRQHandler                                        
0001bb15  RTC_C_IRQHandler                                      
0001bb15  SVC_Handler                                           
0001bb15  T32_INT1_IRQHandler                                   
0001bb15  T32_INT2_IRQHandler                                   
0001bb15  T32_INTC_IRQHandler                                   
0001bb15  TA0_0_IRQHandler                                      
0001bb15  TA0_N_IRQHandler                                      
0001bb15  TA1_0_IRQHandler                                      
0001bb15  TA1_N_IRQHandler                                      
0001bb15  TA2_0_IRQHandler                                      
0001bb15  TA2_N_IRQHandler                                      
0001bb15  TA3_0_IRQHandler                                      
0001bb15  TA3_N_IRQHandler                                      
0001bb15  UsageFault_Handler                                    
0001bb15  WDT_A_IRQHandler                                      
0001bb17  CPU_cpsie                                             
0001bb23  I2C_disableModule                                     
0001bb2f  I2C_enableModule                                      
0001bb3d  PCM_getPowerState                                     
0001bb49  SysCtl_getNMISourceStatus                             
0001bb55  UART_enableModule                                     
0001bb61  __TI_zero_init                                        
0001bb6d  LCD_Write_Data_Start                                  
0001bb77  I2C_enableInterrupt                                   
0001bb7f  PCM_setCoreVoltageLevel                               
0001bb87  PCM_setPowerMode                                      
0001bb8f  PCM_setPowerState                                     
0001bb99  __aeabi_errno_addr                                    
0001bba1  CS_startHFXT                                          
0001bba7  I2C_getEnabledInterruptStatus                         
0001bbad  I2C_getInterruptStatus                                
0001bbb3  I2C_masterReceiveMultiByteNext                        
0001bbb9  SysCtlDelay                                           
0001bbbf  CPU_wfi                                               
0001bbc3  I2C_setSlaveAddress                                   
0001bbc7  _system_pre_init                                      
0001bbcb  C$$EXIT                                               
0001bbcb  abort                                                 
0001c1c0  _ctypes_                                              
0001c404  _SlActionLookupTable                                  
0001c4b8  g_H2NCnysPattern                                      
0001c4c0  g_H2NSyncPattern                                      
0001c4fa  _SlAcceptCmdCtrl                                      
0001c4fe  _SlDeviceGetCmdCtrl                                   
0001c502  _SlDeviceSetCmdCtrl                                   
0001c506  _SlEventMaskGetCmdCtrl                                
0001c50a  _SlEventMaskSetCmdCtrl                                
0001c50e  _SlGetHostByNameCtrl                                  
0001c512  _SlGetHostByServiceCtrl                               
0001c516  _SlGetServiceListeCtrl                                
0001c51a  _SlGetSockOptCmdCtrl                                  
0001c51e  _SlListenCmdCtrl                                      
0001c522  _SlNetAppGetCmdCtrl                                   
0001c526  _SlNetAppSendTokenValueCmdCtrl                        
0001c52a  _SlNetAppSetCmdCtrl                                   
0001c52e  _SlNetAppStartCtrl                                    
0001c532  _SlNetAppStopCtrl                                     
0001c536  _SlNetCfgGetCmdCtrl                                   
0001c53a  _SlNetCfgSetCmdCtrl                                   
0001c53e  _SlPolicyGetCmdCtrl                                   
0001c542  _SlPolicySetCmdCtrl                                   
0001c546  _SlProfileDelCmdCtrl                                  
0001c54a  _SlProfileGetCmdCtrl                                  
0001c54e  _SlRecvCmdCtrl                                        
0001c552  _SlRecvfomCmdCtrl                                     
0001c556  _SlRegisterServiceCtrl                                
0001c55a  _SlRxFilterAddtCmdCtrl                                
0001c55e  _SlRxFilterGetCmdCtrl                                 
0001c562  _SlRxFilterSetCmdCtrl                                 
0001c566  _SlSelectCmdCtrl                                      
0001c56a  _SlSendCmdCtrl                                        
0001c56e  _SlSetSockOptCmdCtrl                                  
0001c572  _SlSmartConfigStartCmdCtrl                            
0001c576  _SlSockCloseCmdCtrl                                   
0001c57a  _SlSockSocketCmdCtrl                                  
0001c57e  _SlStopCmdCtrl                                        
0001c582  _SlWlanCfgGetCmdCtrl                                  
0001c586  _SlWlanCfgSetCmdCtrl                                  
0001c58a  _SlWlanGetNetworkListCtrl                             
0001c58e  _SlWlanSetModeCmdCtrl                                 
0001c600  __TI_Handler_Table_Base                               
0001c60c  __TI_Handler_Table_Limit                              
0001c618  __TI_CINIT_Base                                       
0001c628  __TI_CINIT_Limit                                      
2000bc50  accel_fifo                                            
2000bfbc  gyro_fifo                                             
2000c328  mag_fifo                                              
2000c694  g_StatMem                                             
2000c9e0  bme280                                                
2000ca1c  game                                                  
2000ca58  g__SlNonOsCB                                          
2000ca80  clients                                               
2000ca94  s_bmi160                                              
2000cab8  client                                                
2000cac2  IntIsMasked                                           
2000cac3  ui8DummyRead                                          
2000cacc  accelxyz                                              
2000cad2  gyroxyz                                               
2000cae8  ButtonFunction                                        
2000caec  CurrentlyRunningThread                                
2000caf0  LCD                                                   
2000caf4  LED                                                   
2000caf8  PLAYER                                                
2000cafc  SystemTime                                            
2000cb00  Wifi                                                  
2000cb04  flag                                                  
2000cb08  g_ui32ByteCount                                       
2000cb14  pData                                                 
2000cb18  restart                                               
2000cb1c  tp                                                    
2000cb23  ui8Status                                             
2000cb24  v_fifo_data_u8                                        
2000cf54  g_Status                                              
2000cf58  retVal                                                
2000cf5c  receivedAlready                                       
2000cf60  transmitedAlready                                     
2000cf64  SockIDRx                                              
2000cf66  SockIDTx                                              
2000cf68  i2cConfig                                             
2000cf7c  g_pCB                                                 
2000cf80  pPingCallBackFunc                                     
2000cf84  gFirstCmdMode                                         
2000cf85  burstMode                                             
2000cf88  V_bmm150_maual_auto_condition_u8                      
2000cf8c  V_fifo_time_U32                                       
2000cf90  initialX                                              
2000cf98  initialY                                              
2000cfa0  playerColors                                          
2000cfa8  pIraEventHandler                                      
2000cfac  initialVeloX                                          
2000cfb0  initialVeloY                                          
2000cfb4  errno                                                 
2000cfb8  SystemCoreClock                                       
2000fe00  __stack                                               
20010000  __STACK_END                                           
4000480c  WDTCTL_SYM                                            
ffffffff  __TI_pprof_out_hndl                                   
ffffffff  __TI_prof_data_size                                   
ffffffff  __TI_prof_data_start                                  
ffffffff  __binit__                                             
ffffffff  __c_args__                                            
ffffffff  binit                                                 
UNDEFED   __mpu_init                                            
UNDEFED   _system_post_cinit                                    

[887 symbols]
