<?xml version="1.0" encoding="ISO-8859-1" ?>
<link_info>
   <banner>TI ARM Linker PC v18.1.4.LTS</banner>
   <copyright>Copyright (c) 1996-2018 Texas Instruments Incorporated</copyright>
   <link_time>0x5cca8fb6</link_time>
   <link_errors>0x0</link_errors>
   <output_file>lab6.out</output_file>
   <entry_point>
      <name>_c_int00_noargs</name>
      <address>0x1b575</address>
   </entry_point>
   <input_file_list>
      <input_file id="fl-2">
         <path>.\</path>
         <kind>object</kind>
         <file>Game.obj</file>
         <name>Game.obj</name>
      </input_file>
      <input_file id="fl-3">
         <path>.\</path>
         <kind>object</kind>
         <file>main.obj</file>
         <name>main.obj</name>
      </input_file>
      <input_file id="fl-4">
         <path>.\</path>
         <kind>object</kind>
         <file>startup_msp432p401r_ccs.obj</file>
         <name>startup_msp432p401r_ccs.obj</name>
      </input_file>
      <input_file id="fl-5">
         <path>.\</path>
         <kind>object</kind>
         <file>system_msp432p401r.obj</file>
         <name>system_msp432p401r.obj</name>
      </input_file>
      <input_file id="fl-6">
         <path>.\BoardSupportPackage\src\</path>
         <kind>object</kind>
         <file>AsciiLib.obj</file>
         <name>AsciiLib.obj</name>
      </input_file>
      <input_file id="fl-7">
         <path>.\BoardSupportPackage\src\</path>
         <kind>object</kind>
         <file>BSP.obj</file>
         <name>BSP.obj</name>
      </input_file>
      <input_file id="fl-8">
         <path>.\BoardSupportPackage\src\</path>
         <kind>object</kind>
         <file>BackChannelUart.obj</file>
         <name>BackChannelUart.obj</name>
      </input_file>
      <input_file id="fl-9">
         <path>.\BoardSupportPackage\src\</path>
         <kind>object</kind>
         <file>ClockSys.obj</file>
         <name>ClockSys.obj</name>
      </input_file>
      <input_file id="fl-a">
         <path>.\BoardSupportPackage\src\</path>
         <kind>object</kind>
         <file>Joystick.obj</file>
         <name>Joystick.obj</name>
      </input_file>
      <input_file id="fl-b">
         <path>.\BoardSupportPackage\src\</path>
         <kind>object</kind>
         <file>LCD.obj</file>
         <name>LCD.obj</name>
      </input_file>
      <input_file id="fl-c">
         <path>.\BoardSupportPackage\src\</path>
         <kind>object</kind>
         <file>RGBLeds.obj</file>
         <name>RGBLeds.obj</name>
      </input_file>
      <input_file id="fl-d">
         <path>.\BoardSupportPackage\src\</path>
         <kind>object</kind>
         <file>bme280.obj</file>
         <name>bme280.obj</name>
      </input_file>
      <input_file id="fl-e">
         <path>.\BoardSupportPackage\src\</path>
         <kind>object</kind>
         <file>bme280_support.obj</file>
         <name>bme280_support.obj</name>
      </input_file>
      <input_file id="fl-f">
         <path>.\BoardSupportPackage\src\</path>
         <kind>object</kind>
         <file>bmi160.obj</file>
         <name>bmi160.obj</name>
      </input_file>
      <input_file id="fl-10">
         <path>.\BoardSupportPackage\src\</path>
         <kind>object</kind>
         <file>bmi160_support.obj</file>
         <name>bmi160_support.obj</name>
      </input_file>
      <input_file id="fl-11">
         <path>.\BoardSupportPackage\src\</path>
         <kind>object</kind>
         <file>demo_sysctl.obj</file>
         <name>demo_sysctl.obj</name>
      </input_file>
      <input_file id="fl-12">
         <path>.\BoardSupportPackage\src\</path>
         <kind>object</kind>
         <file>i2c_driver.obj</file>
         <name>i2c_driver.obj</name>
      </input_file>
      <input_file id="fl-13">
         <path>.\BoardSupportPackage\src\</path>
         <kind>object</kind>
         <file>opt3001.obj</file>
         <name>opt3001.obj</name>
      </input_file>
      <input_file id="fl-14">
         <path>.\BoardSupportPackage\src\</path>
         <kind>object</kind>
         <file>tmp007.obj</file>
         <name>tmp007.obj</name>
      </input_file>
      <input_file id="fl-15">
         <path>.\CC3100SupportPackage\board\</path>
         <kind>object</kind>
         <file>board.obj</file>
         <name>board.obj</name>
      </input_file>
      <input_file id="fl-16">
         <path>.\CC3100SupportPackage\cc3100_usage\</path>
         <kind>object</kind>
         <file>cc3100_usage.obj</file>
         <name>cc3100_usage.obj</name>
      </input_file>
      <input_file id="fl-17">
         <path>.\CC3100SupportPackage\simplelink\source\</path>
         <kind>object</kind>
         <file>device.obj</file>
         <name>device.obj</name>
      </input_file>
      <input_file id="fl-18">
         <path>.\CC3100SupportPackage\simplelink\source\</path>
         <kind>object</kind>
         <file>driver.obj</file>
         <name>driver.obj</name>
      </input_file>
      <input_file id="fl-19">
         <path>.\CC3100SupportPackage\simplelink\source\</path>
         <kind>object</kind>
         <file>flowcont.obj</file>
         <name>flowcont.obj</name>
      </input_file>
      <input_file id="fl-1a">
         <path>.\CC3100SupportPackage\simplelink\source\</path>
         <kind>object</kind>
         <file>fs.obj</file>
         <name>fs.obj</name>
      </input_file>
      <input_file id="fl-1b">
         <path>.\CC3100SupportPackage\simplelink\source\</path>
         <kind>object</kind>
         <file>netapp.obj</file>
         <name>netapp.obj</name>
      </input_file>
      <input_file id="fl-1c">
         <path>.\CC3100SupportPackage\simplelink\source\</path>
         <kind>object</kind>
         <file>netcfg.obj</file>
         <name>netcfg.obj</name>
      </input_file>
      <input_file id="fl-1d">
         <path>.\CC3100SupportPackage\simplelink\source\</path>
         <kind>object</kind>
         <file>nonos.obj</file>
         <name>nonos.obj</name>
      </input_file>
      <input_file id="fl-1e">
         <path>.\CC3100SupportPackage\simplelink\source\</path>
         <kind>object</kind>
         <file>socket.obj</file>
         <name>socket.obj</name>
      </input_file>
      <input_file id="fl-1f">
         <path>.\CC3100SupportPackage\simplelink\source\</path>
         <kind>object</kind>
         <file>spawn.obj</file>
         <name>spawn.obj</name>
      </input_file>
      <input_file id="fl-20">
         <path>.\CC3100SupportPackage\simplelink\source\</path>
         <kind>object</kind>
         <file>wlan.obj</file>
         <name>wlan.obj</name>
      </input_file>
      <input_file id="fl-21">
         <path>.\CC3100SupportPackage\spi_cc3100\</path>
         <kind>object</kind>
         <file>spi_cc3100.obj</file>
         <name>spi_cc3100.obj</name>
      </input_file>
      <input_file id="fl-22">
         <path>.\G8RTOS\</path>
         <kind>object</kind>
         <file>G8RTOS_CriticalSection.obj</file>
         <name>G8RTOS_CriticalSection.obj</name>
      </input_file>
      <input_file id="fl-23">
         <path>.\G8RTOS\</path>
         <kind>object</kind>
         <file>G8RTOS_IPC.obj</file>
         <name>G8RTOS_IPC.obj</name>
      </input_file>
      <input_file id="fl-24">
         <path>.\G8RTOS\</path>
         <kind>object</kind>
         <file>G8RTOS_Scheduler.obj</file>
         <name>G8RTOS_Scheduler.obj</name>
      </input_file>
      <input_file id="fl-25">
         <path>.\G8RTOS\</path>
         <kind>object</kind>
         <file>G8RTOS_SchedulerASM.obj</file>
         <name>G8RTOS_SchedulerASM.obj</name>
      </input_file>
      <input_file id="fl-26">
         <path>.\G8RTOS\</path>
         <kind>object</kind>
         <file>G8RTOS_Semaphores.obj</file>
         <name>G8RTOS_Semaphores.obj</name>
      </input_file>
      <input_file id="fl-2b">
         <kind>object</kind>
         <file>&lt;internal&gt;</file>
         <name>&lt;internal&gt;</name>
      </input_file>
      <input_file id="fl-2c">
         <path>..\BoardSupportPackage\DriverLib\</path>
         <kind>archive</kind>
         <file>msp432p4xx_driverlib.lib</file>
         <name>cs.o</name>
      </input_file>
      <input_file id="fl-2d">
         <path>..\BoardSupportPackage\DriverLib\</path>
         <kind>archive</kind>
         <file>msp432p4xx_driverlib.lib</file>
         <name>flash.o</name>
      </input_file>
      <input_file id="fl-2e">
         <path>..\BoardSupportPackage\DriverLib\</path>
         <kind>archive</kind>
         <file>msp432p4xx_driverlib.lib</file>
         <name>gpio.o</name>
      </input_file>
      <input_file id="fl-2f">
         <path>..\BoardSupportPackage\DriverLib\</path>
         <kind>archive</kind>
         <file>msp432p4xx_driverlib.lib</file>
         <name>i2c.o</name>
      </input_file>
      <input_file id="fl-30">
         <path>..\BoardSupportPackage\DriverLib\</path>
         <kind>archive</kind>
         <file>msp432p4xx_driverlib.lib</file>
         <name>interrupt.o</name>
      </input_file>
      <input_file id="fl-31">
         <path>..\BoardSupportPackage\DriverLib\</path>
         <kind>archive</kind>
         <file>msp432p4xx_driverlib.lib</file>
         <name>pcm.o</name>
      </input_file>
      <input_file id="fl-32">
         <path>..\BoardSupportPackage\DriverLib\</path>
         <kind>archive</kind>
         <file>msp432p4xx_driverlib.lib</file>
         <name>rtc_c.o</name>
      </input_file>
      <input_file id="fl-33">
         <path>..\BoardSupportPackage\DriverLib\</path>
         <kind>archive</kind>
         <file>msp432p4xx_driverlib.lib</file>
         <name>sysctl.o</name>
      </input_file>
      <input_file id="fl-34">
         <path>..\BoardSupportPackage\DriverLib\</path>
         <kind>archive</kind>
         <file>msp432p4xx_driverlib.lib</file>
         <name>uart.o</name>
      </input_file>
      <input_file id="fl-35">
         <path>..\BoardSupportPackage\DriverLib\</path>
         <kind>archive</kind>
         <file>msp432p4xx_driverlib.lib</file>
         <name>wdt_a.o</name>
      </input_file>
      <input_file id="fl-36">
         <path>..\BoardSupportPackage\DriverLib\</path>
         <kind>archive</kind>
         <file>msp432p4xx_driverlib.lib</file>
         <name>cpu.o</name>
      </input_file>
      <input_file id="fl-ec">
         <path>C:\ti\ccsv8\tools\compiler\ti-cgt-arm_18.1.4.LTS\lib\</path>
         <kind>archive</kind>
         <file>rtsv7M4_T_le_v4SPD16_eabi.lib</file>
         <name>fd_div_t2.asm.obj</name>
      </input_file>
      <input_file id="fl-ed">
         <path>C:\ti\ccsv8\tools\compiler\ti-cgt-arm_18.1.4.LTS\lib\</path>
         <kind>archive</kind>
         <file>rtsv7M4_T_le_v4SPD16_eabi.lib</file>
         <name>fd_mul_t2.asm.obj</name>
      </input_file>
      <input_file id="fl-ee">
         <path>C:\ti\ccsv8\tools\compiler\ti-cgt-arm_18.1.4.LTS\lib\</path>
         <kind>archive</kind>
         <file>rtsv7M4_T_le_v4SPD16_eabi.lib</file>
         <name>fd_tos_t2.asm.obj</name>
      </input_file>
      <input_file id="fl-ef">
         <path>C:\ti\ccsv8\tools\compiler\ti-cgt-arm_18.1.4.LTS\lib\</path>
         <kind>archive</kind>
         <file>rtsv7M4_T_le_v4SPD16_eabi.lib</file>
         <name>ll_mul_t2.asm.obj</name>
      </input_file>
      <input_file id="fl-f0">
         <path>C:\ti\ccsv8\tools\compiler\ti-cgt-arm_18.1.4.LTS\lib\</path>
         <kind>archive</kind>
         <file>rtsv7M4_T_le_v4SPD16_eabi.lib</file>
         <name>memcpy_t2.asm.obj</name>
      </input_file>
      <input_file id="fl-f1">
         <path>C:\ti\ccsv8\tools\compiler\ti-cgt-arm_18.1.4.LTS\lib\</path>
         <kind>archive</kind>
         <file>rtsv7M4_T_le_v4SPD16_eabi.lib</file>
         <name>u_tofd_t2.asm.obj</name>
      </input_file>
      <input_file id="fl-f2">
         <path>C:\ti\ccsv8\tools\compiler\ti-cgt-arm_18.1.4.LTS\lib\</path>
         <kind>archive</kind>
         <file>rtsv7M4_T_le_v4SPD16_eabi.lib</file>
         <name>ll_div_t2.asm.obj</name>
      </input_file>
      <input_file id="fl-f3">
         <path>C:\ti\ccsv8\tools\compiler\ti-cgt-arm_18.1.4.LTS\lib\</path>
         <kind>archive</kind>
         <file>rtsv7M4_T_le_v4SPD16_eabi.lib</file>
         <name>ull_div_t2.asm.obj</name>
      </input_file>
      <input_file id="fl-f4">
         <path>C:\ti\ccsv8\tools\compiler\ti-cgt-arm_18.1.4.LTS\lib\</path>
         <kind>archive</kind>
         <file>rtsv7M4_T_le_v4SPD16_eabi.lib</file>
         <name>memset_t2.asm.obj</name>
      </input_file>
      <input_file id="fl-f5">
         <path>C:\ti\ccsv8\tools\compiler\ti-cgt-arm_18.1.4.LTS\lib\</path>
         <kind>archive</kind>
         <file>rtsv7M4_T_le_v4SPD16_eabi.lib</file>
         <name>copy_zero_init.c.obj</name>
      </input_file>
      <input_file id="fl-f6">
         <path>C:\ti\ccsv8\tools\compiler\ti-cgt-arm_18.1.4.LTS\lib\</path>
         <kind>archive</kind>
         <file>rtsv7M4_T_le_v4SPD16_eabi.lib</file>
         <name>copy_decompress_none.c.obj</name>
      </input_file>
      <input_file id="fl-f7">
         <path>C:\ti\ccsv8\tools\compiler\ti-cgt-arm_18.1.4.LTS\lib\</path>
         <kind>archive</kind>
         <file>rtsv7M4_T_le_v4SPD16_eabi.lib</file>
         <name>copy_decompress_lzss.c.obj</name>
      </input_file>
      <input_file id="fl-f8">
         <path>C:\ti\ccsv8\tools\compiler\ti-cgt-arm_18.1.4.LTS\lib\</path>
         <kind>archive</kind>
         <file>rtsv7M4_T_le_v4SPD16_eabi.lib</file>
         <name>boot_cortex_m.c.obj</name>
      </input_file>
      <input_file id="fl-f9">
         <path>C:\ti\ccsv8\tools\compiler\ti-cgt-arm_18.1.4.LTS\lib\</path>
         <kind>archive</kind>
         <file>rtsv7M4_T_le_v4SPD16_eabi.lib</file>
         <name>exit.c.obj</name>
      </input_file>
      <input_file id="fl-fa">
         <path>C:\ti\ccsv8\tools\compiler\ti-cgt-arm_18.1.4.LTS\lib\</path>
         <kind>archive</kind>
         <file>rtsv7M4_T_le_v4SPD16_eabi.lib</file>
         <name>_lock.c.obj</name>
      </input_file>
      <input_file id="fl-fb">
         <path>C:\ti\ccsv8\tools\compiler\ti-cgt-arm_18.1.4.LTS\lib\</path>
         <kind>archive</kind>
         <file>rtsv7M4_T_le_v4SPD16_eabi.lib</file>
         <name>args_main.c.obj</name>
      </input_file>
      <input_file id="fl-fc">
         <path>C:\ti\ccsv8\tools\compiler\ti-cgt-arm_18.1.4.LTS\lib\</path>
         <kind>archive</kind>
         <file>rtsv7M4_T_le_v4SPD16_eabi.lib</file>
         <name>snprintf.c.obj</name>
      </input_file>
      <input_file id="fl-fd">
         <path>C:\ti\ccsv8\tools\compiler\ti-cgt-arm_18.1.4.LTS\lib\</path>
         <kind>archive</kind>
         <file>rtsv7M4_T_le_v4SPD16_eabi.lib</file>
         <name>strcpy.c.obj</name>
      </input_file>
      <input_file id="fl-fe">
         <path>C:\ti\ccsv8\tools\compiler\ti-cgt-arm_18.1.4.LTS\lib\</path>
         <kind>archive</kind>
         <file>rtsv7M4_T_le_v4SPD16_eabi.lib</file>
         <name>strlen.c.obj</name>
      </input_file>
      <input_file id="fl-ff">
         <path>C:\ti\ccsv8\tools\compiler\ti-cgt-arm_18.1.4.LTS\lib\</path>
         <kind>archive</kind>
         <file>rtsv7M4_T_le_v4SPD16_eabi.lib</file>
         <name>div0.asm.obj</name>
      </input_file>
      <input_file id="fl-100">
         <path>C:\ti\ccsv8\tools\compiler\ti-cgt-arm_18.1.4.LTS\lib\</path>
         <kind>archive</kind>
         <file>rtsv7M4_T_le_v4SPD16_eabi.lib</file>
         <name>autoinit.c.obj</name>
      </input_file>
      <input_file id="fl-101">
         <path>C:\ti\ccsv8\tools\compiler\ti-cgt-arm_18.1.4.LTS\lib\</path>
         <kind>archive</kind>
         <file>rtsv7M4_T_le_v4SPD16_eabi.lib</file>
         <name>pre_init.c.obj</name>
      </input_file>
      <input_file id="fl-102">
         <path>C:\ti\ccsv8\tools\compiler\ti-cgt-arm_18.1.4.LTS\lib\</path>
         <kind>archive</kind>
         <file>rtsv7M4_T_le_v4SPD16_eabi.lib</file>
         <name>cpy_tbl.c.obj</name>
      </input_file>
      <input_file id="fl-103">
         <path>C:\ti\ccsv8\tools\compiler\ti-cgt-arm_18.1.4.LTS\lib\</path>
         <kind>archive</kind>
         <file>rtsv7M4_T_le_v4SPD16_eabi.lib</file>
         <name>_printfi.c.obj</name>
      </input_file>
      <input_file id="fl-104">
         <path>C:\ti\ccsv8\tools\compiler\ti-cgt-arm_18.1.4.LTS\lib\</path>
         <kind>archive</kind>
         <file>rtsv7M4_T_le_v4SPD16_eabi.lib</file>
         <name>atoi.c.obj</name>
      </input_file>
      <input_file id="fl-105">
         <path>C:\ti\ccsv8\tools\compiler\ti-cgt-arm_18.1.4.LTS\lib\</path>
         <kind>archive</kind>
         <file>rtsv7M4_T_le_v4SPD16_eabi.lib</file>
         <name>ctype.c.obj</name>
      </input_file>
      <input_file id="fl-106">
         <path>C:\ti\ccsv8\tools\compiler\ti-cgt-arm_18.1.4.LTS\lib\</path>
         <kind>archive</kind>
         <file>rtsv7M4_T_le_v4SPD16_eabi.lib</file>
         <name>ltoa.c.obj</name>
      </input_file>
      <input_file id="fl-107">
         <path>C:\ti\ccsv8\tools\compiler\ti-cgt-arm_18.1.4.LTS\lib\</path>
         <kind>archive</kind>
         <file>rtsv7M4_T_le_v4SPD16_eabi.lib</file>
         <name>memccpy.c.obj</name>
      </input_file>
      <input_file id="fl-108">
         <path>C:\ti\ccsv8\tools\compiler\ti-cgt-arm_18.1.4.LTS\lib\</path>
         <kind>archive</kind>
         <file>rtsv7M4_T_le_v4SPD16_eabi.lib</file>
         <name>strchr.c.obj</name>
      </input_file>
      <input_file id="fl-109">
         <path>C:\ti\ccsv8\tools\compiler\ti-cgt-arm_18.1.4.LTS\lib\</path>
         <kind>archive</kind>
         <file>rtsv7M4_T_le_v4SPD16_eabi.lib</file>
         <name>wcslen.c.obj</name>
      </input_file>
      <input_file id="fl-10a">
         <path>C:\ti\ccsv8\tools\compiler\ti-cgt-arm_18.1.4.LTS\lib\</path>
         <kind>archive</kind>
         <file>rtsv7M4_T_le_v4SPD16_eabi.lib</file>
         <name>s_frexp.c.obj</name>
      </input_file>
      <input_file id="fl-10b">
         <path>C:\ti\ccsv8\tools\compiler\ti-cgt-arm_18.1.4.LTS\lib\</path>
         <kind>archive</kind>
         <file>rtsv7M4_T_le_v4SPD16_eabi.lib</file>
         <name>s_scalbn.c.obj</name>
      </input_file>
      <input_file id="fl-10c">
         <path>C:\ti\ccsv8\tools\compiler\ti-cgt-arm_18.1.4.LTS\lib\</path>
         <kind>archive</kind>
         <file>rtsv7M4_T_le_v4SPD16_eabi.lib</file>
         <name>fd_add_t2.asm.obj</name>
      </input_file>
      <input_file id="fl-10d">
         <path>C:\ti\ccsv8\tools\compiler\ti-cgt-arm_18.1.4.LTS\lib\</path>
         <kind>archive</kind>
         <file>rtsv7M4_T_le_v4SPD16_eabi.lib</file>
         <name>fd_cmp_t2.asm.obj</name>
      </input_file>
      <input_file id="fl-10e">
         <path>C:\ti\ccsv8\tools\compiler\ti-cgt-arm_18.1.4.LTS\lib\</path>
         <kind>archive</kind>
         <file>rtsv7M4_T_le_v4SPD16_eabi.lib</file>
         <name>fd_toi_t2.asm.obj</name>
      </input_file>
      <input_file id="fl-10f">
         <path>C:\ti\ccsv8\tools\compiler\ti-cgt-arm_18.1.4.LTS\lib\</path>
         <kind>archive</kind>
         <file>rtsv7M4_T_le_v4SPD16_eabi.lib</file>
         <name>i_tofd_t2.asm.obj</name>
      </input_file>
      <input_file id="fl-110">
         <path>C:\ti\ccsv8\tools\compiler\ti-cgt-arm_18.1.4.LTS\lib\</path>
         <kind>archive</kind>
         <file>rtsv7M4_T_le_v4SPD16_eabi.lib</file>
         <name>errno.c.obj</name>
      </input_file>
      <input_file id="fl-111">
         <path>C:\ti\ccsv8\tools\compiler\ti-cgt-arm_18.1.4.LTS\lib\</path>
         <kind>archive</kind>
         <file>rtsv7M4_T_le_v4SPD16_eabi.lib</file>
         <name>s_copysign.c.obj</name>
      </input_file>
   </input_file_list>
   <object_component_list>
      <object_component id="oc-23">
         <name>.intvecs:retain</name>
         <load_address>0x0</load_address>
         <run_address>0x0</run_address>
         <size>0xe4</size>
         <input_file_ref idref="fl-4"/>
      </object_component>
      <object_component id="oc-3db">
         <name>.text</name>
         <load_address>0xe4</load_address>
         <run_address>0xe4</run_address>
         <size>0xd5e0</size>
         <input_file_ref idref="fl-f"/>
      </object_component>
      <object_component id="oc-60e">
         <name>.text</name>
         <load_address>0xd6c4</load_address>
         <run_address>0xd6c4</run_address>
         <size>0x2024</size>
         <input_file_ref idref="fl-18"/>
      </object_component>
      <object_component id="oc-3fb">
         <name>.text</name>
         <load_address>0xf6e8</load_address>
         <run_address>0xf6e8</run_address>
         <size>0x1810</size>
         <input_file_ref idref="fl-d"/>
      </object_component>
      <object_component id="oc-1e4">
         <name>.text</name>
         <load_address>0x10ef8</load_address>
         <run_address>0x10ef8</run_address>
         <size>0xfcc</size>
         <input_file_ref idref="fl-2"/>
      </object_component>
      <object_component id="oc-4b9">
         <name>.text</name>
         <load_address>0x11ec4</load_address>
         <run_address>0x11ec4</run_address>
         <size>0xed4</size>
         <input_file_ref idref="fl-1e"/>
      </object_component>
      <object_component id="oc-29d">
         <name>.text</name>
         <load_address>0x12d98</load_address>
         <run_address>0x12d98</run_address>
         <size>0xc28</size>
         <input_file_ref idref="fl-10"/>
      </object_component>
      <object_component id="oc-4da">
         <name>.text</name>
         <load_address>0x139c0</load_address>
         <run_address>0x139c0</run_address>
         <size>0xb44</size>
         <input_file_ref idref="fl-1b"/>
      </object_component>
      <object_component id="oc-4ce">
         <name>.text</name>
         <load_address>0x14504</load_address>
         <run_address>0x14504</run_address>
         <size>0xac0</size>
         <input_file_ref idref="fl-20"/>
      </object_component>
      <object_component id="oc-582">
         <name>.text:__TI_printfi</name>
         <load_address>0x14fc4</load_address>
         <run_address>0x14fc4</run_address>
         <size>0xa5e</size>
         <input_file_ref idref="fl-103"/>
      </object_component>
      <object_component id="oc-719">
         <name>.text</name>
         <load_address>0x15a22</load_address>
         <run_address>0x15a22</run_address>
         <size>0x2</size>
         <input_file_ref idref="fl-ff"/>
      </object_component>
      <object_component id="oc-6f">
         <name>.text</name>
         <load_address>0x15a24</load_address>
         <run_address>0x15a24</run_address>
         <size>0x960</size>
         <input_file_ref idref="fl-24"/>
      </object_component>
      <object_component id="oc-1d1">
         <name>.text</name>
         <load_address>0x16384</load_address>
         <run_address>0x16384</run_address>
         <size>0x760</size>
         <input_file_ref idref="fl-b"/>
      </object_component>
      <object_component id="oc-394">
         <name>.text</name>
         <load_address>0x16ae4</load_address>
         <run_address>0x16ae4</run_address>
         <size>0x694</size>
         <input_file_ref idref="fl-16"/>
      </object_component>
      <object_component id="oc-4c2">
         <name>.text</name>
         <load_address>0x17178</load_address>
         <run_address>0x17178</run_address>
         <size>0x5b8</size>
         <input_file_ref idref="fl-17"/>
      </object_component>
      <object_component id="oc-7b">
         <name>.text</name>
         <load_address>0x17730</load_address>
         <run_address>0x17730</run_address>
         <size>0x360</size>
         <input_file_ref idref="fl-12"/>
      </object_component>
      <object_component id="oc-75">
         <name>.text</name>
         <load_address>0x17a90</load_address>
         <run_address>0x17a90</run_address>
         <size>0x350</size>
         <input_file_ref idref="fl-15"/>
      </object_component>
      <object_component id="oc-b9">
         <name>.text</name>
         <load_address>0x17de0</load_address>
         <run_address>0x17de0</run_address>
         <size>0x334</size>
         <input_file_ref idref="fl-5"/>
      </object_component>
      <object_component id="oc-2af">
         <name>.text</name>
         <load_address>0x18114</load_address>
         <run_address>0x18114</run_address>
         <size>0x2f8</size>
         <input_file_ref idref="fl-8"/>
      </object_component>
      <object_component id="oc-2a9">
         <name>.text</name>
         <load_address>0x1840c</load_address>
         <run_address>0x1840c</run_address>
         <size>0x2e0</size>
         <input_file_ref idref="fl-e"/>
      </object_component>
      <object_component id="oc-750">
         <name>.text:_pconv_a</name>
         <load_address>0x186ec</load_address>
         <run_address>0x186ec</run_address>
         <size>0x270</size>
         <input_file_ref idref="fl-103"/>
      </object_component>
      <object_component id="oc-2b5">
         <name>.text</name>
         <load_address>0x1895c</load_address>
         <run_address>0x1895c</run_address>
         <size>0x23c</size>
         <input_file_ref idref="fl-c"/>
      </object_component>
      <object_component id="oc-297">
         <name>.text</name>
         <load_address>0x18b98</load_address>
         <run_address>0x18b98</run_address>
         <size>0x234</size>
         <input_file_ref idref="fl-14"/>
      </object_component>
      <object_component id="oc-656">
         <name>.text</name>
         <load_address>0x18dcc</load_address>
         <run_address>0x18dcc</run_address>
         <size>0x210</size>
         <input_file_ref idref="fl-21"/>
      </object_component>
      <object_component id="oc-73e">
         <name>.text:_pconv_g</name>
         <load_address>0x18fdc</load_address>
         <run_address>0x18fdc</run_address>
         <size>0x1d0</size>
         <input_file_ref idref="fl-103"/>
      </object_component>
      <object_component id="oc-83e">
         <name>.text</name>
         <load_address>0x191ac</load_address>
         <run_address>0x191ac</run_address>
         <size>0x1b6</size>
         <input_file_ref idref="fl-10c"/>
      </object_component>
      <object_component id="oc-301">
         <name>.text:__PCM_setPowerStateAdvanced</name>
         <load_address>0x19362</load_address>
         <run_address>0x19362</run_address>
         <size>0x1a0</size>
         <input_file_ref idref="fl-31"/>
      </object_component>
      <object_component id="oc-2a3">
         <name>.text</name>
         <load_address>0x19504</load_address>
         <run_address>0x19504</run_address>
         <size>0x178</size>
         <input_file_ref idref="fl-a"/>
      </object_component>
      <object_component id="oc-74a">
         <name>.text:_pconv_e</name>
         <load_address>0x1967c</load_address>
         <run_address>0x1967c</run_address>
         <size>0x13c</size>
         <input_file_ref idref="fl-103"/>
      </object_component>
      <object_component id="oc-382">
         <name>.text</name>
         <load_address>0x197b8</load_address>
         <run_address>0x197b8</run_address>
         <size>0x136</size>
         <input_file_ref idref="fl-ec"/>
      </object_component>
      <object_component id="oc-4c8">
         <name>.text</name>
         <load_address>0x198f0</load_address>
         <run_address>0x198f0</run_address>
         <size>0x130</size>
         <input_file_ref idref="fl-1d"/>
      </object_component>
      <object_component id="oc-850">
         <name>.text:fcvt</name>
         <load_address>0x19a20</load_address>
         <run_address>0x19a20</run_address>
         <size>0x124</size>
         <input_file_ref idref="fl-103"/>
      </object_component>
      <object_component id="oc-81">
         <name>.text</name>
         <load_address>0x19b44</load_address>
         <run_address>0x19b44</run_address>
         <size>0x110</size>
         <input_file_ref idref="fl-3"/>
      </object_component>
      <object_component id="oc-4d4">
         <name>.text</name>
         <load_address>0x19c54</load_address>
         <run_address>0x19c54</run_address>
         <size>0x110</size>
         <input_file_ref idref="fl-1c"/>
      </object_component>
      <object_component id="oc-864">
         <name>.text:scalbn</name>
         <load_address>0x19d64</load_address>
         <run_address>0x19d64</run_address>
         <size>0x110</size>
         <input_file_ref idref="fl-10b"/>
      </object_component>
      <object_component id="oc-48a">
         <name>.text:CS_getDCOFrequency</name>
         <load_address>0x19e74</load_address>
         <run_address>0x19e74</run_address>
         <size>0x104</size>
         <input_file_ref idref="fl-2c"/>
      </object_component>
      <object_component id="oc-291">
         <name>.text</name>
         <load_address>0x19f78</load_address>
         <run_address>0x19f78</run_address>
         <size>0xfe</size>
         <input_file_ref idref="fl-13"/>
      </object_component>
      <object_component id="oc-387">
         <name>.text</name>
         <load_address>0x1a076</load_address>
         <run_address>0x1a076</run_address>
         <size>0xfc</size>
         <input_file_ref idref="fl-ed"/>
      </object_component>
      <object_component id="oc-13b">
         <name>.text:CS_initClockSignal</name>
         <load_address>0x1a174</load_address>
         <run_address>0x1a174</run_address>
         <size>0xe0</size>
         <input_file_ref idref="fl-2c"/>
      </object_component>
      <object_component id="oc-476">
         <name>.text:__PCM_setPowerModeAdvanced</name>
         <load_address>0x1a254</load_address>
         <run_address>0x1a254</run_address>
         <size>0xdc</size>
         <input_file_ref idref="fl-31"/>
      </object_component>
      <object_component id="oc-733">
         <name>.text:_ltostr</name>
         <load_address>0x1a330</load_address>
         <run_address>0x1a330</run_address>
         <size>0xb1</size>
         <input_file_ref idref="fl-103"/>
      </object_component>
      <object_component id="oc-434">
         <name>.text:__PCM_setCoreVoltageLevelAdvanced</name>
         <load_address>0x1a3e4</load_address>
         <run_address>0x1a3e4</run_address>
         <size>0xb0</size>
         <input_file_ref idref="fl-31"/>
      </object_component>
      <object_component id="oc-35a">
         <name>.text:PutChar</name>
         <load_address>0x1a494</load_address>
         <run_address>0x1a494</run_address>
         <size>0xa4</size>
         <input_file_ref idref="fl-b"/>
      </object_component>
      <object_component id="oc-43b">
         <name>.text:CS_startHFXTWithTimeout</name>
         <load_address>0x1a538</load_address>
         <run_address>0x1a538</run_address>
         <size>0x9c</size>
         <input_file_ref idref="fl-2c"/>
      </object_component>
      <object_component id="oc-30e">
         <name>.text:_CSComputeCLKFrequency</name>
         <load_address>0x1a5d4</load_address>
         <run_address>0x1a5d4</run_address>
         <size>0x9c</size>
         <input_file_ref idref="fl-2c"/>
      </object_component>
      <object_component id="oc-34">
         <name>.text</name>
         <load_address>0x1a670</load_address>
         <run_address>0x1a670</run_address>
         <size>0x9c</size>
         <input_file_ref idref="fl-f0"/>
      </object_component>
      <object_component id="oc-71e">
         <name>.text</name>
         <load_address>0x1a70c</load_address>
         <run_address>0x1a70c</run_address>
         <size>0x96</size>
         <input_file_ref idref="fl-f3"/>
      </object_component>
      <object_component id="oc-414">
         <name>.text:UART_initModule</name>
         <load_address>0x1a7a4</load_address>
         <run_address>0x1a7a4</run_address>
         <size>0x94</size>
         <input_file_ref idref="fl-34"/>
      </object_component>
      <object_component id="oc-1d7">
         <name>.text</name>
         <load_address>0x1a838</load_address>
         <run_address>0x1a838</run_address>
         <size>0x90</size>
         <input_file_ref idref="fl-26"/>
      </object_component>
      <object_component id="oc-739">
         <name>.text:__aeabi_cdcmple</name>
         <load_address>0x1a8c8</load_address>
         <run_address>0x1a8c8</run_address>
         <size>0x86</size>
         <input_file_ref idref="fl-10d"/>
      </object_component>
      <object_component id="oc-829">
         <name>.text:__aeabi_cdrcmple</name>
         <load_address>0x1a94e</load_address>
         <run_address>0x1a94e</run_address>
         <size>0x86</size>
         <input_file_ref idref="fl-10d"/>
      </object_component>
      <object_component id="oc-d2">
         <name>.text</name>
         <load_address>0x1a9d4</load_address>
         <run_address>0x1a9d4</run_address>
         <size>0x84</size>
         <input_file_ref idref="fl-9"/>
      </object_component>
      <object_component id="oc-788">
         <name>.text</name>
         <load_address>0x1aa58</load_address>
         <run_address>0x1aa58</run_address>
         <size>0x80</size>
         <input_file_ref idref="fl-19"/>
      </object_component>
      <object_component id="oc-464">
         <name>.text:PCM_gotoLPM3</name>
         <load_address>0x1aad8</load_address>
         <run_address>0x1aad8</run_address>
         <size>0x7c</size>
         <input_file_ref idref="fl-31"/>
      </object_component>
      <object_component id="oc-a1">
         <name>.text</name>
         <load_address>0x1ab54</load_address>
         <run_address>0x1ab54</run_address>
         <size>0x7a</size>
         <input_file_ref idref="fl-f4"/>
      </object_component>
      <object_component id="oc-5d9">
         <name>.text:_CSGetHFXTFrequency</name>
         <load_address>0x1abd0</load_address>
         <run_address>0x1abd0</run_address>
         <size>0x70</size>
         <input_file_ref idref="fl-2c"/>
      </object_component>
      <object_component id="oc-849">
         <name>.text:_mcpy</name>
         <load_address>0x1ac40</load_address>
         <run_address>0x1ac40</run_address>
         <size>0x6e</size>
         <input_file_ref idref="fl-103"/>
      </object_component>
      <object_component id="oc-38c">
         <name>.text</name>
         <load_address>0x1acae</load_address>
         <run_address>0x1acae</run_address>
         <size>0x6e</size>
         <input_file_ref idref="fl-ee"/>
      </object_component>
      <object_component id="oc-56d">
         <name>.text</name>
         <load_address>0x1ad1c</load_address>
         <run_address>0x1ad1c</run_address>
         <size>0x6e</size>
         <input_file_ref idref="fl-f2"/>
      </object_component>
      <object_component id="oc-368">
         <name>.text:LCD_ReadData2</name>
         <load_address>0x1ad8c</load_address>
         <run_address>0x1ad8c</run_address>
         <size>0x68</size>
         <input_file_ref idref="fl-b"/>
      </object_component>
      <object_component id="oc-14">
         <name>.text:decompress:lzss:__TI_decompress_lzss</name>
         <load_address>0x1adf4</load_address>
         <run_address>0x1adf4</run_address>
         <size>0x68</size>
         <input_file_ref idref="fl-f7"/>
      </object_component>
      <object_component id="oc-117">
         <name>.text:Interrupt_disableInterrupt</name>
         <load_address>0x1ae5c</load_address>
         <run_address>0x1ae5c</run_address>
         <size>0x64</size>
         <input_file_ref idref="fl-30"/>
      </object_component>
      <object_component id="oc-105">
         <name>.text:Interrupt_enableInterrupt</name>
         <load_address>0x1aec0</load_address>
         <run_address>0x1aec0</run_address>
         <size>0x64</size>
         <input_file_ref idref="fl-30"/>
      </object_component>
      <object_component id="oc-85e">
         <name>.text:frexp</name>
         <load_address>0x1af24</load_address>
         <run_address>0x1af24</run_address>
         <size>0x64</size>
         <input_file_ref idref="fl-10a"/>
      </object_component>
      <object_component id="oc-744">
         <name>.text:_pconv_f</name>
         <load_address>0x1af88</load_address>
         <run_address>0x1af88</run_address>
         <size>0x56</size>
         <input_file_ref idref="fl-103"/>
      </object_component>
      <object_component id="oc-833">
         <name>.text:ltoa</name>
         <load_address>0x1afde</load_address>
         <run_address>0x1afde</run_address>
         <size>0x54</size>
         <input_file_ref idref="fl-106"/>
      </object_component>
      <object_component id="oc-843">
         <name>.text:_ecpy</name>
         <load_address>0x1b032</load_address>
         <run_address>0x1b032</run_address>
         <size>0x52</size>
         <input_file_ref idref="fl-103"/>
      </object_component>
      <object_component id="oc-470">
         <name>.text:PCM_shutdownDevice</name>
         <load_address>0x1b084</load_address>
         <run_address>0x1b084</run_address>
         <size>0x50</size>
         <input_file_ref idref="fl-31"/>
      </object_component>
      <object_component id="oc-601">
         <name>.text:SysCtl_getTLVInfo</name>
         <load_address>0x1b0d4</load_address>
         <run_address>0x1b0d4</run_address>
         <size>0x50</size>
         <input_file_ref idref="fl-33"/>
      </object_component>
      <object_component id="oc-6a">
         <name>.text</name>
         <load_address>0x1b124</load_address>
         <run_address>0x1b124</run_address>
         <size>0x4c</size>
         <input_file_ref idref="fl-25"/>
      </object_component>
      <object_component id="oc-11d">
         <name>.text:GPIO_setAsPeripheralModuleFunctionOutputPin</name>
         <load_address>0x1b170</load_address>
         <run_address>0x1b170</run_address>
         <size>0x4c</size>
         <input_file_ref idref="fl-2e"/>
      </object_component>
      <object_component id="oc-5fb">
         <name>.text:_CSGetDOCFrequency</name>
         <load_address>0x1b1bc</load_address>
         <run_address>0x1b1bc</run_address>
         <size>0x4c</size>
         <input_file_ref idref="fl-2c"/>
      </object_component>
      <object_component id="oc-72d">
         <name>.text:atoi</name>
         <load_address>0x1b208</load_address>
         <run_address>0x1b208</run_address>
         <size>0x4c</size>
         <input_file_ref idref="fl-104"/>
      </object_component>
      <object_component id="oc-420">
         <name>.text:snprintf</name>
         <load_address>0x1b254</load_address>
         <run_address>0x1b254</run_address>
         <size>0x4c</size>
         <input_file_ref idref="fl-fc"/>
      </object_component>
      <object_component id="oc-40e">
         <name>.text:GPIO_setAsPeripheralModuleFunctionInputPin</name>
         <load_address>0x1b2a0</load_address>
         <run_address>0x1b2a0</run_address>
         <size>0x48</size>
         <input_file_ref idref="fl-2e"/>
      </object_component>
      <object_component id="oc-4ac">
         <name>.text:LCD_ReadData</name>
         <load_address>0x1b2e8</load_address>
         <run_address>0x1b2e8</run_address>
         <size>0x48</size>
         <input_file_ref idref="fl-b"/>
      </object_component>
      <object_component id="oc-484">
         <name>.text:_CSGetDividerValue</name>
         <load_address>0x1b330</load_address>
         <run_address>0x1b330</run_address>
         <size>0x48</size>
         <input_file_ref idref="fl-2c"/>
      </object_component>
      <object_component id="oc-82e">
         <name>.text</name>
         <load_address>0x1b378</load_address>
         <run_address>0x1b378</run_address>
         <size>0x48</size>
         <input_file_ref idref="fl-10e"/>
      </object_component>
      <object_component id="oc-20e">
         <name>.text:__TI_auto_init_nobinit_nopinit:__TI_auto_init_nobinit_nopinit</name>
         <load_address>0x1b3c0</load_address>
         <run_address>0x1b3c0</run_address>
         <size>0x44</size>
         <input_file_ref idref="fl-100"/>
      </object_component>
      <object_component id="oc-4a6">
         <name>.text</name>
         <load_address>0x1b404</load_address>
         <run_address>0x1b404</run_address>
         <size>0x40</size>
         <input_file_ref idref="fl-6"/>
      </object_component>
      <object_component id="oc-49f">
         <name>.text:LCD_WriteData</name>
         <load_address>0x1b444</load_address>
         <run_address>0x1b444</run_address>
         <size>0x40</size>
         <input_file_ref idref="fl-b"/>
      </object_component>
      <object_component id="oc-15f">
         <name>.text:I2C_initMaster</name>
         <load_address>0x1b484</load_address>
         <run_address>0x1b484</run_address>
         <size>0x3e</size>
         <input_file_ref idref="fl-2f"/>
      </object_component>
      <object_component id="oc-856">
         <name>.text:_fcpy</name>
         <load_address>0x1b4c2</load_address>
         <run_address>0x1b4c2</run_address>
         <size>0x3e</size>
         <input_file_ref idref="fl-103"/>
      </object_component>
      <object_component id="oc-cc">
         <name>.text</name>
         <load_address>0x1b500</load_address>
         <run_address>0x1b500</run_address>
         <size>0x3a</size>
         <input_file_ref idref="fl-7"/>
      </object_component>
      <object_component id="oc-177">
         <name>.text:I2C_masterSendMultiByteStart</name>
         <load_address>0x1b53c</load_address>
         <run_address>0x1b53c</run_address>
         <size>0x38</size>
         <input_file_ref idref="fl-2f"/>
      </object_component>
      <object_component id="oc-52">
         <name>.text:_c_int00_noargs:_c_int00_noargs</name>
         <load_address>0x1b574</load_address>
         <run_address>0x1b574</run_address>
         <size>0x38</size>
         <input_file_ref idref="fl-f8"/>
      </object_component>
      <object_component id="oc-345">
         <name>.text:LCD_WriteIndex</name>
         <load_address>0x1b5ac</load_address>
         <run_address>0x1b5ac</run_address>
         <size>0x34</size>
         <input_file_ref idref="fl-b"/>
      </object_component>
      <object_component id="oc-1bf">
         <name>.text:GPIO_getEnabledInterruptStatus</name>
         <load_address>0x1b5e0</load_address>
         <run_address>0x1b5e0</run_address>
         <size>0x30</size>
         <input_file_ref idref="fl-2e"/>
      </object_component>
      <object_component id="oc-19b">
         <name>.text:I2C_masterSendMultiByteStop</name>
         <load_address>0x1b610</load_address>
         <run_address>0x1b610</run_address>
         <size>0x30</size>
         <input_file_ref idref="fl-2f"/>
      </object_component>
      <object_component id="oc-376">
         <name>.text:SPISendRecvByte</name>
         <load_address>0x1b640</load_address>
         <run_address>0x1b640</run_address>
         <size>0x30</size>
         <input_file_ref idref="fl-b"/>
      </object_component>
      <object_component id="oc-588">
         <name>.text:_outs</name>
         <load_address>0x1b670</load_address>
         <run_address>0x1b670</run_address>
         <size>0x30</size>
         <input_file_ref idref="fl-fc"/>
      </object_component>
      <object_component id="oc-839">
         <name>.text</name>
         <load_address>0x1b6a0</load_address>
         <run_address>0x1b6a0</run_address>
         <size>0x2e</size>
         <input_file_ref idref="fl-10f"/>
      </object_component>
      <object_component id="oc-5c0">
         <name>.text:PCM_getCoreVoltageLevel</name>
         <load_address>0x1b6ce</load_address>
         <run_address>0x1b6ce</run_address>
         <size>0x2c</size>
         <input_file_ref idref="fl-31"/>
      </object_component>
      <object_component id="oc-5ba">
         <name>.text:PCM_getPowerMode</name>
         <load_address>0x1b6fa</load_address>
         <run_address>0x1b6fa</run_address>
         <size>0x2a</size>
         <input_file_ref idref="fl-31"/>
      </object_component>
      <object_component id="oc-129">
         <name>.text:FlashCtl_setWaitState</name>
         <load_address>0x1b724</load_address>
         <run_address>0x1b724</run_address>
         <size>0x28</size>
         <input_file_ref idref="fl-2d"/>
      </object_component>
      <object_component id="oc-47c">
         <name>.text:PCM_gotoLPM0</name>
         <load_address>0x1b74c</load_address>
         <run_address>0x1b74c</run_address>
         <size>0x28</size>
         <input_file_ref idref="fl-31"/>
      </object_component>
      <object_component id="oc-3e6">
         <name>.text</name>
         <load_address>0x1b774</load_address>
         <run_address>0x1b774</run_address>
         <size>0x26</size>
         <input_file_ref idref="fl-11"/>
      </object_component>
      <object_component id="oc-490">
         <name>.text:CS_clearInterruptFlag</name>
         <load_address>0x1b79c</load_address>
         <run_address>0x1b79c</run_address>
         <size>0x24</size>
         <input_file_ref idref="fl-2c"/>
      </object_component>
      <object_component id="oc-135">
         <name>.text:CS_setDCOCenteredFrequency</name>
         <load_address>0x1b7c0</load_address>
         <run_address>0x1b7c0</run_address>
         <size>0x24</size>
         <input_file_ref idref="fl-2c"/>
      </object_component>
      <object_component id="oc-1a7">
         <name>.text:I2C_masterSendMultiByteNext</name>
         <load_address>0x1b7e4</load_address>
         <run_address>0x1b7e4</run_address>
         <size>0x24</size>
         <input_file_ref idref="fl-2f"/>
      </object_component>
      <object_component id="oc-10b">
         <name>.text:Interrupt_setPriority</name>
         <load_address>0x1b808</load_address>
         <run_address>0x1b808</run_address>
         <size>0x24</size>
         <input_file_ref idref="fl-30"/>
      </object_component>
      <object_component id="oc-5ee">
         <name>.text:RTC_C_holdClock</name>
         <load_address>0x1b82c</load_address>
         <run_address>0x1b82c</run_address>
         <size>0x24</size>
         <input_file_ref idref="fl-32"/>
      </object_component>
      <object_component id="oc-408">
         <name>.text:UART_transmitData</name>
         <load_address>0x1b850</load_address>
         <run_address>0x1b850</run_address>
         <size>0x24</size>
         <input_file_ref idref="fl-34"/>
      </object_component>
      <object_component id="oc-361">
         <name>.text:LCD_SetCursor</name>
         <load_address>0x1b874</load_address>
         <run_address>0x1b874</run_address>
         <size>0x20</size>
         <input_file_ref idref="fl-b"/>
      </object_component>
      <object_component id="oc-353">
         <name>.text:LCD_Write_Data_Only</name>
         <load_address>0x1b894</load_address>
         <run_address>0x1b894</run_address>
         <size>0x20</size>
         <input_file_ref idref="fl-b"/>
      </object_component>
      <object_component id="oc-37d">
         <name>.text</name>
         <load_address>0x1b8b4</load_address>
         <run_address>0x1b8b4</run_address>
         <size>0x20</size>
         <input_file_ref idref="fl-f1"/>
      </object_component>
      <object_component id="oc-33e">
         <name>.text:LCD_WriteReg</name>
         <load_address>0x1b8d4</load_address>
         <run_address>0x1b8d4</run_address>
         <size>0x1c</size>
         <input_file_ref idref="fl-b"/>
      </object_component>
      <object_component id="oc-756">
         <name>.text:memccpy</name>
         <load_address>0x1b8f0</load_address>
         <run_address>0x1b8f0</run_address>
         <size>0x1c</size>
         <input_file_ref idref="fl-107"/>
      </object_component>
      <object_component id="oc-2c8">
         <name>.text:CS_getMCLK</name>
         <load_address>0x1b90c</load_address>
         <run_address>0x1b90c</run_address>
         <size>0x18</size>
         <input_file_ref idref="fl-2c"/>
      </object_component>
      <object_component id="oc-14d">
         <name>.text:CS_getSMCLK</name>
         <load_address>0x1b924</load_address>
         <run_address>0x1b924</run_address>
         <size>0x18</size>
         <input_file_ref idref="fl-2c"/>
      </object_component>
      <object_component id="oc-1cb">
         <name>.text:GPIO_clearInterruptFlag</name>
         <load_address>0x1b93c</load_address>
         <run_address>0x1b93c</run_address>
         <size>0x18</size>
         <input_file_ref idref="fl-2e"/>
      </object_component>
      <object_component id="oc-1c5">
         <name>.text:GPIO_getInputPinValue</name>
         <load_address>0x1b954</load_address>
         <run_address>0x1b954</run_address>
         <size>0x18</size>
         <input_file_ref idref="fl-2e"/>
      </object_component>
      <object_component id="oc-285">
         <name>.text:WDT_A_clearTimer</name>
         <load_address>0x1b96c</load_address>
         <run_address>0x1b96c</run_address>
         <size>0x18</size>
         <input_file_ref idref="fl-35"/>
      </object_component>
      <object_component id="oc-28b">
         <name>.text:WDT_A_holdTimer</name>
         <load_address>0x1b984</load_address>
         <run_address>0x1b984</run_address>
         <size>0x18</size>
         <input_file_ref idref="fl-35"/>
      </object_component>
      <object_component id="oc-58e">
         <name>.text:_outc</name>
         <load_address>0x1b99c</load_address>
         <run_address>0x1b99c</run_address>
         <size>0x18</size>
         <input_file_ref idref="fl-fc"/>
      </object_component>
      <object_component id="oc-568">
         <name>.text</name>
         <load_address>0x1b9b4</load_address>
         <run_address>0x1b9b4</run_address>
         <size>0x18</size>
         <input_file_ref idref="fl-ef"/>
      </object_component>
      <object_component id="oc-86a">
         <name>.text:strchr</name>
         <load_address>0x1b9cc</load_address>
         <run_address>0x1b9cc</run_address>
         <size>0x16</size>
         <input_file_ref idref="fl-108"/>
      </object_component>
      <object_component id="oc-123">
         <name>.text:CS_setExternalClockSourceFrequency</name>
         <load_address>0x1b9e4</load_address>
         <run_address>0x1b9e4</run_address>
         <size>0x14</size>
         <input_file_ref idref="fl-2c"/>
      </object_component>
      <object_component id="oc-153">
         <name>.text:I2C_isBusBusy</name>
         <load_address>0x1b9f8</load_address>
         <run_address>0x1b9f8</run_address>
         <size>0x14</size>
         <input_file_ref idref="fl-2f"/>
      </object_component>
      <object_component id="oc-36f">
         <name>.text:LCD_ReadReg</name>
         <load_address>0x1ba0c</load_address>
         <run_address>0x1ba0c</run_address>
         <size>0x14</size>
         <input_file_ref idref="fl-b"/>
      </object_component>
      <object_component id="oc-8b0">
         <name>.text:copysign</name>
         <load_address>0x1ba20</load_address>
         <run_address>0x1ba20</run_address>
         <size>0x14</size>
         <input_file_ref idref="fl-111"/>
      </object_component>
      <object_component id="oc-e4">
         <name>.text:strcpy</name>
         <load_address>0x1ba34</load_address>
         <run_address>0x1ba34</run_address>
         <size>0x14</size>
         <input_file_ref idref="fl-fd"/>
      </object_component>
      <object_component id="oc-4e0">
         <name>.text:strlen</name>
         <load_address>0x1ba48</load_address>
         <run_address>0x1ba48</run_address>
         <size>0x14</size>
         <input_file_ref idref="fl-fe"/>
      </object_component>
      <object_component id="oc-75c">
         <name>.text:wcslen</name>
         <load_address>0x1ba5c</load_address>
         <run_address>0x1ba5c</run_address>
         <size>0x12</size>
         <input_file_ref idref="fl-109"/>
      </object_component>
      <object_component id="oc-335">
         <name>.text:GPIO_getInterruptStatus</name>
         <load_address>0x1ba70</load_address>
         <run_address>0x1ba70</run_address>
         <size>0x10</size>
         <input_file_ref idref="fl-2e"/>
      </object_component>
      <object_component id="oc-189">
         <name>.text:I2C_masterReceiveStart</name>
         <load_address>0x1ba80</load_address>
         <run_address>0x1ba80</run_address>
         <size>0x10</size>
         <input_file_ref idref="fl-2f"/>
      </object_component>
      <object_component id="oc-111">
         <name>.text:Interrupt_enableMaster</name>
         <load_address>0x1ba90</load_address>
         <run_address>0x1ba90</run_address>
         <size>0x10</size>
         <input_file_ref idref="fl-30"/>
      </object_component>
      <object_component id="oc-46a">
         <name>.text:PCM_gotoLPM4</name>
         <load_address>0x1baa0</load_address>
         <run_address>0x1baa0</run_address>
         <size>0x10</size>
         <input_file_ref idref="fl-31"/>
      </object_component>
      <object_component id="oc-5d3">
         <name>.text:SysCtl_disableNMISource</name>
         <load_address>0x1bab0</load_address>
         <run_address>0x1bab0</run_address>
         <size>0x10</size>
         <input_file_ref idref="fl-33"/>
      </object_component>
      <object_component id="oc-5df">
         <name>.text:SysCtl_enableNMISource</name>
         <load_address>0x1bac0</load_address>
         <run_address>0x1bac0</run_address>
         <size>0x10</size>
         <input_file_ref idref="fl-33"/>
      </object_component>
      <object_component id="oc-df">
         <name>.text</name>
         <load_address>0x1bad0</load_address>
         <run_address>0x1bad0</run_address>
         <size>0xe</size>
         <input_file_ref idref="fl-22"/>
      </object_component>
      <object_component id="oc-195">
         <name>.text:I2C_clearInterruptFlag</name>
         <load_address>0x1bade</load_address>
         <run_address>0x1bade</run_address>
         <size>0xe</size>
         <input_file_ref idref="fl-2f"/>
      </object_component>
      <object_component id="oc-17d">
         <name>.text:I2C_disableInterrupt</name>
         <load_address>0x1baec</load_address>
         <run_address>0x1baec</run_address>
         <size>0xe</size>
         <input_file_ref idref="fl-2f"/>
      </object_component>
      <object_component id="oc-1a">
         <name>.text:decompress:none:__TI_decompress_none</name>
         <load_address>0x1bafa</load_address>
         <run_address>0x1bafa</run_address>
         <size>0xe</size>
         <input_file_ref idref="fl-f6"/>
      </object_component>
      <object_component id="oc-64">
         <name>.text</name>
         <load_address>0x1bb08</load_address>
         <run_address>0x1bb08</run_address>
         <size>0xe</size>
         <input_file_ref idref="fl-4"/>
      </object_component>
      <object_component id="oc-2ed">
         <name>.text:CPU_cpsie</name>
         <load_address>0x1bb16</load_address>
         <run_address>0x1bb16</run_address>
         <size>0xc</size>
         <input_file_ref idref="fl-36"/>
      </object_component>
      <object_component id="oc-159">
         <name>.text:I2C_disableModule</name>
         <load_address>0x1bb22</load_address>
         <run_address>0x1bb22</run_address>
         <size>0xc</size>
         <input_file_ref idref="fl-2f"/>
      </object_component>
      <object_component id="oc-16b">
         <name>.text:I2C_enableModule</name>
         <load_address>0x1bb2e</load_address>
         <run_address>0x1bb2e</run_address>
         <size>0xc</size>
         <input_file_ref idref="fl-2f"/>
      </object_component>
      <object_component id="oc-45e">
         <name>.text:PCM_getPowerState</name>
         <load_address>0x1bb3c</load_address>
         <run_address>0x1bb3c</run_address>
         <size>0xc</size>
         <input_file_ref idref="fl-31"/>
      </object_component>
      <object_component id="oc-5cd">
         <name>.text:SysCtl_getNMISourceStatus</name>
         <load_address>0x1bb48</load_address>
         <run_address>0x1bb48</run_address>
         <size>0xc</size>
         <input_file_ref idref="fl-33"/>
      </object_component>
      <object_component id="oc-41a">
         <name>.text:UART_enableModule</name>
         <load_address>0x1bb54</load_address>
         <run_address>0x1bb54</run_address>
         <size>0xc</size>
         <input_file_ref idref="fl-34"/>
      </object_component>
      <object_component id="oc-46">
         <name>.text:decompress:ZI:__TI_zero_init</name>
         <load_address>0x1bb60</load_address>
         <run_address>0x1bb60</run_address>
         <size>0xc</size>
         <input_file_ref idref="fl-f5"/>
      </object_component>
      <object_component id="oc-34c">
         <name>.text:LCD_Write_Data_Start</name>
         <load_address>0x1bb6c</load_address>
         <run_address>0x1bb6c</run_address>
         <size>0xa</size>
         <input_file_ref idref="fl-b"/>
      </object_component>
      <object_component id="oc-171">
         <name>.text:I2C_enableInterrupt</name>
         <load_address>0x1bb76</load_address>
         <run_address>0x1bb76</run_address>
         <size>0x8</size>
         <input_file_ref idref="fl-2f"/>
      </object_component>
      <object_component id="oc-2bc">
         <name>.text:PCM_setCoreVoltageLevel</name>
         <load_address>0x1bb7e</load_address>
         <run_address>0x1bb7e</run_address>
         <size>0x8</size>
         <input_file_ref idref="fl-31"/>
      </object_component>
      <object_component id="oc-5c6">
         <name>.text:PCM_setPowerMode</name>
         <load_address>0x1bb86</load_address>
         <run_address>0x1bb86</run_address>
         <size>0x8</size>
         <input_file_ref idref="fl-31"/>
      </object_component>
      <object_component id="oc-12f">
         <name>.text:PCM_setPowerState</name>
         <load_address>0x1bb8e</load_address>
         <run_address>0x1bb8e</run_address>
         <size>0x8</size>
         <input_file_ref idref="fl-31"/>
      </object_component>
      <object_component id="oc-762">
         <name>.text:__aeabi_errno_addr</name>
         <load_address>0x1bb98</load_address>
         <run_address>0x1bb98</run_address>
         <size>0x8</size>
         <input_file_ref idref="fl-110"/>
      </object_component>
      <object_component id="oc-2c2">
         <name>.text:CS_startHFXT</name>
         <load_address>0x1bba0</load_address>
         <run_address>0x1bba0</run_address>
         <size>0x6</size>
         <input_file_ref idref="fl-2c"/>
      </object_component>
      <object_component id="oc-18f">
         <name>.text:I2C_getEnabledInterruptStatus</name>
         <load_address>0x1bba6</load_address>
         <run_address>0x1bba6</run_address>
         <size>0x6</size>
         <input_file_ref idref="fl-2f"/>
      </object_component>
      <object_component id="oc-183">
         <name>.text:I2C_getInterruptStatus</name>
         <load_address>0x1bbac</load_address>
         <run_address>0x1bbac</run_address>
         <size>0x6</size>
         <input_file_ref idref="fl-2f"/>
      </object_component>
      <object_component id="oc-1a1">
         <name>.text:I2C_masterReceiveMultiByteNext</name>
         <load_address>0x1bbb2</load_address>
         <run_address>0x1bbb2</run_address>
         <size>0x6</size>
         <input_file_ref idref="fl-2f"/>
      </object_component>
      <object_component id="oc-561">
         <name>.text:SysCtlDelay</name>
         <load_address>0x1bbb8</load_address>
         <run_address>0x1bbb8</run_address>
         <size>0x6</size>
         <input_file_ref idref="fl-11"/>
      </object_component>
      <object_component id="oc-5e7">
         <name>.text:CPU_wfi</name>
         <load_address>0x1bbbe</load_address>
         <run_address>0x1bbbe</run_address>
         <size>0x4</size>
         <input_file_ref idref="fl-36"/>
      </object_component>
      <object_component id="oc-165">
         <name>.text:I2C_setSlaveAddress</name>
         <load_address>0x1bbc2</load_address>
         <run_address>0x1bbc2</run_address>
         <size>0x4</size>
         <input_file_ref idref="fl-2f"/>
      </object_component>
      <object_component id="oc-a7">
         <name>.text:_system_pre_init</name>
         <load_address>0x1bbc6</load_address>
         <run_address>0x1bbc6</run_address>
         <size>0x4</size>
         <input_file_ref idref="fl-101"/>
      </object_component>
      <object_component id="oc-202">
         <name>.text:abort:abort</name>
         <load_address>0x1bbca</load_address>
         <run_address>0x1bbca</run_address>
         <size>0x4</size>
         <input_file_ref idref="fl-f9"/>
      </object_component>
      <object_component id="oc-609">
         <name>.const:AsciiLib</name>
         <load_address>0x1bbd0</load_address>
         <run_address>0x1bbd0</run_address>
         <size>0x5f0</size>
         <input_file_ref idref="fl-6"/>
      </object_component>
      <object_component id="oc-822">
         <name>.const:.string:_ctypes_</name>
         <load_address>0x1c1c0</load_address>
         <run_address>0x1c1c0</run_address>
         <size>0x101</size>
         <input_file_ref idref="fl-105"/>
      </object_component>
      <object_component id="oc-552">
         <name>.const:.string:INVALID_OFFSET</name>
         <load_address>0x1c2c1</load_address>
         <run_address>0x1c2c1</run_address>
         <size>0x3</size>
         <input_file_ref idref="fl-f"/>
      </object_component>
      <object_component id="oc-67b">
         <name>.const:$P$T0$1</name>
         <load_address>0x1c2c4</load_address>
         <run_address>0x1c2c4</run_address>
         <size>0xb0</size>
         <input_file_ref idref="fl-20"/>
      </object_component>
      <object_component id="oc-2e9">
         <name>.const:g_pulRegs</name>
         <load_address>0x1c374</load_address>
         <run_address>0x1c374</run_address>
         <size>0x50</size>
         <input_file_ref idref="fl-30"/>
      </object_component>
      <object_component id="oc-2df">
         <name>.const</name>
         <load_address>0x1c3c4</load_address>
         <run_address>0x1c3c4</run_address>
         <size>0x40</size>
         <input_file_ref idref="fl-30"/>
      </object_component>
      <object_component id="oc-79a">
         <name>.const:_SlActionLookupTable</name>
         <load_address>0x1c404</load_address>
         <run_address>0x1c404</run_address>
         <size>0x38</size>
         <input_file_ref idref="fl-18"/>
      </object_component>
      <object_component id="oc-4e6">
         <name>.const:$P$T0$1</name>
         <load_address>0x1c43c</load_address>
         <run_address>0x1c43c</run_address>
         <size>0x2c</size>
         <input_file_ref idref="fl-16"/>
      </object_component>
      <object_component id="oc-426">
         <name>.const:backChannelUart115200Config</name>
         <load_address>0x1c468</load_address>
         <run_address>0x1c468</run_address>
         <size>0x24</size>
         <input_file_ref idref="fl-8"/>
      </object_component>
      <object_component id="oc-4e9">
         <name>.const:$P$T1$2</name>
         <load_address>0x1c48c</load_address>
         <run_address>0x1c48c</run_address>
         <size>0x14</size>
         <input_file_ref idref="fl-16"/>
      </object_component>
      <object_component id="oc-4ec">
         <name>.const:$P$T2$3</name>
         <load_address>0x1c4a0</load_address>
         <run_address>0x1c4a0</run_address>
         <size>0xc</size>
         <input_file_ref idref="fl-16"/>
      </object_component>
      <object_component id="oc-555">
         <name>.const:yas532_version_ac_coef</name>
         <load_address>0x1c4ac</load_address>
         <run_address>0x1c4ac</run_address>
         <size>0xc</size>
         <input_file_ref idref="fl-f"/>
      </object_component>
      <object_component id="oc-794">
         <name>.const:g_H2NCnysPattern</name>
         <load_address>0x1c4b8</load_address>
         <run_address>0x1c4b8</run_address>
         <size>0x8</size>
         <input_file_ref idref="fl-18"/>
      </object_component>
      <object_component id="oc-791">
         <name>.const:g_H2NSyncPattern</name>
         <load_address>0x1c4c0</load_address>
         <run_address>0x1c4c0</run_address>
         <size>0x8</size>
         <input_file_ref idref="fl-18"/>
      </object_component>
      <object_component id="oc-559">
         <name>.const:v_calib_data$2</name>
         <load_address>0x1c4c8</load_address>
         <run_address>0x1c4c8</run_address>
         <size>0x8</size>
         <input_file_ref idref="fl-f"/>
      </object_component>
      <object_component id="oc-404">
         <name>.const:.string:$P$T0$1</name>
         <load_address>0x1c4d0</load_address>
         <run_address>0x1c4d0</run_address>
         <size>0x5</size>
         <input_file_ref idref="fl-e"/>
      </object_component>
      <object_component id="oc-558">
         <name>.const:.string:v_correct_u8$1</name>
         <load_address>0x1c4d5</load_address>
         <run_address>0x1c4d5</run_address>
         <size>0x5</size>
         <input_file_ref idref="fl-f"/>
      </object_component>
      <object_component id="oc-797">
         <name>.const:$P$T0$1</name>
         <load_address>0x1c4da</load_address>
         <run_address>0x1c4da</run_address>
         <size>0x4</size>
         <input_file_ref idref="fl-18"/>
      </object_component>
      <object_component id="oc-6d1">
         <name>.const:$P$T0$1</name>
         <load_address>0x1c4de</load_address>
         <run_address>0x1c4de</run_address>
         <size>0x4</size>
         <input_file_ref idref="fl-1b"/>
      </object_component>
      <object_component id="oc-61a">
         <name>.const:$P$T0$1</name>
         <load_address>0x1c4e2</load_address>
         <run_address>0x1c4e2</run_address>
         <size>0x4</size>
         <input_file_ref idref="fl-1e"/>
      </object_component>
      <object_component id="oc-61d">
         <name>.const:$P$T1$2</name>
         <load_address>0x1c4e6</load_address>
         <run_address>0x1c4e6</run_address>
         <size>0x4</size>
         <input_file_ref idref="fl-1e"/>
      </object_component>
      <object_component id="oc-67e">
         <name>.const:$P$T1$2</name>
         <load_address>0x1c4ea</load_address>
         <run_address>0x1c4ea</run_address>
         <size>0x4</size>
         <input_file_ref idref="fl-20"/>
      </object_component>
      <object_component id="oc-623">
         <name>.const:$P$T2$3</name>
         <load_address>0x1c4ee</load_address>
         <run_address>0x1c4ee</run_address>
         <size>0x4</size>
         <input_file_ref idref="fl-1e"/>
      </object_component>
      <object_component id="oc-687">
         <name>.const:$P$T2$3</name>
         <load_address>0x1c4f2</load_address>
         <run_address>0x1c4f2</run_address>
         <size>0x4</size>
         <input_file_ref idref="fl-20"/>
      </object_component>
      <object_component id="oc-69c">
         <name>.const:$P$T3$4</name>
         <load_address>0x1c4f6</load_address>
         <run_address>0x1c4f6</run_address>
         <size>0x4</size>
         <input_file_ref idref="fl-20"/>
      </object_component>
      <object_component id="oc-62f">
         <name>.const:_SlAcceptCmdCtrl</name>
         <load_address>0x1c4fa</load_address>
         <run_address>0x1c4fa</run_address>
         <size>0x4</size>
         <input_file_ref idref="fl-1e"/>
      </object_component>
      <object_component id="oc-665">
         <name>.const:_SlDeviceGetCmdCtrl</name>
         <load_address>0x1c4fe</load_address>
         <run_address>0x1c4fe</run_address>
         <size>0x4</size>
         <input_file_ref idref="fl-17"/>
      </object_component>
      <object_component id="oc-668">
         <name>.const:_SlDeviceSetCmdCtrl</name>
         <load_address>0x1c502</load_address>
         <run_address>0x1c502</run_address>
         <size>0x4</size>
         <input_file_ref idref="fl-17"/>
      </object_component>
      <object_component id="oc-662">
         <name>.const:_SlEventMaskGetCmdCtrl</name>
         <load_address>0x1c506</load_address>
         <run_address>0x1c506</run_address>
         <size>0x4</size>
         <input_file_ref idref="fl-17"/>
      </object_component>
      <object_component id="oc-65f">
         <name>.const:_SlEventMaskSetCmdCtrl</name>
         <load_address>0x1c50a</load_address>
         <run_address>0x1c50a</run_address>
         <size>0x4</size>
         <input_file_ref idref="fl-17"/>
      </object_component>
      <object_component id="oc-6ce">
         <name>.const:_SlGetHostByNameCtrl</name>
         <load_address>0x1c50e</load_address>
         <run_address>0x1c50e</run_address>
         <size>0x4</size>
         <input_file_ref idref="fl-1b"/>
      </object_component>
      <object_component id="oc-6cb">
         <name>.const:_SlGetHostByServiceCtrl</name>
         <load_address>0x1c512</load_address>
         <run_address>0x1c512</run_address>
         <size>0x4</size>
         <input_file_ref idref="fl-1b"/>
      </object_component>
      <object_component id="oc-6c5">
         <name>.const:_SlGetServiceListeCtrl</name>
         <load_address>0x1c516</load_address>
         <run_address>0x1c516</run_address>
         <size>0x4</size>
         <input_file_ref idref="fl-1b"/>
      </object_component>
      <object_component id="oc-638">
         <name>.const:_SlGetSockOptCmdCtrl</name>
         <load_address>0x1c51a</load_address>
         <run_address>0x1c51a</run_address>
         <size>0x4</size>
         <input_file_ref idref="fl-1e"/>
      </object_component>
      <object_component id="oc-62c">
         <name>.const:_SlListenCmdCtrl</name>
         <load_address>0x1c51e</load_address>
         <run_address>0x1c51e</run_address>
         <size>0x4</size>
         <input_file_ref idref="fl-1e"/>
      </object_component>
      <object_component id="oc-6da">
         <name>.const:_SlNetAppGetCmdCtrl</name>
         <load_address>0x1c522</load_address>
         <run_address>0x1c522</run_address>
         <size>0x4</size>
         <input_file_ref idref="fl-1b"/>
      </object_component>
      <object_component id="oc-6d7">
         <name>.const:_SlNetAppSendTokenValueCmdCtrl</name>
         <load_address>0x1c526</load_address>
         <run_address>0x1c526</run_address>
         <size>0x4</size>
         <input_file_ref idref="fl-1b"/>
      </object_component>
      <object_component id="oc-6d4">
         <name>.const:_SlNetAppSetCmdCtrl</name>
         <load_address>0x1c52a</load_address>
         <run_address>0x1c52a</run_address>
         <size>0x4</size>
         <input_file_ref idref="fl-1b"/>
      </object_component>
      <object_component id="oc-6bf">
         <name>.const:_SlNetAppStartCtrl</name>
         <load_address>0x1c52e</load_address>
         <run_address>0x1c52e</run_address>
         <size>0x4</size>
         <input_file_ref idref="fl-1b"/>
      </object_component>
      <object_component id="oc-6c2">
         <name>.const:_SlNetAppStopCtrl</name>
         <load_address>0x1c532</load_address>
         <run_address>0x1c532</run_address>
         <size>0x4</size>
         <input_file_ref idref="fl-1b"/>
      </object_component>
      <object_component id="oc-6b5">
         <name>.const:_SlNetCfgGetCmdCtrl</name>
         <load_address>0x1c536</load_address>
         <run_address>0x1c536</run_address>
         <size>0x4</size>
         <input_file_ref idref="fl-1c"/>
      </object_component>
      <object_component id="oc-6b2">
         <name>.const:_SlNetCfgSetCmdCtrl</name>
         <load_address>0x1c53a</load_address>
         <run_address>0x1c53a</run_address>
         <size>0x4</size>
         <input_file_ref idref="fl-1c"/>
      </object_component>
      <object_component id="oc-684">
         <name>.const:_SlPolicyGetCmdCtrl</name>
         <load_address>0x1c53e</load_address>
         <run_address>0x1c53e</run_address>
         <size>0x4</size>
         <input_file_ref idref="fl-20"/>
      </object_component>
      <object_component id="oc-681">
         <name>.const:_SlPolicySetCmdCtrl</name>
         <load_address>0x1c542</load_address>
         <run_address>0x1c542</run_address>
         <size>0x4</size>
         <input_file_ref idref="fl-20"/>
      </object_component>
      <object_component id="oc-68d">
         <name>.const:_SlProfileDelCmdCtrl</name>
         <load_address>0x1c546</load_address>
         <run_address>0x1c546</run_address>
         <size>0x4</size>
         <input_file_ref idref="fl-20"/>
      </object_component>
      <object_component id="oc-68a">
         <name>.const:_SlProfileGetCmdCtrl</name>
         <load_address>0x1c54a</load_address>
         <run_address>0x1c54a</run_address>
         <size>0x4</size>
         <input_file_ref idref="fl-20"/>
      </object_component>
      <object_component id="oc-632">
         <name>.const:_SlRecvCmdCtrl</name>
         <load_address>0x1c54e</load_address>
         <run_address>0x1c54e</run_address>
         <size>0x4</size>
         <input_file_ref idref="fl-1e"/>
      </object_component>
      <object_component id="oc-620">
         <name>.const:_SlRecvfomCmdCtrl</name>
         <load_address>0x1c552</load_address>
         <run_address>0x1c552</run_address>
         <size>0x4</size>
         <input_file_ref idref="fl-1e"/>
      </object_component>
      <object_component id="oc-6c8">
         <name>.const:_SlRegisterServiceCtrl</name>
         <load_address>0x1c556</load_address>
         <run_address>0x1c556</run_address>
         <size>0x4</size>
         <input_file_ref idref="fl-1b"/>
      </object_component>
      <object_component id="oc-693">
         <name>.const:_SlRxFilterAddtCmdCtrl</name>
         <load_address>0x1c55a</load_address>
         <run_address>0x1c55a</run_address>
         <size>0x4</size>
         <input_file_ref idref="fl-20"/>
      </object_component>
      <object_component id="oc-699">
         <name>.const:_SlRxFilterGetCmdCtrl</name>
         <load_address>0x1c55e</load_address>
         <run_address>0x1c55e</run_address>
         <size>0x4</size>
         <input_file_ref idref="fl-20"/>
      </object_component>
      <object_component id="oc-696">
         <name>.const:_SlRxFilterSetCmdCtrl</name>
         <load_address>0x1c562</load_address>
         <run_address>0x1c562</run_address>
         <size>0x4</size>
         <input_file_ref idref="fl-20"/>
      </object_component>
      <object_component id="oc-63b">
         <name>.const:_SlSelectCmdCtrl</name>
         <load_address>0x1c566</load_address>
         <run_address>0x1c566</run_address>
         <size>0x4</size>
         <input_file_ref idref="fl-1e"/>
      </object_component>
      <object_component id="oc-629">
         <name>.const:_SlSendCmdCtrl</name>
         <load_address>0x1c56a</load_address>
         <run_address>0x1c56a</run_address>
         <size>0x4</size>
         <input_file_ref idref="fl-1e"/>
      </object_component>
      <object_component id="oc-635">
         <name>.const:_SlSetSockOptCmdCtrl</name>
         <load_address>0x1c56e</load_address>
         <run_address>0x1c56e</run_address>
         <size>0x4</size>
         <input_file_ref idref="fl-1e"/>
      </object_component>
      <object_component id="oc-69f">
         <name>.const:_SlSmartConfigStartCmdCtrl</name>
         <load_address>0x1c572</load_address>
         <run_address>0x1c572</run_address>
         <size>0x4</size>
         <input_file_ref idref="fl-20"/>
      </object_component>
      <object_component id="oc-617">
         <name>.const:_SlSockCloseCmdCtrl</name>
         <load_address>0x1c576</load_address>
         <run_address>0x1c576</run_address>
         <size>0x4</size>
         <input_file_ref idref="fl-1e"/>
      </object_component>
      <object_component id="oc-614">
         <name>.const:_SlSockSocketCmdCtrl</name>
         <load_address>0x1c57a</load_address>
         <run_address>0x1c57a</run_address>
         <size>0x4</size>
         <input_file_ref idref="fl-1e"/>
      </object_component>
      <object_component id="oc-65c">
         <name>.const:_SlStopCmdCtrl</name>
         <load_address>0x1c57e</load_address>
         <run_address>0x1c57e</run_address>
         <size>0x4</size>
         <input_file_ref idref="fl-17"/>
      </object_component>
      <object_component id="oc-6a8">
         <name>.const:_SlWlanCfgGetCmdCtrl</name>
         <load_address>0x1c582</load_address>
         <run_address>0x1c582</run_address>
         <size>0x4</size>
         <input_file_ref idref="fl-20"/>
      </object_component>
      <object_component id="oc-6a5">
         <name>.const:_SlWlanCfgSetCmdCtrl</name>
         <load_address>0x1c586</load_address>
         <run_address>0x1c586</run_address>
         <size>0x4</size>
         <input_file_ref idref="fl-20"/>
      </object_component>
      <object_component id="oc-690">
         <name>.const:_SlWlanGetNetworkListCtrl</name>
         <load_address>0x1c58a</load_address>
         <run_address>0x1c58a</run_address>
         <size>0x4</size>
         <input_file_ref idref="fl-20"/>
      </object_component>
      <object_component id="oc-6a2">
         <name>.const:_SlWlanSetModeCmdCtrl</name>
         <load_address>0x1c58e</load_address>
         <run_address>0x1c58e</run_address>
         <size>0x4</size>
         <input_file_ref idref="fl-20"/>
      </object_component>
      <object_component id="oc-90b">
         <name>.cinit..data.load</name>
         <load_address>0x1c598</load_address>
         <run_address>0x1c598</run_address>
         <size>0x67</size>
      </object_component>
      <object_component id="oc-909">
         <name>__TI_handler_table</name>
         <load_address>0x1c600</load_address>
         <run_address>0x1c600</run_address>
         <size>0xc</size>
      </object_component>
      <object_component id="oc-90c">
         <name>.cinit..bss.load</name>
         <load_address>0x1c610</load_address>
         <run_address>0x1c610</run_address>
         <size>0x8</size>
      </object_component>
      <object_component id="oc-90a">
         <name>__TI_cinit_table</name>
         <load_address>0x1c618</load_address>
         <run_address>0x1c618</run_address>
         <size>0x10</size>
      </object_component>
      <object_component id="oc-8de">
         <name>.binit</name>
         <load_address>0x0</load_address>
         <run_address>0x0</run_address>
         <size>0x0</size>
      </object_component>
      <object_component id="oc-39c">
         <name>.data:playerColors</name>
         <load_address>0x2000cfa0</load_address>
         <run_address>0x2000cfa0</run_address>
         <size>0x8</size>
         <input_file_ref idref="fl-2"/>
      </object_component>
      <object_component id="oc-39f">
         <name>.data:initialVeloX</name>
         <load_address>0x2000cfac</load_address>
         <run_address>0x2000cfac</run_address>
         <size>0x4</size>
         <input_file_ref idref="fl-2"/>
      </object_component>
      <object_component id="oc-3a2">
         <name>.data:initialVeloY</name>
         <load_address>0x2000cfb0</load_address>
         <run_address>0x2000cfb0</run_address>
         <size>0x4</size>
         <input_file_ref idref="fl-2"/>
      </object_component>
      <object_component id="oc-3a5">
         <name>.data:initialX</name>
         <load_address>0x2000cf90</load_address>
         <run_address>0x2000cf90</run_address>
         <size>0x8</size>
         <input_file_ref idref="fl-2"/>
      </object_component>
      <object_component id="oc-3a8">
         <name>.data:initialY</name>
         <load_address>0x2000cf98</load_address>
         <run_address>0x2000cf98</run_address>
         <size>0x8</size>
         <input_file_ref idref="fl-2"/>
      </object_component>
[...]
      </symbol>
      <symbol id="sm-19d4">
         <name>I2C_setSlaveAddress</name>
         <value>0x1bbc3</value>
         <object_component_ref idref="oc-165"/>
      </symbol>
      <symbol id="sm-19d5">
         <name>I2C_initMaster</name>
         <value>0x1b485</value>
         <object_component_ref idref="oc-15f"/>
      </symbol>
      <symbol id="sm-19d6">
         <name>I2C_enableInterrupt</name>
         <value>0x1bb77</value>
         <object_component_ref idref="oc-171"/>
      </symbol>
      <symbol id="sm-19d7">
         <name>I2C_disableModule</name>
         <value>0x1bb23</value>
         <object_component_ref idref="oc-159"/>
      </symbol>
      <symbol id="sm-1a2b">
         <name>Interrupt_disableInterrupt</name>
         <value>0x1ae5d</value>
         <object_component_ref idref="oc-117"/>
      </symbol>
      <symbol id="sm-1a2c">
         <name>Interrupt_setPriority</name>
         <value>0x1b809</value>
         <object_component_ref idref="oc-10b"/>
      </symbol>
      <symbol id="sm-1a2d">
         <name>Interrupt_enableMaster</name>
         <value>0x1ba91</value>
         <object_component_ref idref="oc-111"/>
      </symbol>
      <symbol id="sm-1a2e">
         <name>Interrupt_enableInterrupt</name>
         <value>0x1aec1</value>
         <object_component_ref idref="oc-105"/>
      </symbol>
      <symbol id="sm-1af3">
         <name>PCM_setCoreVoltageLevel</name>
         <value>0x1bb7f</value>
         <object_component_ref idref="oc-2bc"/>
      </symbol>
      <symbol id="sm-1af4">
         <name>PCM_getCoreVoltageLevel</name>
         <value>0x1b6cf</value>
         <object_component_ref idref="oc-5c0"/>
      </symbol>
      <symbol id="sm-1af5">
         <name>PCM_shutdownDevice</name>
         <value>0x1b085</value>
         <object_component_ref idref="oc-470"/>
      </symbol>
      <symbol id="sm-1af6">
         <name>PCM_setPowerState</name>
         <value>0x1bb8f</value>
         <object_component_ref idref="oc-12f"/>
      </symbol>
      <symbol id="sm-1af7">
         <name>PCM_getPowerMode</name>
         <value>0x1b6fb</value>
         <object_component_ref idref="oc-5ba"/>
      </symbol>
      <symbol id="sm-1af8">
         <name>PCM_getPowerState</name>
         <value>0x1bb3d</value>
         <object_component_ref idref="oc-45e"/>
      </symbol>
      <symbol id="sm-1af9">
         <name>PCM_gotoLPM4</name>
         <value>0x1baa1</value>
         <object_component_ref idref="oc-46a"/>
      </symbol>
      <symbol id="sm-1afa">
         <name>PCM_gotoLPM3</name>
         <value>0x1aad9</value>
         <object_component_ref idref="oc-464"/>
      </symbol>
      <symbol id="sm-1afb">
         <name>PCM_gotoLPM0</name>
         <value>0x1b74d</value>
         <object_component_ref idref="oc-47c"/>
      </symbol>
      <symbol id="sm-1afc">
         <name>PCM_setPowerMode</name>
         <value>0x1bb87</value>
         <object_component_ref idref="oc-5c6"/>
      </symbol>
      <symbol id="sm-1b09">
         <name>RTC_C_holdClock</name>
         <value>0x1b82d</value>
         <object_component_ref idref="oc-5ee"/>
      </symbol>
      <symbol id="sm-1b3c">
         <name>SysCtl_getNMISourceStatus</name>
         <value>0x1bb49</value>
         <object_component_ref idref="oc-5cd"/>
      </symbol>
      <symbol id="sm-1b3d">
         <name>SysCtl_enableNMISource</name>
         <value>0x1bac1</value>
         <object_component_ref idref="oc-5df"/>
      </symbol>
      <symbol id="sm-1b3e">
         <name>SysCtl_disableNMISource</name>
         <value>0x1bab1</value>
         <object_component_ref idref="oc-5d3"/>
      </symbol>
      <symbol id="sm-1b3f">
         <name>SysCtl_getTLVInfo</name>
         <value>0x1b0d5</value>
         <object_component_ref idref="oc-601"/>
      </symbol>
      <symbol id="sm-1b6e">
         <name>UART_enableModule</name>
         <value>0x1bb55</value>
         <object_component_ref idref="oc-41a"/>
      </symbol>
      <symbol id="sm-1b6f">
         <name>UART_transmitData</name>
         <value>0x1b851</value>
         <object_component_ref idref="oc-408"/>
      </symbol>
      <symbol id="sm-1b70">
         <name>UART_initModule</name>
         <value>0x1a7a5</value>
         <object_component_ref idref="oc-414"/>
      </symbol>
      <symbol id="sm-1b86">
         <name>WDT_A_clearTimer</name>
         <value>0x1b96d</value>
         <object_component_ref idref="oc-285"/>
      </symbol>
      <symbol id="sm-1b87">
         <name>WDT_A_holdTimer</name>
         <value>0x1b985</value>
         <object_component_ref idref="oc-28b"/>
      </symbol>
      <symbol id="sm-1b99">
         <name>CPU_wfi</name>
         <value>0x1bbbf</value>
         <object_component_ref idref="oc-5e7"/>
      </symbol>
      <symbol id="sm-1b9a">
         <name>CPU_cpsie</name>
         <value>0x1bb17</value>
         <object_component_ref idref="oc-2ed"/>
      </symbol>
      <symbol id="sm-1bae">
         <name>__aeabi_ddiv</name>
         <value>0x197b9</value>
         <object_component_ref idref="oc-382"/>
      </symbol>
      <symbol id="sm-1bb9">
         <name>__aeabi_dmul</name>
         <value>0x1a077</value>
         <object_component_ref idref="oc-387"/>
      </symbol>
      <symbol id="sm-1bc5">
         <name>__aeabi_d2f</name>
         <value>0x1acaf</value>
         <object_component_ref idref="oc-38c"/>
      </symbol>
      <symbol id="sm-1bce">
         <name>__aeabi_lmul</name>
         <value>0x1b9b5</value>
         <object_component_ref idref="oc-568"/>
      </symbol>
      <symbol id="sm-1be9">
         <name>memcpy</name>
         <value>0x1a671</value>
         <object_component_ref idref="oc-34"/>
      </symbol>
      <symbol id="sm-1bea">
         <name>__aeabi_memcpy</name>
         <value>0x1a671</value>
         <object_component_ref idref="oc-34"/>
      </symbol>
      <symbol id="sm-1beb">
         <name>__aeabi_memcpy8</name>
         <value>0x1a671</value>
         <object_component_ref idref="oc-34"/>
      </symbol>
      <symbol id="sm-1bec">
         <name>__aeabi_memcpy4</name>
         <value>0x1a671</value>
         <object_component_ref idref="oc-34"/>
      </symbol>
      <symbol id="sm-1bf6">
         <name>__aeabi_ui2d</name>
         <value>0x1b8b5</value>
         <object_component_ref idref="oc-37d"/>
      </symbol>
      <symbol id="sm-1c04">
         <name>__aeabi_ldivmod</name>
         <value>0x1ad1d</value>
         <object_component_ref idref="oc-56d"/>
      </symbol>
      <symbol id="sm-1c11">
         <name>__aeabi_uldivmod</name>
         <value>0x1a70d</value>
         <object_component_ref idref="oc-71e"/>
      </symbol>
      <symbol id="sm-1c20">
         <name>__aeabi_memset</name>
         <value>0x1ab57</value>
         <object_component_ref idref="oc-a1"/>
      </symbol>
      <symbol id="sm-1c21">
         <name>memset</name>
         <value>0x1ab5d</value>
         <object_component_ref idref="oc-a1"/>
      </symbol>
      <symbol id="sm-1c22">
         <name>__aeabi_memset8</name>
         <value>0x1ab57</value>
         <object_component_ref idref="oc-a1"/>
      </symbol>
      <symbol id="sm-1c23">
         <name>__aeabi_memset4</name>
         <value>0x1ab57</value>
         <object_component_ref idref="oc-a1"/>
      </symbol>
      <symbol id="sm-1c24">
         <name>__aeabi_memclr8</name>
         <value>0x1ab55</value>
         <object_component_ref idref="oc-a1"/>
      </symbol>
      <symbol id="sm-1c25">
         <name>__aeabi_memclr4</name>
         <value>0x1ab55</value>
         <object_component_ref idref="oc-a1"/>
      </symbol>
      <symbol id="sm-1c26">
         <name>__aeabi_memclr</name>
         <value>0x1ab55</value>
         <object_component_ref idref="oc-a1"/>
      </symbol>
      <symbol id="sm-1c38">
         <name>__TI_zero_init</name>
         <value>0x1bb61</value>
         <object_component_ref idref="oc-46"/>
      </symbol>
      <symbol id="sm-1c4f">
         <name>__TI_decompress_none</name>
         <value>0x1bafb</value>
         <object_component_ref idref="oc-1a"/>
      </symbol>
      <symbol id="sm-1c72">
         <name>__TI_decompress_lzss</name>
         <value>0x1adf5</value>
         <object_component_ref idref="oc-14"/>
      </symbol>
      <symbol id="sm-1c85">
         <name>__stack</name>
         <value>0x2000fe00</value>
         <object_component_ref idref="oc-26"/>
      </symbol>
      <symbol id="sm-1c86">
         <name>_c_int00_noargs</name>
         <value>0x1b575</value>
         <object_component_ref idref="oc-52"/>
      </symbol>
      <symbol id="sm-1c91">
         <name>C$$EXIT</name>
         <value>0x1bbcb</value>
         <object_component_ref idref="oc-202"/>
      </symbol>
      <symbol id="sm-1c92">
         <name>abort</name>
         <value>0x1bbcb</value>
         <object_component_ref idref="oc-202"/>
      </symbol>
      <symbol id="sm-1cc3">
         <name>snprintf</name>
         <value>0x1b255</value>
         <object_component_ref idref="oc-420"/>
      </symbol>
      <symbol id="sm-1cd1">
         <name>strcpy</name>
         <value>0x1ba35</value>
         <object_component_ref idref="oc-e4"/>
      </symbol>
      <symbol id="sm-1cdf">
         <name>strlen</name>
         <value>0x1ba49</value>
         <object_component_ref idref="oc-4e0"/>
      </symbol>
      <symbol id="sm-1ce9">
         <name>__aeabi_idiv0</name>
         <value>0x15a23</value>
         <object_component_ref idref="oc-719"/>
      </symbol>
      <symbol id="sm-1cea">
         <name>__aeabi_ldiv0</name>
         <value>0x15a23</value>
         <object_component_ref idref="oc-719"/>
      </symbol>
      <symbol id="sm-1d12">
         <name>__TI_auto_init_nobinit_nopinit</name>
         <value>0x1b3c1</value>
         <object_component_ref idref="oc-20e"/>
      </symbol>
      <symbol id="sm-1d1c">
         <name>_system_pre_init</name>
         <value>0x1bbc7</value>
         <object_component_ref idref="oc-a7"/>
      </symbol>
      <symbol id="sm-1e82">
         <name>__TI_printfi</name>
         <value>0x14fc5</value>
         <object_component_ref idref="oc-582"/>
      </symbol>
      <symbol id="sm-1e98">
         <name>atoi</name>
         <value>0x1b209</value>
         <object_component_ref idref="oc-72d"/>
      </symbol>
      <symbol id="sm-1ea3">
         <name>_ctypes_</name>
         <value>0x1c1c0</value>
         <object_component_ref idref="oc-822"/>
      </symbol>
      <symbol id="sm-1eb2">
         <name>ltoa</name>
         <value>0x1afdf</value>
         <object_component_ref idref="oc-833"/>
      </symbol>
      <symbol id="sm-1ec2">
         <name>memccpy</name>
         <value>0x1b8f1</value>
         <object_component_ref idref="oc-756"/>
      </symbol>
      <symbol id="sm-1ed2">
         <name>strchr</name>
         <value>0x1b9cd</value>
         <object_component_ref idref="oc-86a"/>
      </symbol>
      <symbol id="sm-1eeb">
         <name>wcslen</name>
         <value>0x1ba5d</value>
         <object_component_ref idref="oc-75c"/>
      </symbol>
      <symbol id="sm-1f0b">
         <name>frexpl</name>
         <value>0x1af25</value>
         <object_component_ref idref="oc-85e"/>
      </symbol>
      <symbol id="sm-1f0c">
         <name>frexp</name>
         <value>0x1af25</value>
         <object_component_ref idref="oc-85e"/>
      </symbol>
      <symbol id="sm-1f29">
         <name>scalbn</name>
         <value>0x19d65</value>
         <object_component_ref idref="oc-864"/>
      </symbol>
      <symbol id="sm-1f2a">
         <name>scalbnl</name>
         <value>0x19d65</value>
         <object_component_ref idref="oc-864"/>
      </symbol>
      <symbol id="sm-1f2b">
         <name>ldexpl</name>
         <value>0x19d65</value>
         <object_component_ref idref="oc-864"/>
      </symbol>
      <symbol id="sm-1f2c">
         <name>ldexp</name>
         <value>0x19d65</value>
         <object_component_ref idref="oc-864"/>
      </symbol>
      <symbol id="sm-1f43">
         <name>__aeabi_dsub</name>
         <value>0x191ad</value>
         <object_component_ref idref="oc-83e"/>
      </symbol>
      <symbol id="sm-1f44">
         <name>__aeabi_dadd</name>
         <value>0x191b7</value>
         <object_component_ref idref="oc-83e"/>
      </symbol>
      <symbol id="sm-1f66">
         <name>__aeabi_cdcmpeq</name>
         <value>0x1a8c9</value>
         <object_component_ref idref="oc-739"/>
      </symbol>
      <symbol id="sm-1f67">
         <name>__aeabi_cdcmple</name>
         <value>0x1a8c9</value>
         <object_component_ref idref="oc-739"/>
      </symbol>
      <symbol id="sm-1f68">
         <name>__aeabi_cdrcmple</name>
         <value>0x1a94f</value>
         <object_component_ref idref="oc-829"/>
      </symbol>
      <symbol id="sm-1f72">
         <name>__aeabi_d2iz</name>
         <value>0x1b379</value>
         <object_component_ref idref="oc-82e"/>
      </symbol>
      <symbol id="sm-1f7c">
         <name>__aeabi_i2d</name>
         <value>0x1b6a1</value>
         <object_component_ref idref="oc-839"/>
      </symbol>
      <symbol id="sm-1f92">
         <name>__aeabi_errno_addr</name>
         <value>0x1bb99</value>
         <object_component_ref idref="oc-762"/>
      </symbol>
      <symbol id="sm-1f93">
         <name>errno</name>
         <value>0x2000cfb4</value>
         <object_component_ref idref="oc-87a"/>
      </symbol>
      <symbol id="sm-1f9d">
         <name>copysign</name>
         <value>0x1ba21</value>
         <object_component_ref idref="oc-8b0"/>
      </symbol>
      <symbol id="sm-1f9e">
         <name>copysignl</name>
         <value>0x1ba21</value>
         <object_component_ref idref="oc-8b0"/>
      </symbol>
      <symbol id="sm-1f9f">
         <name>__TI_static_base__</name>
         <value>0x0</value>
      </symbol>
      <symbol id="sm-1fa2">
         <name>__mpu_init</name>
         <value>0x0</value>
      </symbol>
      <symbol id="sm-1fa3">
         <name>_system_post_cinit</name>
         <value>0x0</value>
      </symbol>
      <symbol id="sm-1fa4">
         <name>NMI_Handler</name>
         <value>0x1bb15</value>
      </symbol>
      <symbol id="sm-1fa5">
         <name>HardFault_Handler</name>
         <value>0x1bb15</value>
      </symbol>
      <symbol id="sm-1fa6">
         <name>MemManage_Handler</name>
         <value>0x1bb15</value>
      </symbol>
      <symbol id="sm-1fa7">
         <name>BusFault_Handler</name>
         <value>0x1bb15</value>
      </symbol>
      <symbol id="sm-1fa8">
         <name>UsageFault_Handler</name>
         <value>0x1bb15</value>
      </symbol>
      <symbol id="sm-1fa9">
         <name>SVC_Handler</name>
         <value>0x1bb15</value>
      </symbol>
      <symbol id="sm-1faa">
         <name>DebugMon_Handler</name>
         <value>0x1bb15</value>
      </symbol>
      <symbol id="sm-1fab">
         <name>PendSV_Handler</name>
         <value>0x1b147</value>
      </symbol>
      <symbol id="sm-1fac">
         <name>SysTick_Handler</name>
         <value>0x15b71</value>
      </symbol>
      <symbol id="sm-1fad">
         <name>PSS_IRQHandler</name>
         <value>0x1bb15</value>
      </symbol>
      <symbol id="sm-1fae">
         <name>CS_IRQHandler</name>
         <value>0x1bb15</value>
      </symbol>
      <symbol id="sm-1faf">
         <name>PCM_IRQHandler</name>
         <value>0x1bb15</value>
      </symbol>
      <symbol id="sm-1fb0">
         <name>WDT_A_IRQHandler</name>
         <value>0x1bb15</value>
      </symbol>
      <symbol id="sm-1fb1">
         <name>FPU_IRQHandler</name>
         <value>0x1bb15</value>
      </symbol>
      <symbol id="sm-1fb2">
         <name>FLCTL_IRQHandler</name>
         <value>0x1bb15</value>
      </symbol>
      <symbol id="sm-1fb3">
         <name>COMP_E0_IRQHandler</name>
         <value>0x1bb15</value>
      </symbol>
      <symbol id="sm-1fb4">
         <name>COMP_E1_IRQHandler</name>
         <value>0x1bb15</value>
      </symbol>
      <symbol id="sm-1fb5">
         <name>TA0_0_IRQHandler</name>
         <value>0x1bb15</value>
      </symbol>
      <symbol id="sm-1fb6">
         <name>TA0_N_IRQHandler</name>
         <value>0x1bb15</value>
      </symbol>
      <symbol id="sm-1fb7">
         <name>TA1_0_IRQHandler</name>
         <value>0x1bb15</value>
      </symbol>
      <symbol id="sm-1fb8">
         <name>TA1_N_IRQHandler</name>
         <value>0x1bb15</value>
      </symbol>
      <symbol id="sm-1fb9">
         <name>TA2_0_IRQHandler</name>
         <value>0x1bb15</value>
      </symbol>
      <symbol id="sm-1fba">
         <name>TA2_N_IRQHandler</name>
         <value>0x1bb15</value>
      </symbol>
      <symbol id="sm-1fbb">
         <name>TA3_0_IRQHandler</name>
         <value>0x1bb15</value>
      </symbol>
      <symbol id="sm-1fbc">
         <name>TA3_N_IRQHandler</name>
         <value>0x1bb15</value>
      </symbol>
      <symbol id="sm-1fbd">
         <name>EUSCIA0_IRQHandler</name>
         <value>0x17d91</value>
      </symbol>
      <symbol id="sm-1fbe">
         <name>EUSCIA1_IRQHandler</name>
         <value>0x1bb15</value>
      </symbol>
      <symbol id="sm-1fbf">
         <name>EUSCIA2_IRQHandler</name>
         <value>0x1bb15</value>
      </symbol>
      <symbol id="sm-1fc0">
         <name>EUSCIA3_IRQHandler</name>
         <value>0x1bb15</value>
      </symbol>
      <symbol id="sm-1fc1">
         <name>EUSCIB0_IRQHandler</name>
         <value>0x1bb15</value>
      </symbol>
      <symbol id="sm-1fc2">
         <name>EUSCIB1_IRQHandler</name>
         <value>0x179c9</value>
      </symbol>
      <symbol id="sm-1fc3">
         <name>EUSCIB2_IRQHandler</name>
         <value>0x1bb15</value>
      </symbol>
      <symbol id="sm-1fc4">
         <name>EUSCIB3_IRQHandler</name>
         <value>0x1bb15</value>
      </symbol>
      <symbol id="sm-1fc5">
         <name>ADC14_IRQHandler</name>
         <value>0x1bb15</value>
      </symbol>
      <symbol id="sm-1fc6">
         <name>T32_INT1_IRQHandler</name>
         <value>0x1bb15</value>
      </symbol>
      <symbol id="sm-1fc7">
         <name>T32_INT2_IRQHandler</name>
         <value>0x1bb15</value>
      </symbol>
      <symbol id="sm-1fc8">
         <name>T32_INTC_IRQHandler</name>
         <value>0x1bb15</value>
      </symbol>
      <symbol id="sm-1fc9">
         <name>AES256_IRQHandler</name>
         <value>0x1bb15</value>
      </symbol>
      <symbol id="sm-1fca">
         <name>RTC_C_IRQHandler</name>
         <value>0x1bb15</value>
      </symbol>
      <symbol id="sm-1fcb">
         <name>DMA_ERR_IRQHandler</name>
         <value>0x1bb15</value>
      </symbol>
      <symbol id="sm-1fcc">
         <name>DMA_INT3_IRQHandler</name>
         <value>0x1bb15</value>
      </symbol>
      <symbol id="sm-1fcd">
         <name>DMA_INT2_IRQHandler</name>
         <value>0x1bb15</value>
      </symbol>
      <symbol id="sm-1fce">
         <name>DMA_INT1_IRQHandler</name>
         <value>0x1bb15</value>
      </symbol>
      <symbol id="sm-1fcf">
         <name>DMA_INT0_IRQHandler</name>
         <value>0x1bb15</value>
      </symbol>
      <symbol id="sm-1fd0">
         <name>PORT1_IRQHandler</name>
         <value>0x17d41</value>
      </symbol>
      <symbol id="sm-1fd1">
         <name>PORT2_IRQHandler</name>
         <value>0x17d6b</value>
      </symbol>
      <symbol id="sm-1fd2">
         <name>PORT3_IRQHandler</name>
         <value>0x1bb15</value>
      </symbol>
      <symbol id="sm-1fd3">
         <name>PORT4_IRQHandler</name>
         <value>0x19b45</value>
      </symbol>
      <symbol id="sm-1fd4">
         <name>PORT5_IRQHandler</name>
         <value>0x1bb15</value>
      </symbol>
      <symbol id="sm-1fd5">
         <name>PORT6_IRQHandler</name>
         <value>0x1bb15</value>
      </symbol>
   </symbol_table>
   <title>Link successful</title>
</link_info>
